Archive member included to satisfy reference by file (symbol)

c:/ac6/systemworkbench/plugins/fr.ac6.mcu.externaltools.arm-none.win32_1.17.0.201812190825/tools/compiler/bin/../lib/gcc/arm-none-eabi/7.3.1/../../../../arm-none-eabi/lib/thumb/v7e-m/fpv4-sp/hard\libm.a(lib_a-s_cos.o)
                              src/main.o (cos)
c:/ac6/systemworkbench/plugins/fr.ac6.mcu.externaltools.arm-none.win32_1.17.0.201812190825/tools/compiler/bin/../lib/gcc/arm-none-eabi/7.3.1/../../../../arm-none-eabi/lib/thumb/v7e-m/fpv4-sp/hard\libm.a(lib_a-s_sin.o)
                              src/main.o (sin)
c:/ac6/systemworkbench/plugins/fr.ac6.mcu.externaltools.arm-none.win32_1.17.0.201812190825/tools/compiler/bin/../lib/gcc/arm-none-eabi/7.3.1/../../../../arm-none-eabi/lib/thumb/v7e-m/fpv4-sp/hard\libm.a(lib_a-e_rem_pio2.o)
                              c:/ac6/systemworkbench/plugins/fr.ac6.mcu.externaltools.arm-none.win32_1.17.0.201812190825/tools/compiler/bin/../lib/gcc/arm-none-eabi/7.3.1/../../../../arm-none-eabi/lib/thumb/v7e-m/fpv4-sp/hard\libm.a(lib_a-s_cos.o) (__ieee754_rem_pio2)
c:/ac6/systemworkbench/plugins/fr.ac6.mcu.externaltools.arm-none.win32_1.17.0.201812190825/tools/compiler/bin/../lib/gcc/arm-none-eabi/7.3.1/../../../../arm-none-eabi/lib/thumb/v7e-m/fpv4-sp/hard\libm.a(lib_a-k_cos.o)
                              c:/ac6/systemworkbench/plugins/fr.ac6.mcu.externaltools.arm-none.win32_1.17.0.201812190825/tools/compiler/bin/../lib/gcc/arm-none-eabi/7.3.1/../../../../arm-none-eabi/lib/thumb/v7e-m/fpv4-sp/hard\libm.a(lib_a-s_cos.o) (__kernel_cos)
c:/ac6/systemworkbench/plugins/fr.ac6.mcu.externaltools.arm-none.win32_1.17.0.201812190825/tools/compiler/bin/../lib/gcc/arm-none-eabi/7.3.1/../../../../arm-none-eabi/lib/thumb/v7e-m/fpv4-sp/hard\libm.a(lib_a-k_rem_pio2.o)
                              c:/ac6/systemworkbench/plugins/fr.ac6.mcu.externaltools.arm-none.win32_1.17.0.201812190825/tools/compiler/bin/../lib/gcc/arm-none-eabi/7.3.1/../../../../arm-none-eabi/lib/thumb/v7e-m/fpv4-sp/hard\libm.a(lib_a-e_rem_pio2.o) (__kernel_rem_pio2)
c:/ac6/systemworkbench/plugins/fr.ac6.mcu.externaltools.arm-none.win32_1.17.0.201812190825/tools/compiler/bin/../lib/gcc/arm-none-eabi/7.3.1/../../../../arm-none-eabi/lib/thumb/v7e-m/fpv4-sp/hard\libm.a(lib_a-k_sin.o)
                              c:/ac6/systemworkbench/plugins/fr.ac6.mcu.externaltools.arm-none.win32_1.17.0.201812190825/tools/compiler/bin/../lib/gcc/arm-none-eabi/7.3.1/../../../../arm-none-eabi/lib/thumb/v7e-m/fpv4-sp/hard\libm.a(lib_a-s_cos.o) (__kernel_sin)
c:/ac6/systemworkbench/plugins/fr.ac6.mcu.externaltools.arm-none.win32_1.17.0.201812190825/tools/compiler/bin/../lib/gcc/arm-none-eabi/7.3.1/../../../../arm-none-eabi/lib/thumb/v7e-m/fpv4-sp/hard\libm.a(lib_a-s_fabs.o)
                              c:/ac6/systemworkbench/plugins/fr.ac6.mcu.externaltools.arm-none.win32_1.17.0.201812190825/tools/compiler/bin/../lib/gcc/arm-none-eabi/7.3.1/../../../../arm-none-eabi/lib/thumb/v7e-m/fpv4-sp/hard\libm.a(lib_a-e_rem_pio2.o) (fabs)
c:/ac6/systemworkbench/plugins/fr.ac6.mcu.externaltools.arm-none.win32_1.17.0.201812190825/tools/compiler/bin/../lib/gcc/arm-none-eabi/7.3.1/../../../../arm-none-eabi/lib/thumb/v7e-m/fpv4-sp/hard\libm.a(lib_a-s_floor.o)
                              c:/ac6/systemworkbench/plugins/fr.ac6.mcu.externaltools.arm-none.win32_1.17.0.201812190825/tools/compiler/bin/../lib/gcc/arm-none-eabi/7.3.1/../../../../arm-none-eabi/lib/thumb/v7e-m/fpv4-sp/hard\libm.a(lib_a-k_rem_pio2.o) (floor)
c:/ac6/systemworkbench/plugins/fr.ac6.mcu.externaltools.arm-none.win32_1.17.0.201812190825/tools/compiler/bin/../lib/gcc/arm-none-eabi/7.3.1/../../../../arm-none-eabi/lib/thumb/v7e-m/fpv4-sp/hard\libm.a(lib_a-s_scalbn.o)
                              c:/ac6/systemworkbench/plugins/fr.ac6.mcu.externaltools.arm-none.win32_1.17.0.201812190825/tools/compiler/bin/../lib/gcc/arm-none-eabi/7.3.1/../../../../arm-none-eabi/lib/thumb/v7e-m/fpv4-sp/hard\libm.a(lib_a-k_rem_pio2.o) (scalbn)
c:/ac6/systemworkbench/plugins/fr.ac6.mcu.externaltools.arm-none.win32_1.17.0.201812190825/tools/compiler/bin/../lib/gcc/arm-none-eabi/7.3.1/../../../../arm-none-eabi/lib/thumb/v7e-m/fpv4-sp/hard\libm.a(lib_a-s_copysign.o)
                              c:/ac6/systemworkbench/plugins/fr.ac6.mcu.externaltools.arm-none.win32_1.17.0.201812190825/tools/compiler/bin/../lib/gcc/arm-none-eabi/7.3.1/../../../../arm-none-eabi/lib/thumb/v7e-m/fpv4-sp/hard\libm.a(lib_a-s_scalbn.o) (copysign)
c:/ac6/systemworkbench/plugins/fr.ac6.mcu.externaltools.arm-none.win32_1.17.0.201812190825/tools/compiler/bin/../lib/gcc/arm-none-eabi/7.3.1/thumb/v7e-m/fpv4-sp/hard\libgcc.a(_arm_addsubdf3.o)
                              libs/keys_int.o (__aeabi_dsub)
c:/ac6/systemworkbench/plugins/fr.ac6.mcu.externaltools.arm-none.win32_1.17.0.201812190825/tools/compiler/bin/../lib/gcc/arm-none-eabi/7.3.1/thumb/v7e-m/fpv4-sp/hard\libgcc.a(_arm_muldivdf3.o)
                              libs/delay.o (__aeabi_dmul)
[...]
Memory Configuration

Name             Origin             Length             Attributes
RAM              0x20000000         0x00020000         xrw
ROM              0x08000000         0x00100000         xr
*default*        0x00000000         0xffffffff

Linker script and memory map

LOAD c:/ac6/systemworkbench/plugins/fr.ac6.mcu.externaltools.arm-none.win32_1.17.0.201812190825/tools/compiler/bin/../lib/gcc/arm-none-eabi/7.3.1/thumb/v7e-m/fpv4-sp/hard/crti.o
LOAD c:/ac6/systemworkbench/plugins/fr.ac6.mcu.externaltools.arm-none.win32_1.17.0.201812190825/tools/compiler/bin/../lib/gcc/arm-none-eabi/7.3.1/thumb/v7e-m/fpv4-sp/hard/crtbegin.o
LOAD c:/ac6/systemworkbench/plugins/fr.ac6.mcu.externaltools.arm-none.win32_1.17.0.201812190825/tools/compiler/bin/../lib/gcc/arm-none-eabi/7.3.1/../../../../arm-none-eabi/lib/thumb/v7e-m/fpv4-sp/hard/crt0.o
LOAD StdPeriph_Driver/src/misc.o
LOAD StdPeriph_Driver/src/stm32f4xx_adc.o
LOAD StdPeriph_Driver/src/stm32f4xx_can.o
LOAD StdPeriph_Driver/src/stm32f4xx_cec.o
LOAD StdPeriph_Driver/src/stm32f4xx_crc.o
LOAD StdPeriph_Driver/src/stm32f4xx_cryp.o
LOAD StdPeriph_Driver/src/stm32f4xx_cryp_aes.o
LOAD StdPeriph_Driver/src/stm32f4xx_cryp_des.o
LOAD StdPeriph_Driver/src/stm32f4xx_cryp_tdes.o
LOAD StdPeriph_Driver/src/stm32f4xx_dac.o
LOAD StdPeriph_Driver/src/stm32f4xx_dbgmcu.o
LOAD StdPeriph_Driver/src/stm32f4xx_dcmi.o
LOAD StdPeriph_Driver/src/stm32f4xx_dfsdm.o
LOAD StdPeriph_Driver/src/stm32f4xx_dma.o
LOAD StdPeriph_Driver/src/stm32f4xx_dma2d.o
LOAD StdPeriph_Driver/src/stm32f4xx_dsi.o
LOAD StdPeriph_Driver/src/stm32f4xx_exti.o
LOAD StdPeriph_Driver/src/stm32f4xx_flash.o
LOAD StdPeriph_Driver/src/stm32f4xx_flash_ramfunc.o
LOAD StdPeriph_Driver/src/stm32f4xx_fmc.o
LOAD StdPeriph_Driver/src/stm32f4xx_fmip2c.o
LOAD StdPeriph_Driver/src/stm32f4xx_fsmc.o
LOAD StdPeriph_Driver/src/stm32f4xx_gpio.o
LOAD StdPeriph_Driver/src/stm32f4xx_hash.o
LOAD StdPeriph_Driver/src/stm32f4xx_hash_md5.o
LOAD StdPeriph_Driver/src/stm32f4xx_hash_sha1.o
LOAD StdPeriph_Driver/src/stm32f4xx_i2c.o
LOAD StdPeriph_Driver/src/stm32f4xx_iwdg.o
LOAD StdPeriph_Driver/src/stm32f4xx_lptim.o
LOAD StdPeriph_Driver/src/stm32f4xx_ltdc.o
LOAD StdPeriph_Driver/src/stm32f4xx_pwr.o
LOAD StdPeriph_Driver/src/stm32f4xx_qspi.o
LOAD StdPeriph_Driver/src/stm32f4xx_rcc.o
LOAD StdPeriph_Driver/src/stm32f4xx_rng.o
LOAD StdPeriph_Driver/src/stm32f4xx_rtc.o
LOAD StdPeriph_Driver/src/stm32f4xx_sai.o
LOAD StdPeriph_Driver/src/stm32f4xx_sdio.o
LOAD StdPeriph_Driver/src/stm32f4xx_spdifrx.o
LOAD StdPeriph_Driver/src/stm32f4xx_spi.o
LOAD StdPeriph_Driver/src/stm32f4xx_syscfg.o
LOAD StdPeriph_Driver/src/stm32f4xx_tim.o
LOAD StdPeriph_Driver/src/stm32f4xx_usart.o
LOAD StdPeriph_Driver/src/stm32f4xx_wwdg.o
LOAD libs/adc.o
LOAD libs/dac.o
LOAD libs/delay.o
LOAD libs/keys.o
LOAD libs/keys_int.o
LOAD libs/lcd.o
LOAD libs/leds.o
LOAD libs/pwm.o
LOAD libs/uart.o
LOAD src/main.o
LOAD src/syscalls.o
LOAD src/system_stm32f4xx.o
LOAD startup/startup_stm32.o
LOAD c:/ac6/systemworkbench/plugins/fr.ac6.mcu.externaltools.arm-none.win32_1.17.0.201812190825/tools/compiler/bin/../lib/gcc/arm-none-eabi/7.3.1/../../../../arm-none-eabi/lib/thumb/v7e-m/fpv4-sp/hard\libm.a
START GROUP
LOAD c:/ac6/systemworkbench/plugins/fr.ac6.mcu.externaltools.arm-none.win32_1.17.0.201812190825/tools/compiler/bin/../lib/gcc/arm-none-eabi/7.3.1/thumb/v7e-m/fpv4-sp/hard\libgcc.a
LOAD c:/ac6/systemworkbench/plugins/fr.ac6.mcu.externaltools.arm-none.win32_1.17.0.201812190825/tools/compiler/bin/../lib/gcc/arm-none-eabi/7.3.1/../../../../arm-none-eabi/lib/thumb/v7e-m/fpv4-sp/hard\libc.a
END GROUP
LOAD c:/ac6/systemworkbench/plugins/fr.ac6.mcu.externaltools.arm-none.win32_1.17.0.201812190825/tools/compiler/bin/../lib/gcc/arm-none-eabi/7.3.1/thumb/v7e-m/fpv4-sp/hard/crtend.o
LOAD c:/ac6/systemworkbench/plugins/fr.ac6.mcu.externaltools.arm-none.win32_1.17.0.201812190825/tools/compiler/bin/../lib/gcc/arm-none-eabi/7.3.1/thumb/v7e-m/fpv4-sp/hard/crtn.o
                0x20020000                _estack = 0x20020000
                0x00000000                _Min_Heap_Size = 0x0
                0x00000400                _Min_Stack_Size = 0x400

.isr_vector     0x08000000      0x1a8
                0x08000000                . = ALIGN (0x4)
 *(.isr_vector)
 .isr_vector    0x08000000      0x1a8 startup/startup_stm32.o
                0x08000000                g_pfnVectors
                0x080001a8                . = ALIGN (0x4)

.text           0x080001c0     0x9178
                0x080001c0                . = ALIGN (0x4)
 *(.text)
 .text          0x080001c0       0x40 c:/ac6/systemworkbench/plugins/fr.ac6.mcu.externaltools.arm-none.win32_1.17.0.201812190825/tools/compiler/bin/../lib/gcc/arm-none-eabi/7.3.1/thumb/v7e-m/fpv4-sp/hard/crtbegin.o
 .text          0x08000200      0x378 c:/ac6/systemworkbench/plugins/fr.ac6.mcu.externaltools.arm-none.win32_1.17.0.201812190825/tools/compiler/bin/../lib/gcc/arm-none-eabi/7.3.1/thumb/v7e-m/fpv4-sp/hard\libgcc.a(_arm_addsubdf3.o)
                0x08000200                __aeabi_drsub
                0x08000208                __aeabi_dsub
                0x08000208                __subdf3
                0x0800020c                __aeabi_dadd
                0x0800020c                __adddf3
                0x08000484                __floatunsidf
                0x08000484                __aeabi_ui2d
                0x080004a4                __floatsidf
                0x080004a4                __aeabi_i2d
                0x080004c8                __aeabi_f2d
                0x080004c8                __extendsfdf2
                0x0800050c                __floatundidf
                0x0800050c                __aeabi_ul2d
                0x0800051c                __floatdidf
                0x0800051c                __aeabi_l2d
 .text          0x08000578      0x424 c:/ac6/systemworkbench/plugins/fr.ac6.mcu.externaltools.arm-none.win32_1.17.0.201812190825/tools/compiler/bin/../lib/gcc/arm-none-eabi/7.3.1/thumb/v7e-m/fpv4-sp/hard\libgcc.a(_arm_muldivdf3.o)
                0x08000578                __aeabi_dmul
                0x08000578                __muldf3
                0x080007cc                __divdf3
                0x080007cc                __aeabi_ddiv
 .text          0x0800099c      0x110 c:/ac6/systemworkbench/plugins/fr.ac6.mcu.externaltools.arm-none.win32_1.17.0.201812190825/tools/compiler/bin/../lib/gcc/arm-none-eabi/7.3.1/thumb/v7e-m/fpv4-sp/hard\libgcc.a(_arm_cmpdf2.o)
                0x0800099c                __gtdf2
                0x0800099c                __gedf2
                0x080009a4                __ltdf2
                0x080009a4                __ledf2
                0x080009ac                __nedf2
                0x080009ac                __eqdf2
                0x080009ac                __cmpdf2
                0x08000a28                __aeabi_cdrcmple
                0x08000a38                __aeabi_cdcmpeq
                0x08000a38                __aeabi_cdcmple
                0x08000a48                __aeabi_dcmpeq
                0x08000a5c                __aeabi_dcmplt
                0x08000a70                __aeabi_dcmple
                0x08000a84                __aeabi_dcmpge
                0x08000a98                __aeabi_dcmpgt
 .text          0x08000aac       0x50 c:/ac6/systemworkbench/plugins/fr.ac6.mcu.externaltools.arm-none.win32_1.17.0.201812190825/tools/compiler/bin/../lib/gcc/arm-none-eabi/7.3.1/thumb/v7e-m/fpv4-sp/hard\libgcc.a(_arm_fixdfsi.o)
                0x08000aac                __aeabi_d2iz
                0x08000aac                __fixdfsi
 .text          0x08000afc       0x40 c:/ac6/systemworkbench/plugins/fr.ac6.mcu.externaltools.arm-none.win32_1.17.0.201812190825/tools/compiler/bin/../lib/gcc/arm-none-eabi/7.3.1/thumb/v7e-m/fpv4-sp/hard\libgcc.a(_arm_fixunsdfsi.o)
                0x08000afc                __aeabi_d2uiz
                0x08000afc                __fixunsdfsi
 .text          0x08000b3c       0xa0 c:/ac6/systemworkbench/plugins/fr.ac6.mcu.externaltools.arm-none.win32_1.17.0.201812190825/tools/compiler/bin/../lib/gcc/arm-none-eabi/7.3.1/thumb/v7e-m/fpv4-sp/hard\libgcc.a(_arm_truncdfsf2.o)
                0x08000b3c                __truncdfsf2
                0x08000b3c                __aeabi_d2f
 *fill*         0x08000bdc        0x4 
 .text          0x08000be0       0xa0 c:/ac6/systemworkbench/plugins/fr.ac6.mcu.externaltools.arm-none.win32_1.17.0.201812190825/tools/compiler/bin/../lib/gcc/arm-none-eabi/7.3.1/../../../../arm-none-eabi/lib/thumb/v7e-m/fpv4-sp/hard\libc.a(lib_a-memchr.o)
                0x08000be0                memchr
 .text          0x08000c80      0x134 c:/ac6/systemworkbench/plugins/fr.ac6.mcu.externaltools.arm-none.win32_1.17.0.201812190825/tools/compiler/bin/../lib/gcc/arm-none-eabi/7.3.1/../../../../arm-none-eabi/lib/thumb/v7e-m/fpv4-sp/hard\libc.a(lib_a-memcpy.o)
                0x08000c80                memcpy
 *fill*         0x08000db4        0xc 
 .text          0x08000dc0       0xdc c:/ac6/systemworkbench/plugins/fr.ac6.mcu.externaltools.arm-none.win32_1.17.0.201812190825/tools/compiler/bin/../lib/gcc/arm-none-eabi/7.3.1/../../../../arm-none-eabi/lib/thumb/v7e-m/fpv4-sp/hard\libc.a(lib_a-strlen.o)
                0x08000dc0                strlen
 .text          0x08000e9c       0x2c c:/ac6/systemworkbench/plugins/fr.ac6.mcu.externaltools.arm-none.win32_1.17.0.201812190825/tools/compiler/bin/../lib/gcc/arm-none-eabi/7.3.1/thumb/v7e-m/fpv4-sp/hard\libgcc.a(_arm_unorddf2.o)
                0x08000e9c                __unorddf2
                0x08000e9c                __aeabi_dcmpun
 .text          0x08000ec8       0x30 c:/ac6/systemworkbench/plugins/fr.ac6.mcu.externaltools.arm-none.win32_1.17.0.201812190825/tools/compiler/bin/../lib/gcc/arm-none-eabi/7.3.1/thumb/v7e-m/fpv4-sp/hard\libgcc.a(_aeabi_uldivmod.o)
                0x08000ec8                __aeabi_uldivmod
 .text          0x08000ef8      0x2cc c:/ac6/systemworkbench/plugins/fr.ac6.mcu.externaltools.arm-none.win32_1.17.0.201812190825/tools/compiler/bin/../lib/gcc/arm-none-eabi/7.3.1/thumb/v7e-m/fpv4-sp/hard\libgcc.a(_udivmoddi4.o)
                0x08000ef8                __udivmoddi4
 .text          0x080011c4        0x4 c:/ac6/systemworkbench/plugins/fr.ac6.mcu.externaltools.arm-none.win32_1.17.0.201812190825/tools/compiler/bin/../lib/gcc/arm-none-eabi/7.3.1/thumb/v7e-m/fpv4-sp/hard\libgcc.a(_dvmd_tls.o)
                0x080011c4                __aeabi_idiv0
                0x080011c4                __aeabi_ldiv0
 *(.text*)
 .text.NVIC_Init
                0x080011c8       0xc4 StdPeriph_Driver/src/misc.o
                0x080011c8                NVIC_Init
 .text.ADC_Init
                0x0800128c       0xac StdPeriph_Driver/src/stm32f4xx_adc.o
                0x0800128c                ADC_Init
 .text.ADC_CommonInit
                0x08001338       0x50 StdPeriph_Driver/src/stm32f4xx_adc.o
                0x08001338                ADC_CommonInit
 .text.ADC_Cmd  0x08001388       0x38 StdPeriph_Driver/src/stm32f4xx_adc.o
                0x08001388                ADC_Cmd
 .text.ADC_RegularChannelConfig
                0x080013c0      0x194 StdPeriph_Driver/src/stm32f4xx_adc.o
                0x080013c0                ADC_RegularChannelConfig
 .text.ADC_SoftwareStartConv
                0x08001554       0x20 StdPeriph_Driver/src/stm32f4xx_adc.o
                0x08001554                ADC_SoftwareStartConv
 .text.ADC_GetSoftwareStartConvStatus
                0x08001574       0x30 StdPeriph_Driver/src/stm32f4xx_adc.o
                0x08001574                ADC_GetSoftwareStartConvStatus
 .text.ADC_GetConversionValue
                0x080015a4       0x1a StdPeriph_Driver/src/stm32f4xx_adc.o
                0x080015a4                ADC_GetConversionValue
 *fill*         0x080015be        0x2 
 .text.DAC_Init
                0x080015c0       0x68 StdPeriph_Driver/src/stm32f4xx_dac.o
                0x080015c0                DAC_Init
 .text.DAC_Cmd  0x08001628       0x4c StdPeriph_Driver/src/stm32f4xx_dac.o
                0x08001628                DAC_Cmd
 .text.DAC_SetChannel1Data
                0x08001674       0x38 StdPeriph_Driver/src/stm32f4xx_dac.o
                0x08001674                DAC_SetChannel1Data
 .text.EXTI_Init
                0x080016ac       0xe4 StdPeriph_Driver/src/stm32f4xx_exti.o
                0x080016ac                EXTI_Init
 .text.EXTI_GetITStatus
                0x08001790       0x34 StdPeriph_Driver/src/stm32f4xx_exti.o
                0x08001790                EXTI_GetITStatus
 .text.EXTI_ClearITPendingBit
                0x080017c4       0x20 StdPeriph_Driver/src/stm32f4xx_exti.o
                0x080017c4                EXTI_ClearITPendingBit
 .text.GPIO_Init
                0x080017e4      0x11c StdPeriph_Driver/src/stm32f4xx_gpio.o
                0x080017e4                GPIO_Init
 .text.GPIO_ReadInputDataBit
                0x08001900       0x34 StdPeriph_Driver/src/stm32f4xx_gpio.o
                0x08001900                GPIO_ReadInputDataBit
 .text.GPIO_SetBits
                0x08001934       0x1e StdPeriph_Driver/src/stm32f4xx_gpio.o
                0x08001934                GPIO_SetBits
 .text.GPIO_ResetBits
                0x08001952       0x1e StdPeriph_Driver/src/stm32f4xx_gpio.o
                0x08001952                GPIO_ResetBits
 .text.GPIO_PinAFConfig
                0x08001970       0x92 StdPeriph_Driver/src/stm32f4xx_gpio.o
                0x08001970                GPIO_PinAFConfig
 *fill*         0x08001a02        0x2 
 .text.RCC_GetClocksFreq
                0x08001a04      0x150 StdPeriph_Driver/src/stm32f4xx_rcc.o
                0x08001a04                RCC_GetClocksFreq
 .text.RCC_AHB1PeriphClockCmd
                0x08001b54       0x40 StdPeriph_Driver/src/stm32f4xx_rcc.o
                0x08001b54                RCC_AHB1PeriphClockCmd
 .text.RCC_APB1PeriphClockCmd
                0x08001b94       0x40 StdPeriph_Driver/src/stm32f4xx_rcc.o
                0x08001b94                RCC_APB1PeriphClockCmd
 .text.RCC_APB2PeriphClockCmd
                0x08001bd4       0x40 StdPeriph_Driver/src/stm32f4xx_rcc.o
                0x08001bd4                RCC_APB2PeriphClockCmd
 .text.SYSCFG_EXTILineConfig
                0x08001c14       0x84 StdPeriph_Driver/src/stm32f4xx_syscfg.o
                0x08001c14                SYSCFG_EXTILineConfig
 .text.TIM_TimeBaseInit
                0x08001c98       0xd8 StdPeriph_Driver/src/stm32f4xx_tim.o
                0x08001c98                TIM_TimeBaseInit
 .text.TIM_Cmd  0x08001d70       0x40 StdPeriph_Driver/src/stm32f4xx_tim.o
                0x08001d70                TIM_Cmd
 .text.TIM_ITConfig
                0x08001db0       0x48 StdPeriph_Driver/src/stm32f4xx_tim.o
                0x08001db0                TIM_ITConfig
 .text.TIM_GetITStatus
                0x08001df8       0x54 StdPeriph_Driver/src/stm32f4xx_tim.o
                0x08001df8                TIM_GetITStatus
 .text.TIM_ClearITPendingBit
                0x08001e4c       0x22 StdPeriph_Driver/src/stm32f4xx_tim.o
                0x08001e4c                TIM_ClearITPendingBit
 *fill*         0x08001e6e        0x2 
 .text.USART_Init
                0x08001e70      0x174 StdPeriph_Driver/src/stm32f4xx_usart.o
                0x08001e70                USART_Init
 .text.USART_Cmd
                0x08001fe4       0x40 StdPeriph_Driver/src/stm32f4xx_usart.o
                0x08001fe4                USART_Cmd
 .text.USART_SendData
                0x08002024       0x24 StdPeriph_Driver/src/stm32f4xx_usart.o
                0x08002024                USART_SendData
 .text.USART_ITConfig
                0x08002048       0x90 StdPeriph_Driver/src/stm32f4xx_usart.o
                0x08002048                USART_ITConfig
 .text.USART_GetFlagStatus
                0x080020d8       0x38 StdPeriph_Driver/src/stm32f4xx_usart.o
                0x080020d8                USART_GetFlagStatus
 .text.USART_GetITStatus
                0x08002110       0xb6 StdPeriph_Driver/src/stm32f4xx_usart.o
                0x08002110                USART_GetITStatus
 .text.USART_ClearITPendingBit
                0x080021c6       0x3a StdPeriph_Driver/src/stm32f4xx_usart.o
                0x080021c6                USART_ClearITPendingBit
 .text.ADC_init
                0x08002200       0xd4 libs/adc.o
                0x08002200                ADC_init
 .text.Get_ADC_Value
                0x080022d4       0x60 libs/adc.o
                0x080022d4                Get_ADC_Value
 .text.DAC_init
                0x08002334       0x88 libs/dac.o
                0x08002334                DAC_init
 .text.conv_INT_init
                0x080023bc       0x64 libs/dac.o
                0x080023bc                conv_INT_init
 .text.TIM3_IRQHandler
                0x08002420       0x28 libs/dac.o
                0x08002420                TIM3_IRQHandler
 .text.conv     0x08002448       0xc4 libs/dac.o
                0x08002448                conv
 *fill*         0x0800250c        0x4 
 .text.DELAY_init
                0x08002510      0x128 libs/delay.o
                0x08002510                DELAY_init
 .text.DELAY_ms
                0x08002638       0x3c libs/delay.o
                0x08002638                DELAY_ms
 .text.KEYS_INT_init
                0x08002674       0xd4 libs/keys_int.o
                0x08002674                KEYS_INT_init
 .text.EXTI0_IRQHandler
                0x08002748      0x248 libs/keys_int.o
                0x08002748                EXTI0_IRQHandler
 .text.bepaal_deler
                0x08002990      0x668 libs/keys_int.o
                0x08002990                bepaal_deler
 .text.KEYS_read
                0x08002ff8       0xa4 libs/keys_int.o
                0x08002ff8                KEYS_read
 .text.KEYS_kolom
                0x0800309c       0x64 libs/keys_int.o
                0x0800309c                KEYS_kolom
 .text.ClearBits
                0x08003100       0x14 libs/lcd.o
                0x08003100                ClearBits
 .text.LCD_clear
                0x08003114       0x24 libs/lcd.o
                0x08003114                LCD_clear
 .text.LCD_XY   0x08003138       0x62 libs/lcd.o
                0x08003138                LCD_XY
 *fill*         0x0800319a        0x2 
 .text.LCD_init
                0x0800319c       0xf4 libs/lcd.o
                0x0800319c                LCD_init
 .text.LCD_putchar
                0x08003290       0x48 libs/lcd.o
                0x08003290                LCD_putchar
 .text.LCD_put  0x080032d8       0x4c libs/lcd.o
                0x080032d8                LCD_put
 .text.LCD_putint
                0x08003324       0x90 libs/lcd.o
                0x08003324                LCD_putint
 .text.LCD_writenibble
                0x080033b4       0x64 libs/lcd.o
                0x080033b4                LCD_writenibble
 .text.LCD_writebyte
                0x08003418       0x58 libs/lcd.o
                0x08003418                LCD_writebyte
 .text.LCD_writecontrol
                0x08003470       0x28 libs/lcd.o
                0x08003470                LCD_writecontrol
 .text.busyflag
                0x08003498       0xb0 libs/lcd.o
                0x08003498                busyflag
 .text.UART_init
                0x08003548       0x94 libs/uart.o
                0x08003548                UART_init
 .text.USART2_IRQHandler
                0x080035dc       0xdc libs/uart.o
                0x080035dc                USART2_IRQHandler
 .text.UART_printf
                0x080036b8       0xc8 libs/uart.o
                0x080036b8                UART_printf
 .text.main     0x08003780      0x128 src/main.o
                0x08003780                main
 .text.generate_kernel
                0x080038a8      0x350 src/main.o
                0x080038a8                generate_kernel
 .text.timing_pin_init
                0x08003bf8       0x3c src/main.o
                0x08003bf8                timing_pin_init
 .text._sbrk    0x08003c34       0x58 src/syscalls.o
                0x08003c34                _sbrk
 .text.SystemInit
                0x08003c8c       0x6c src/system_stm32f4xx.o
                0x08003c8c                SystemInit
 .text.SetSysClock
                0x08003cf8       0xf8 src/system_stm32f4xx.o
 .text.Reset_Handler
                0x08003df0       0x50 startup/startup_stm32.o
                0x08003df0                Reset_Handler
 .text.Default_Handler
                0x08003e40        0x2 startup/startup_stm32.o
                0x08003e40                RTC_Alarm_IRQHandler
                0x08003e40                HASH_RNG_IRQHandler
                0x08003e40                EXTI2_IRQHandler
                0x08003e40                TIM8_CC_IRQHandler
                0x08003e40                DebugMon_Handler
                0x08003e40                TIM1_CC_IRQHandler
                0x08003e40                DMA2_Stream5_IRQHandler
                0x08003e40                HardFault_Handler
                0x08003e40                DMA1_Stream5_IRQHandler
                0x08003e40                SysTick_Handler
                0x08003e40                PVD_IRQHandler
                0x08003e40                SDIO_IRQHandler
                0x08003e40                TAMP_STAMP_IRQHandler
                0x08003e40                PendSV_Handler
                0x08003e40                NMI_Handler
                0x08003e40                CAN2_RX1_IRQHandler
                0x08003e40                EXTI3_IRQHandler
                0x08003e40                TIM8_TRG_COM_TIM14_IRQHandler
                0x08003e40                TIM1_UP_TIM10_IRQHandler
                0x08003e40                TIM8_UP_TIM13_IRQHandler
                0x08003e40                I2C3_ER_IRQHandler
                0x08003e40                LCD_TFT_IRQHandler
                0x08003e40                I2C2_EV_IRQHandler
                0x08003e40                DMA1_Stream2_IRQHandler
                0x08003e40                CAN1_RX0_IRQHandler
                0x08003e40                FPU_IRQHandler
                0x08003e40                OTG_HS_WKUP_IRQHandler
                0x08003e40                UsageFault_Handler
                0x08003e40                CAN2_SCE_IRQHandler
                0x08003e40                DMA2_Stream2_IRQHandler
                0x08003e40                SPI1_IRQHandler
                0x08003e40                TIM6_DAC_IRQHandler
                0x08003e40                TIM1_BRK_TIM9_IRQHandler
                0x08003e40                DCMI_IRQHandler
                0x08003e40                CAN2_RX0_IRQHandler
                0x08003e40                DMA2_Stream3_IRQHandler
                0x08003e40                USART6_IRQHandler
                0x08003e40                USART3_IRQHandler
                0x08003e40                CRYP_IRQHandler
                0x08003e40                CAN1_RX1_IRQHandler
                0x08003e40                UART5_IRQHandler
                0x08003e40                DMA2_Stream0_IRQHandler
                0x08003e40                TIM4_IRQHandler
                0x08003e40                I2C1_EV_IRQHandler
                0x08003e40                DMA1_Stream6_IRQHandler
                0x08003e40                DMA1_Stream1_IRQHandler
                0x08003e40                UART4_IRQHandler
                0x08003e40                LCD_TFT_1_IRQHandler
                0x08003e40                RCC_IRQHandler
                0x08003e40                TIM8_BRK_TIM12_IRQHandler
                0x08003e40                Default_Handler
                0x08003e40                EXTI15_10_IRQHandler
                0x08003e40                ADC_IRQHandler
                0x08003e40                DMA1_Stream7_IRQHandler
                0x08003e40                TIM7_IRQHandler
                0x08003e40                CAN2_TX_IRQHandler
                0x08003e40                TIM5_IRQHandler
                0x08003e40                DMA2_Stream7_IRQHandler
                0x08003e40                I2C3_EV_IRQHandler
                0x08003e40                EXTI9_5_IRQHandler
                0x08003e40                RTC_WKUP_IRQHandler
                0x08003e40                ETH_WKUP_IRQHandler
                0x08003e40                SPI2_IRQHandler
                0x08003e40                OTG_HS_EP1_IN_IRQHandler
                0x08003e40                MemManage_Handler
                0x08003e40                DMA1_Stream0_IRQHandler
                0x08003e40                CAN1_TX_IRQHandler
                0x08003e40                SVC_Handler
                0x08003e40                EXTI4_IRQHandler
                0x08003e40                FSMC_IRQHandler
                0x08003e40                ETH_IRQHandler
                0x08003e40                OTG_HS_EP1_OUT_IRQHandler
                0x08003e40                WWDG_IRQHandler
                0x08003e40                TIM2_IRQHandler
                0x08003e40                OTG_FS_WKUP_IRQHandler
                0x08003e40                TIM1_TRG_COM_TIM11_IRQHandler
                0x08003e40                OTG_HS_IRQHandler
                0x08003e40                EXTI1_IRQHandler
                0x08003e40                I2C2_ER_IRQHandler
                0x08003e40                DMA2_Stream1_IRQHandler
                0x08003e40                CAN1_SCE_IRQHandler
                0x08003e40                DMA2_Stream4_IRQHandler
                0x08003e40                BusFault_Handler
                0x08003e40                USART1_IRQHandler
                0x08003e40                OTG_FS_IRQHandler
                0x08003e40                SPI3_IRQHandler
                0x08003e40                DMA1_Stream4_IRQHandler
                0x08003e40                I2C1_ER_IRQHandler
                0x08003e40                DMA2_Stream6_IRQHandler
                0x08003e40                DMA1_Stream3_IRQHandler
 *fill*         0x08003e42        0x6 
 .text.cos      0x08003e48       0xc0 c:/ac6/systemworkbench/plugins/fr.ac6.mcu.externaltools.arm-none.win32_1.17.0.201812190825/tools/compiler/bin/../lib/gcc/arm-none-eabi/7.3.1/../../../../arm-none-eabi/lib/thumb/v7e-m/fpv4-sp/hard\libm.a(lib_a-s_cos.o)
                0x08003e48                cos
 .text.sin      0x08003f08       0xc0 c:/ac6/systemworkbench/plugins/fr.ac6.mcu.externaltools.arm-none.win32_1.17.0.201812190825/tools/compiler/bin/../lib/gcc/arm-none-eabi/7.3.1/../../../../arm-none-eabi/lib/thumb/v7e-m/fpv4-sp/hard\libm.a(lib_a-s_sin.o)
                0x08003f08                sin
 .text.__ieee754_rem_pio2
                0x08003fc8      0x454 c:/ac6/systemworkbench/plugins/fr.ac6.mcu.externaltools.arm-none.win32_1.17.0.201812190825/tools/compiler/bin/../lib/gcc/arm-none-eabi/7.3.1/../../../../arm-none-eabi/lib/thumb/v7e-m/fpv4-sp/hard\libm.a(lib_a-e_rem_pio2.o)
                0x08003fc8                __ieee754_rem_pio2
 *fill*         0x0800441c        0x4 
 .text.__kernel_cos
                0x08004420      0x284 c:/ac6/systemworkbench/plugins/fr.ac6.mcu.externaltools.arm-none.win32_1.17.0.201812190825/tools/compiler/bin/../lib/gcc/arm-none-eabi/7.3.1/../../../../arm-none-eabi/lib/thumb/v7e-m/fpv4-sp/hard\libm.a(lib_a-k_cos.o)
                0x08004420                __kernel_cos
 *fill*         0x080046a4        0x4 
 .text.__kernel_rem_pio2
                0x080046a8      0x818 c:/ac6/systemworkbench/plugins/fr.ac6.mcu.externaltools.arm-none.win32_1.17.0.201812190825/tools/compiler/bin/../lib/gcc/arm-none-eabi/7.3.1/../../../../arm-none-eabi/lib/thumb/v7e-m/fpv4-sp/hard\libm.a(lib_a-k_rem_pio2.o)
                0x080046a8                __kernel_rem_pio2
 .text.__kernel_sin
                0x08004ec0      0x194 c:/ac6/systemworkbench/plugins/fr.ac6.mcu.externaltools.arm-none.win32_1.17.0.201812190825/tools/compiler/bin/../lib/gcc/arm-none-eabi/7.3.1/../../../../arm-none-eabi/lib/thumb/v7e-m/fpv4-sp/hard\libm.a(lib_a-k_sin.o)
                0x08004ec0                __kernel_sin
 .text.fabs     0x08005054       0x14 c:/ac6/systemworkbench/plugins/fr.ac6.mcu.externaltools.arm-none.win32_1.17.0.201812190825/tools/compiler/bin/../lib/gcc/arm-none-eabi/7.3.1/../../../../arm-none-eabi/lib/thumb/v7e-m/fpv4-sp/hard\libm.a(lib_a-s_fabs.o)
                0x08005054                fabs
 .text.floor    0x08005068      0x110 c:/ac6/systemworkbench/plugins/fr.ac6.mcu.externaltools.arm-none.win32_1.17.0.201812190825/tools/compiler/bin/../lib/gcc/arm-none-eabi/7.3.1/../../../../arm-none-eabi/lib/thumb/v7e-m/fpv4-sp/hard\libm.a(lib_a-s_floor.o)
                0x08005068                floor
 .text.scalbn   0x08005178      0x114 c:/ac6/systemworkbench/plugins/fr.ac6.mcu.externaltools.arm-none.win32_1.17.0.201812190825/tools/compiler/bin/../lib/gcc/arm-none-eabi/7.3.1/../../../../arm-none-eabi/lib/thumb/v7e-m/fpv4-sp/hard\libm.a(lib_a-s_scalbn.o)
                0x08005178                scalbn
 .text.copysign
                0x0800528c       0x1c c:/ac6/systemworkbench/plugins/fr.ac6.mcu.externaltools.arm-none.win32_1.17.0.201812190825/tools/compiler/bin/../lib/gcc/arm-none-eabi/7.3.1/../../../../arm-none-eabi/lib/thumb/v7e-m/fpv4-sp/hard\libm.a(lib_a-s_copysign.o)
                0x0800528c                copysign
 .text.__errno  0x080052a8        0xc c:/ac6/systemworkbench/plugins/fr.ac6.mcu.externaltools.arm-none.win32_1.17.0.201812190825/tools/compiler/bin/../lib/gcc/arm-none-eabi/7.3.1/../../../../arm-none-eabi/lib/thumb/v7e-m/fpv4-sp/hard\libc.a(lib_a-errno.o)
                0x080052a8                __errno
 .text.__libc_init_array
                0x080052b4       0x48 c:/ac6/systemworkbench/plugins/fr.ac6.mcu.externaltools.arm-none.win32_1.17.0.201812190825/tools/compiler/bin/../lib/gcc/arm-none-eabi/7.3.1/../../../../arm-none-eabi/lib/thumb/v7e-m/fpv4-sp/hard\libc.a(lib_a-init.o)
                0x080052b4                __libc_init_array
 .text.memset   0x080052fc       0x94 c:/ac6/systemworkbench/plugins/fr.ac6.mcu.externaltools.arm-none.win32_1.17.0.201812190825/tools/compiler/bin/../lib/gcc/arm-none-eabi/7.3.1/../../../../arm-none-eabi/lib/thumb/v7e-m/fpv4-sp/hard\libc.a(lib_a-memset.o)
                0x080052fc                memset
 .text._vsnprintf_r
                0x08005390       0x70 c:/ac6/systemworkbench/plugins/fr.ac6.mcu.externaltools.arm-none.win32_1.17.0.201812190825/tools/compiler/bin/../lib/gcc/arm-none-eabi/7.3.1/../../../../arm-none-eabi/lib/thumb/v7e-m/fpv4-sp/hard\libc.a(lib_a-vsnprintf.o)
                0x08005390                _vsnprintf_r
 .text.vsnprintf
                0x08005400       0x20 c:/ac6/systemworkbench/plugins/fr.ac6.mcu.externaltools.arm-none.win32_1.17.0.201812190825/tools/compiler/bin/../lib/gcc/arm-none-eabi/7.3.1/../../../../arm-none-eabi/lib/thumb/v7e-m/fpv4-sp/hard\libc.a(lib_a-vsnprintf.o)
                0x08005400                vsnprintf
 .text.startup.register_fini
                0x08005420       0x14 c:/ac6/systemworkbench/plugins/fr.ac6.mcu.externaltools.arm-none.win32_1.17.0.201812190825/tools/compiler/bin/../lib/gcc/arm-none-eabi/7.3.1/../../../../arm-none-eabi/lib/thumb/v7e-m/fpv4-sp/hard\libc.a(lib_a-__call_atexit.o)
 .text.atexit   0x08005434        0xc c:/ac6/systemworkbench/plugins/fr.ac6.mcu.externaltools.arm-none.win32_1.17.0.201812190825/tools/compiler/bin/../lib/gcc/arm-none-eabi/7.3.1/../../../../arm-none-eabi/lib/thumb/v7e-m/fpv4-sp/hard\libc.a(lib_a-atexit.o)
                0x08005434                atexit
 .text.__libc_fini_array
                0x08005440       0x34 c:/ac6/systemworkbench/plugins/fr.ac6.mcu.externaltools.arm-none.win32_1.17.0.201812190825/tools/compiler/bin/../lib/gcc/arm-none-eabi/7.3.1/../../../../arm-none-eabi/lib/thumb/v7e-m/fpv4-sp/hard\libc.a(lib_a-fini.o)
                0x08005440                __libc_fini_array
 .text.__retarget_lock_acquire_recursive
                0x08005474        0x4 c:/ac6/systemworkbench/plugins/fr.ac6.mcu.externaltools.arm-none.win32_1.17.0.201812190825/tools/compiler/bin/../lib/gcc/arm-none-eabi/7.3.1/../../../../arm-none-eabi/lib/thumb/v7e-m/fpv4-sp/hard\libc.a(lib_a-lock.o)
                0x08005474                __retarget_lock_acquire_recursive
 .text.__retarget_lock_release_recursive
                0x08005478        0x4 c:/ac6/systemworkbench/plugins/fr.ac6.mcu.externaltools.arm-none.win32_1.17.0.201812190825/tools/compiler/bin/../lib/gcc/arm-none-eabi/7.3.1/../../../../arm-none-eabi/lib/thumb/v7e-m/fpv4-sp/hard\libc.a(lib_a-lock.o)
                0x08005478                __retarget_lock_release_recursive
 *fill*         0x0800547c        0x4 
 .text._svfprintf_r
                0x08005480     0x19cc c:/ac6/systemworkbench/plugins/fr.ac6.mcu.externaltools.arm-none.win32_1.17.0.201812190825/tools/compiler/bin/../lib/gcc/arm-none-eabi/7.3.1/../../../../arm-none-eabi/lib/thumb/v7e-m/fpv4-sp/hard\libc.a(lib_a-svfprintf.o)
                0x08005480                _svfprintf_r
 .text.__register_exitproc
                0x08006e4c       0xc0 c:/ac6/systemworkbench/plugins/fr.ac6.mcu.externaltools.arm-none.win32_1.17.0.201812190825/tools/compiler/bin/../lib/gcc/arm-none-eabi/7.3.1/../../../../arm-none-eabi/lib/thumb/v7e-m/fpv4-sp/hard\libc.a(lib_a-__atexit.o)
                0x08006e4c                __register_exitproc
 .text.quorem   0x08006f0c      0x124 c:/ac6/systemworkbench/plugins/fr.ac6.mcu.externaltools.arm-none.win32_1.17.0.201812190825/tools/compiler/bin/../lib/gcc/arm-none-eabi/7.3.1/../../../../arm-none-eabi/lib/thumb/v7e-m/fpv4-sp/hard\libc.a(lib_a-dtoa.o)
 .text._dtoa_r  0x08007030      0xe20 c:/ac6/systemworkbench/plugins/fr.ac6.mcu.externaltools.arm-none.win32_1.17.0.201812190825/tools/compiler/bin/../lib/gcc/arm-none-eabi/7.3.1/../../../../arm-none-eabi/lib/thumb/v7e-m/fpv4-sp/hard\libc.a(lib_a-dtoa.o)
                0x08007030                _dtoa_r
 .text._malloc_trim_r
                0x08007e50       0xa0 c:/ac6/systemworkbench/plugins/fr.ac6.mcu.externaltools.arm-none.win32_1.17.0.201812190825/tools/compiler/bin/../lib/gcc/arm-none-eabi/7.3.1/../../../../arm-none-eabi/lib/thumb/v7e-m/fpv4-sp/hard\libc.a(lib_a-freer.o)
                0x08007e50                _malloc_trim_r
 .text._free_r  0x08007ef0      0x1e8 c:/ac6/systemworkbench/plugins/fr.ac6.mcu.externaltools.arm-none.win32_1.17.0.201812190825/tools/compiler/bin/../lib/gcc/arm-none-eabi/7.3.1/../../../../arm-none-eabi/lib/thumb/v7e-m/fpv4-sp/hard\libc.a(lib_a-freer.o)
                0x08007ef0                _free_r
 .text._localeconv_r
                0x080080d8       0x1c c:/ac6/systemworkbench/plugins/fr.ac6.mcu.externaltools.arm-none.win32_1.17.0.201812190825/tools/compiler/bin/../lib/gcc/arm-none-eabi/7.3.1/../../../../arm-none-eabi/lib/thumb/v7e-m/fpv4-sp/hard\libc.a(lib_a-localeconv.o)
                0x080080d8                _localeconv_r
 .text._malloc_r
                0x080080f4      0x548 c:/ac6/systemworkbench/plugins/fr.ac6.mcu.externaltools.arm-none.win32_1.17.0.201812190825/tools/compiler/bin/../lib/gcc/arm-none-eabi/7.3.1/../../../../arm-none-eabi/lib/thumb/v7e-m/fpv4-sp/hard\libc.a(lib_a-mallocr.o)
                0x080080f4                _malloc_r
 .text.__malloc_lock
                0x0800863c        0xc c:/ac6/systemworkbench/plugins/fr.ac6.mcu.externaltools.arm-none.win32_1.17.0.201812190825/tools/compiler/bin/../lib/gcc/arm-none-eabi/7.3.1/../../../../arm-none-eabi/lib/thumb/v7e-m/fpv4-sp/hard\libc.a(lib_a-mlock.o)
                0x0800863c                __malloc_lock
 .text.__malloc_unlock
                0x08008648        0xc c:/ac6/systemworkbench/plugins/fr.ac6.mcu.externaltools.arm-none.win32_1.17.0.201812190825/tools/compiler/bin/../lib/gcc/arm-none-eabi/7.3.1/../../../../arm-none-eabi/lib/thumb/v7e-m/fpv4-sp/hard\libc.a(lib_a-mlock.o)
                0x08008648                __malloc_unlock
 .text._Balloc  0x08008654       0x4c c:/ac6/systemworkbench/plugins/fr.ac6.mcu.externaltools.arm-none.win32_1.17.0.201812190825/tools/compiler/bin/../lib/gcc/arm-none-eabi/7.3.1/../../../../arm-none-eabi/lib/thumb/v7e-m/fpv4-sp/hard\libc.a(lib_a-mprec.o)
                0x08008654                _Balloc
 .text._Bfree   0x080086a0       0x14 c:/ac6/systemworkbench/plugins/fr.ac6.mcu.externaltools.arm-none.win32_1.17.0.201812190825/tools/compiler/bin/../lib/gcc/arm-none-eabi/7.3.1/../../../../arm-none-eabi/lib/thumb/v7e-m/fpv4-sp/hard\libc.a(lib_a-mprec.o)
                0x080086a0                _Bfree
 .text.__multadd
                0x080086b4       0x80 c:/ac6/systemworkbench/plugins/fr.ac6.mcu.externaltools.arm-none.win32_1.17.0.201812190825/tools/compiler/bin/../lib/gcc/arm-none-eabi/7.3.1/../../../../arm-none-eabi/lib/thumb/v7e-m/fpv4-sp/hard\libc.a(lib_a-mprec.o)
                0x080086b4                __multadd
 .text.__hi0bits
                0x08008734       0x40 c:/ac6/systemworkbench/plugins/fr.ac6.mcu.externaltools.arm-none.win32_1.17.0.201812190825/tools/compiler/bin/../lib/gcc/arm-none-eabi/7.3.1/../../../../arm-none-eabi/lib/thumb/v7e-m/fpv4-sp/hard\libc.a(lib_a-mprec.o)
                0x08008734                __hi0bits
 .text.__lo0bits
                0x08008774       0x60 c:/ac6/systemworkbench/plugins/fr.ac6.mcu.externaltools.arm-none.win32_1.17.0.201812190825/tools/compiler/bin/../lib/gcc/arm-none-eabi/7.3.1/../../../../arm-none-eabi/lib/thumb/v7e-m/fpv4-sp/hard\libc.a(lib_a-mprec.o)
                0x08008774                __lo0bits
 .text.__i2b    0x080087d4       0x14 c:/ac6/systemworkbench/plugins/fr.ac6.mcu.externaltools.arm-none.win32_1.17.0.201812190825/tools/compiler/bin/../lib/gcc/arm-none-eabi/7.3.1/../../../../arm-none-eabi/lib/thumb/v7e-m/fpv4-sp/hard\libc.a(lib_a-mprec.o)
                0x080087d4                __i2b
 .text.__multiply
                0x080087e8      0x14c c:/ac6/systemworkbench/plugins/fr.ac6.mcu.externaltools.arm-none.win32_1.17.0.201812190825/tools/compiler/bin/../lib/gcc/arm-none-eabi/7.3.1/../../../../arm-none-eabi/lib/thumb/v7e-m/fpv4-sp/hard\libc.a(lib_a-mprec.o)
                0x080087e8                __multiply
 .text.__pow5mult
                0x08008934       0xa0 c:/ac6/systemworkbench/plugins/fr.ac6.mcu.externaltools.arm-none.win32_1.17.0.201812190825/tools/compiler/bin/../lib/gcc/arm-none-eabi/7.3.1/../../../../arm-none-eabi/lib/thumb/v7e-m/fpv4-sp/hard\libc.a(lib_a-mprec.o)
                0x08008934                __pow5mult
 .text.__lshift
                0x080089d4       0xac c:/ac6/systemworkbench/plugins/fr.ac6.mcu.externaltools.arm-none.win32_1.17.0.201812190825/tools/compiler/bin/../lib/gcc/arm-none-eabi/7.3.1/../../../../arm-none-eabi/lib/thumb/v7e-m/fpv4-sp/hard\libc.a(lib_a-mprec.o)
                0x080089d4                __lshift
 .text.__mcmp   0x08008a80       0x38 c:/ac6/systemworkbench/plugins/fr.ac6.mcu.externaltools.arm-none.win32_1.17.0.201812190825/tools/compiler/bin/../lib/gcc/arm-none-eabi/7.3.1/../../../../arm-none-eabi/lib/thumb/v7e-m/fpv4-sp/hard\libc.a(lib_a-mprec.o)
                0x08008a80                __mcmp
 .text.__mdiff  0x08008ab8       0xec c:/ac6/systemworkbench/plugins/fr.ac6.mcu.externaltools.arm-none.win32_1.17.0.201812190825/tools/compiler/bin/../lib/gcc/arm-none-eabi/7.3.1/../../../../arm-none-eabi/lib/thumb/v7e-m/fpv4-sp/hard\libc.a(lib_a-mprec.o)
                0x08008ab8                __mdiff
 .text.__d2b    0x08008ba4       0xc4 c:/ac6/systemworkbench/plugins/fr.ac6.mcu.externaltools.arm-none.win32_1.17.0.201812190825/tools/compiler/bin/../lib/gcc/arm-none-eabi/7.3.1/../../../../arm-none-eabi/lib/thumb/v7e-m/fpv4-sp/hard\libc.a(lib_a-mprec.o)
                0x08008ba4                __d2b
 .text.frexp    0x08008c68       0x68 c:/ac6/systemworkbench/plugins/fr.ac6.mcu.externaltools.arm-none.win32_1.17.0.201812190825/tools/compiler/bin/../lib/gcc/arm-none-eabi/7.3.1/../../../../arm-none-eabi/lib/thumb/v7e-m/fpv4-sp/hard\libc.a(lib_a-s_frexp.o)
                0x08008c68                frexp
 .text._sbrk_r  0x08008cd0       0x24 c:/ac6/systemworkbench/plugins/fr.ac6.mcu.externaltools.arm-none.win32_1.17.0.201812190825/tools/compiler/bin/../lib/gcc/arm-none-eabi/7.3.1/../../../../arm-none-eabi/lib/thumb/v7e-m/fpv4-sp/hard\libc.a(lib_a-sbrkr.o)
                0x08008cd0                _sbrk_r
 .text.strncpy  0x08008cf4       0x64 c:/ac6/systemworkbench/plugins/fr.ac6.mcu.externaltools.arm-none.win32_1.17.0.201812190825/tools/compiler/bin/../lib/gcc/arm-none-eabi/7.3.1/../../../../arm-none-eabi/lib/thumb/v7e-m/fpv4-sp/hard\libc.a(lib_a-strncpy.o)
                0x08008cf4                strncpy
 .text.__ssprint_r
                0x08008d58       0xf4 c:/ac6/systemworkbench/plugins/fr.ac6.mcu.externaltools.arm-none.win32_1.17.0.201812190825/tools/compiler/bin/../lib/gcc/arm-none-eabi/7.3.1/../../../../arm-none-eabi/lib/thumb/v7e-m/fpv4-sp/hard\libc.a(lib_a-svfiprintf.o)
                0x08008d58                __ssprint_r
 .text._calloc_r
                0x08008e4c       0x68 c:/ac6/systemworkbench/plugins/fr.ac6.mcu.externaltools.arm-none.win32_1.17.0.201812190825/tools/compiler/bin/../lib/gcc/arm-none-eabi/7.3.1/../../../../arm-none-eabi/lib/thumb/v7e-m/fpv4-sp/hard\libc.a(lib_a-callocr.o)
                0x08008e4c                _calloc_r
 .text.__ascii_mbtowc
                0x08008eb4       0x2c c:/ac6/systemworkbench/plugins/fr.ac6.mcu.externaltools.arm-none.win32_1.17.0.201812190825/tools/compiler/bin/../lib/gcc/arm-none-eabi/7.3.1/../../../../arm-none-eabi/lib/thumb/v7e-m/fpv4-sp/hard\libc.a(lib_a-mbtowc_r.o)
                0x08008eb4                __ascii_mbtowc
 .text.memmove  0x08008ee0       0xc8 c:/ac6/systemworkbench/plugins/fr.ac6.mcu.externaltools.arm-none.win32_1.17.0.201812190825/tools/compiler/bin/../lib/gcc/arm-none-eabi/7.3.1/../../../../arm-none-eabi/lib/thumb/v7e-m/fpv4-sp/hard\libc.a(lib_a-memmove.o)
                0x08008ee0                memmove
 .text._realloc_r
                0x08008fa8      0x35c c:/ac6/systemworkbench/plugins/fr.ac6.mcu.externaltools.arm-none.win32_1.17.0.201812190825/tools/compiler/bin/../lib/gcc/arm-none-eabi/7.3.1/../../../../arm-none-eabi/lib/thumb/v7e-m/fpv4-sp/hard\libc.a(lib_a-reallocr.o)
                0x08008fa8                _realloc_r
 .text.__ascii_wctomb
                0x08009304       0x1c c:/ac6/systemworkbench/plugins/fr.ac6.mcu.externaltools.arm-none.win32_1.17.0.201812190825/tools/compiler/bin/../lib/gcc/arm-none-eabi/7.3.1/../../../../arm-none-eabi/lib/thumb/v7e-m/fpv4-sp/hard\libc.a(lib_a-wctomb_r.o)
                0x08009304                __ascii_wctomb
 *(.glue_7)
 .glue_7        0x08009320        0x0 linker stubs
 *(.glue_7t)
 .glue_7t       0x08009320        0x0 linker stubs
 *(.eh_frame)
 .eh_frame      0x08009320        0x0 c:/ac6/systemworkbench/plugins/fr.ac6.mcu.externaltools.arm-none.win32_1.17.0.201812190825/tools/compiler/bin/../lib/gcc/arm-none-eabi/7.3.1/thumb/v7e-m/fpv4-sp/hard/crtbegin.o
 *(.init)
 .init          0x08009320        0x4 c:/ac6/systemworkbench/plugins/fr.ac6.mcu.externaltools.arm-none.win32_1.17.0.201812190825/tools/compiler/bin/../lib/gcc/arm-none-eabi/7.3.1/thumb/v7e-m/fpv4-sp/hard/crti.o
                0x08009320                _init
 .init          0x08009324        0x8 c:/ac6/systemworkbench/plugins/fr.ac6.mcu.externaltools.arm-none.win32_1.17.0.201812190825/tools/compiler/bin/../lib/gcc/arm-none-eabi/7.3.1/thumb/v7e-m/fpv4-sp/hard/crtn.o
 *(.fini)
 .fini          0x0800932c        0x4 c:/ac6/systemworkbench/plugins/fr.ac6.mcu.externaltools.arm-none.win32_1.17.0.201812190825/tools/compiler/bin/../lib/gcc/arm-none-eabi/7.3.1/thumb/v7e-m/fpv4-sp/hard/crti.o
                0x0800932c                _fini
 .fini          0x08009330        0x8 c:/ac6/systemworkbench/plugins/fr.ac6.mcu.externaltools.arm-none.win32_1.17.0.201812190825/tools/compiler/bin/../lib/gcc/arm-none-eabi/7.3.1/thumb/v7e-m/fpv4-sp/hard/crtn.o
                0x08009338                . = ALIGN (0x4)
                0x08009338                _etext = .

.vfp11_veneer   0x08009338        0x0
 .vfp11_veneer  0x08009338        0x0 linker stubs

.v4_bx          0x08009338        0x0
 .v4_bx         0x08009338        0x0 linker stubs

.iplt           0x08009338        0x0
 .iplt          0x08009338        0x0 c:/ac6/systemworkbench/plugins/fr.ac6.mcu.externaltools.arm-none.win32_1.17.0.201812190825/tools/compiler/bin/../lib/gcc/arm-none-eabi/7.3.1/thumb/v7e-m/fpv4-sp/hard/crtbegin.o

.rodata         0x08009338      0x4d0
                0x08009338                . = ALIGN (0x4)
 *(.rodata)
 .rodata        0x08009338       0x14 libs/keys_int.o
 .rodata        0x0800934c        0x9 libs/uart.o
 *fill*         0x08009355        0x3 
 .rodata        0x08009358       0x4e src/main.o
 *(.rodata*)
 *fill*         0x080093a6        0x2 
 .rodata.npio2_hw
                0x080093a8       0x80 c:/ac6/systemworkbench/plugins/fr.ac6.mcu.externaltools.arm-none.win32_1.17.0.201812190825/tools/compiler/bin/../lib/gcc/arm-none-eabi/7.3.1/../../../../arm-none-eabi/lib/thumb/v7e-m/fpv4-sp/hard\libm.a(lib_a-e_rem_pio2.o)
 .rodata.two_over_pi
                0x08009428      0x108 c:/ac6/systemworkbench/plugins/fr.ac6.mcu.externaltools.arm-none.win32_1.17.0.201812190825/tools/compiler/bin/../lib/gcc/arm-none-eabi/7.3.1/../../../../arm-none-eabi/lib/thumb/v7e-m/fpv4-sp/hard\libm.a(lib_a-e_rem_pio2.o)
 .rodata.PIo2   0x08009530       0x40 c:/ac6/systemworkbench/plugins/fr.ac6.mcu.externaltools.arm-none.win32_1.17.0.201812190825/tools/compiler/bin/../lib/gcc/arm-none-eabi/7.3.1/../../../../arm-none-eabi/lib/thumb/v7e-m/fpv4-sp/hard\libm.a(lib_a-k_rem_pio2.o)
 .rodata.init_jk
                0x08009570       0x10 c:/ac6/systemworkbench/plugins/fr.ac6.mcu.externaltools.arm-none.win32_1.17.0.201812190825/tools/compiler/bin/../lib/gcc/arm-none-eabi/7.3.1/../../../../arm-none-eabi/lib/thumb/v7e-m/fpv4-sp/hard\libm.a(lib_a-k_rem_pio2.o)
 .rodata._global_impure_ptr
                0x08009580        0x4 c:/ac6/systemworkbench/plugins/fr.ac6.mcu.externaltools.arm-none.win32_1.17.0.201812190825/tools/compiler/bin/../lib/gcc/arm-none-eabi/7.3.1/../../../../arm-none-eabi/lib/thumb/v7e-m/fpv4-sp/hard\libc.a(lib_a-impure.o)
                0x08009580                _global_impure_ptr
 .rodata._svfprintf_r.str1.4
                0x08009584       0x42 c:/ac6/systemworkbench/plugins/fr.ac6.mcu.externaltools.arm-none.win32_1.17.0.201812190825/tools/compiler/bin/../lib/gcc/arm-none-eabi/7.3.1/../../../../arm-none-eabi/lib/thumb/v7e-m/fpv4-sp/hard\libc.a(lib_a-svfprintf.o)
 *fill*         0x080095c6        0x2 
 .rodata.blanks.8590
                0x080095c8       0x10 c:/ac6/systemworkbench/plugins/fr.ac6.mcu.externaltools.arm-none.win32_1.17.0.201812190825/tools/compiler/bin/../lib/gcc/arm-none-eabi/7.3.1/../../../../arm-none-eabi/lib/thumb/v7e-m/fpv4-sp/hard\libc.a(lib_a-svfprintf.o)
 .rodata.zeroes.8591
                0x080095d8       0x10 c:/ac6/systemworkbench/plugins/fr.ac6.mcu.externaltools.arm-none.win32_1.17.0.201812190825/tools/compiler/bin/../lib/gcc/arm-none-eabi/7.3.1/../../../../arm-none-eabi/lib/thumb/v7e-m/fpv4-sp/hard\libc.a(lib_a-svfprintf.o)
 .rodata._dtoa_r.str1.4
                0x080095e8       0x10 c:/ac6/systemworkbench/plugins/fr.ac6.mcu.externaltools.arm-none.win32_1.17.0.201812190825/tools/compiler/bin/../lib/gcc/arm-none-eabi/7.3.1/../../../../arm-none-eabi/lib/thumb/v7e-m/fpv4-sp/hard\libc.a(lib_a-dtoa.o)
                                 0x12 (size before relaxing)
 .rodata.__mprec_bigtens
                0x080095f8       0x28 c:/ac6/systemworkbench/plugins/fr.ac6.mcu.externaltools.arm-none.win32_1.17.0.201812190825/tools/compiler/bin/../lib/gcc/arm-none-eabi/7.3.1/../../../../arm-none-eabi/lib/thumb/v7e-m/fpv4-sp/hard\libc.a(lib_a-mprec.o)
                0x080095f8                __mprec_bigtens
 .rodata.__mprec_tens
                0x08009620       0xc8 c:/ac6/systemworkbench/plugins/fr.ac6.mcu.externaltools.arm-none.win32_1.17.0.201812190825/tools/compiler/bin/../lib/gcc/arm-none-eabi/7.3.1/../../../../arm-none-eabi/lib/thumb/v7e-m/fpv4-sp/hard\libc.a(lib_a-mprec.o)
                0x08009620                __mprec_tens
 .rodata.p05.7367
                0x080096e8        0xc c:/ac6/systemworkbench/plugins/fr.ac6.mcu.externaltools.arm-none.win32_1.17.0.201812190825/tools/compiler/bin/../lib/gcc/arm-none-eabi/7.3.1/../../../../arm-none-eabi/lib/thumb/v7e-m/fpv4-sp/hard\libc.a(lib_a-mprec.o)
 .rodata._setlocale_r.str1.4
                0x080096f4        0xa c:/ac6/systemworkbench/plugins/fr.ac6.mcu.externaltools.arm-none.win32_1.17.0.201812190825/tools/compiler/bin/../lib/gcc/arm-none-eabi/7.3.1/../../../../arm-none-eabi/lib/thumb/v7e-m/fpv4-sp/hard\libc.a(lib_a-locale.o)
                                  0xd (size before relaxing)
 *fill*         0x080096fe        0x2 
 .rodata.str1.4
                0x08009700        0x4 c:/ac6/systemworkbench/plugins/fr.ac6.mcu.externaltools.arm-none.win32_1.17.0.201812190825/tools/compiler/bin/../lib/gcc/arm-none-eabi/7.3.1/../../../../arm-none-eabi/lib/thumb/v7e-m/fpv4-sp/hard\libc.a(lib_a-locale.o)
                                  0x2 (size before relaxing)
 .rodata._ctype_
                0x08009704      0x101 c:/ac6/systemworkbench/plugins/fr.ac6.mcu.externaltools.arm-none.win32_1.17.0.201812190825/tools/compiler/bin/../lib/gcc/arm-none-eabi/7.3.1/../../../../arm-none-eabi/lib/thumb/v7e-m/fpv4-sp/hard\libc.a(lib_a-ctype_.o)
                0x08009704                _ctype_
                0x08009808                . = ALIGN (0x4)
 *fill*         0x08009805        0x3 

.ARM.extab      0x08009808        0x0
                0x08009808                . = ALIGN (0x4)
 *(.ARM.extab* .gnu.linkonce.armextab.*)
                0x08009808                . = ALIGN (0x4)

.ARM            0x08009808        0x8
                0x08009808                . = ALIGN (0x4)
                0x08009808                __exidx_start = .
 *(.ARM.exidx*)
 .ARM.exidx     0x08009808        0x8 c:/ac6/systemworkbench/plugins/fr.ac6.mcu.externaltools.arm-none.win32_1.17.0.201812190825/tools/compiler/bin/../lib/gcc/arm-none-eabi/7.3.1/thumb/v7e-m/fpv4-sp/hard\libgcc.a(_udivmoddi4.o)
                0x08009810                __exidx_end = .
                0x08009810                . = ALIGN (0x4)

.rel.dyn        0x08009810        0x0
 .rel.iplt      0x08009810        0x0 c:/ac6/systemworkbench/plugins/fr.ac6.mcu.externaltools.arm-none.win32_1.17.0.201812190825/tools/compiler/bin/../lib/gcc/arm-none-eabi/7.3.1/thumb/v7e-m/fpv4-sp/hard/crtbegin.o

.preinit_array  0x08009810        0x0
                0x08009810                . = ALIGN (0x4)
                0x08009810                PROVIDE (__preinit_array_start = .)
 *(.preinit_array*)
                0x08009810                PROVIDE (__preinit_array_end = .)
                0x08009810                . = ALIGN (0x4)

.init_array     0x08009810        0x8
                0x08009810                . = ALIGN (0x4)
                0x08009810                PROVIDE (__init_array_start = .)
 *(SORT_BY_NAME(.init_array.*))
 .init_array.00000
                0x08009810        0x4 c:/ac6/systemworkbench/plugins/fr.ac6.mcu.externaltools.arm-none.win32_1.17.0.201812190825/tools/compiler/bin/../lib/gcc/arm-none-eabi/7.3.1/../../../../arm-none-eabi/lib/thumb/v7e-m/fpv4-sp/hard\libc.a(lib_a-__call_atexit.o)
 *(.init_array*)
 .init_array    0x08009814        0x4 c:/ac6/systemworkbench/plugins/fr.ac6.mcu.externaltools.arm-none.win32_1.17.0.201812190825/tools/compiler/bin/../lib/gcc/arm-none-eabi/7.3.1/thumb/v7e-m/fpv4-sp/hard/crtbegin.o
                0x08009818                PROVIDE (__init_array_end = .)
                0x08009818                . = ALIGN (0x4)

.fini_array     0x08009818        0x4
                0x08009818                . = ALIGN (0x4)
                0x08009818                PROVIDE (__fini_array_start = .)
 *(SORT_BY_NAME(.fini_array.*))
 *(.fini_array*)
 .fini_array    0x08009818        0x4 c:/ac6/systemworkbench/plugins/fr.ac6.mcu.externaltools.arm-none.win32_1.17.0.201812190825/tools/compiler/bin/../lib/gcc/arm-none-eabi/7.3.1/thumb/v7e-m/fpv4-sp/hard/crtbegin.o
                0x0800981c                PROVIDE (__fini_array_end = .)
                0x0800981c                . = ALIGN (0x4)
                0x0800981c                _sidata = LOADADDR (.data)

.data           0x20000000      0x9d8 load address 0x0800981c
                0x20000000                . = ALIGN (0x4)
                0x20000000                _sdata = .
 *(.data)
 .data          0x20000000       0x10 StdPeriph_Driver/src/stm32f4xx_rcc.o
 .data          0x20000010        0xa libs/lcd.o
 *fill*         0x2000001a        0x2 
 .data          0x2000001c        0xc src/main.o
                0x2000001c                fc
                0x20000020                deler
 *(.data*)
 .data._impure_ptr
                0x20000028        0x4 c:/ac6/systemworkbench/plugins/fr.ac6.mcu.externaltools.arm-none.win32_1.17.0.201812190825/tools/compiler/bin/../lib/gcc/arm-none-eabi/7.3.1/../../../../arm-none-eabi/lib/thumb/v7e-m/fpv4-sp/hard\libc.a(lib_a-impure.o)
                0x20000028                _impure_ptr
 *fill*         0x2000002c        0x4 
 .data.impure_data
                0x20000030      0x428 c:/ac6/systemworkbench/plugins/fr.ac6.mcu.externaltools.arm-none.win32_1.17.0.201812190825/tools/compiler/bin/../lib/gcc/arm-none-eabi/7.3.1/../../../../arm-none-eabi/lib/thumb/v7e-m/fpv4-sp/hard\libc.a(lib_a-impure.o)
 .data.__atexit_recursive_mutex
                0x20000458        0x4 c:/ac6/systemworkbench/plugins/fr.ac6.mcu.externaltools.arm-none.win32_1.17.0.201812190825/tools/compiler/bin/../lib/gcc/arm-none-eabi/7.3.1/../../../../arm-none-eabi/lib/thumb/v7e-m/fpv4-sp/hard\libc.a(lib_a-__call_atexit.o)
                0x20000458                __atexit_recursive_mutex
 .data.__malloc_av_
                0x2000045c      0x408 c:/ac6/systemworkbench/plugins/fr.ac6.mcu.externaltools.arm-none.win32_1.17.0.201812190825/tools/compiler/bin/../lib/gcc/arm-none-eabi/7.3.1/../../../../arm-none-eabi/lib/thumb/v7e-m/fpv4-sp/hard\libc.a(lib_a-mallocr.o)
                0x2000045c                __malloc_av_
 .data.__malloc_sbrk_base
                0x20000864        0x4 c:/ac6/systemworkbench/plugins/fr.ac6.mcu.externaltools.arm-none.win32_1.17.0.201812190825/tools/compiler/bin/../lib/gcc/arm-none-eabi/7.3.1/../../../../arm-none-eabi/lib/thumb/v7e-m/fpv4-sp/hard\libc.a(lib_a-mallocr.o)
                0x20000864                __malloc_sbrk_base
 .data.__malloc_trim_threshold
                0x20000868        0x4 c:/ac6/systemworkbench/plugins/fr.ac6.mcu.externaltools.arm-none.win32_1.17.0.201812190825/tools/compiler/bin/../lib/gcc/arm-none-eabi/7.3.1/../../../../arm-none-eabi/lib/thumb/v7e-m/fpv4-sp/hard\libc.a(lib_a-mallocr.o)
                0x20000868                __malloc_trim_threshold
 .data.__global_locale
                0x2000086c      0x16c c:/ac6/systemworkbench/plugins/fr.ac6.mcu.externaltools.arm-none.win32_1.17.0.201812190825/tools/compiler/bin/../lib/gcc/arm-none-eabi/7.3.1/../../../../arm-none-eabi/lib/thumb/v7e-m/fpv4-sp/hard\libc.a(lib_a-locale.o)
                0x2000086c                __global_locale
                0x200009d8                . = ALIGN (0x4)
                0x200009d8                _edata = .

.igot.plt       0x200009d8        0x0 load address 0x0800a1f4
 .igot.plt      0x200009d8        0x0 c:/ac6/systemworkbench/plugins/fr.ac6.mcu.externaltools.arm-none.win32_1.17.0.201812190825/tools/compiler/bin/../lib/gcc/arm-none-eabi/7.3.1/thumb/v7e-m/fpv4-sp/hard/crtbegin.o
                0x200009d8                . = ALIGN (0x4)

.bss            0x200009d8      0x6ec load address 0x0800a1f4
                0x200009d8                _sbss = .
                0x200009d8                __bss_start__ = _sbss
 *(.bss)
 .bss           0x200009d8       0x1c c:/ac6/systemworkbench/plugins/fr.ac6.mcu.externaltools.arm-none.win32_1.17.0.201812190825/tools/compiler/bin/../lib/gcc/arm-none-eabi/7.3.1/thumb/v7e-m/fpv4-sp/hard/crtbegin.o
 .bss           0x200009f4        0x1 libs/lcd.o
                0x200009f4                curpos
 *fill*         0x200009f5        0x3 
 .bss           0x200009f8        0x4 libs/uart.o
                0x200009f8                charcounter
 .bss           0x200009fc        0x8 src/syscalls.o
                0x200009fc                __env
 *(.bss*)
 .bss.__malloc_current_mallinfo
                0x20000a04       0x28 c:/ac6/systemworkbench/plugins/fr.ac6.mcu.externaltools.arm-none.win32_1.17.0.201812190825/tools/compiler/bin/../lib/gcc/arm-none-eabi/7.3.1/../../../../arm-none-eabi/lib/thumb/v7e-m/fpv4-sp/hard\libc.a(lib_a-mallocr.o)
                0x20000a04                __malloc_current_mallinfo
 .bss.__malloc_max_sbrked_mem
                0x20000a2c        0x4 c:/ac6/systemworkbench/plugins/fr.ac6.mcu.externaltools.arm-none.win32_1.17.0.201812190825/tools/compiler/bin/../lib/gcc/arm-none-eabi/7.3.1/../../../../arm-none-eabi/lib/thumb/v7e-m/fpv4-sp/hard\libc.a(lib_a-mallocr.o)
                0x20000a2c                __malloc_max_sbrked_mem
 .bss.__malloc_max_total_mem
                0x20000a30        0x4 c:/ac6/systemworkbench/plugins/fr.ac6.mcu.externaltools.arm-none.win32_1.17.0.201812190825/tools/compiler/bin/../lib/gcc/arm-none-eabi/7.3.1/../../../../arm-none-eabi/lib/thumb/v7e-m/fpv4-sp/hard\libc.a(lib_a-mallocr.o)
                0x20000a30                __malloc_max_total_mem
 .bss.__malloc_top_pad
                0x20000a34        0x4 c:/ac6/systemworkbench/plugins/fr.ac6.mcu.externaltools.arm-none.win32_1.17.0.201812190825/tools/compiler/bin/../lib/gcc/arm-none-eabi/7.3.1/../../../../arm-none-eabi/lib/thumb/v7e-m/fpv4-sp/hard\libc.a(lib_a-mallocr.o)
                0x20000a34                __malloc_top_pad
 *(COMMON)
 COMMON         0x20000a38      0x200 libs/dac.o
                0x20000a38                x
                0x20000c2c                i
                0x20000c30                y
                0x20000c34                tel
 COMMON         0x20000c38       0x10 libs/delay.o
                0x20000c38                G_CLK
                0x20000c3c                D_S
                0x20000c40                D_uS
                0x20000c44                D_mS
 COMMON         0x20000c48        0x8 libs/keys_int.o
                0x20000c48                incrementor
                0x20000c4c                G_KEY
 COMMON         0x20000c50       0x64 libs/uart.o
                0x20000c50                string
 COMMON         0x20000cb4      0x3e8 src/main.o
                0x20000cb4                h_temp
                0x20000ea8                h
 COMMON         0x2000109c       0x21 c:/ac6/systemworkbench/plugins/fr.ac6.mcu.externaltools.arm-none.win32_1.17.0.201812190825/tools/compiler/bin/../lib/gcc/arm-none-eabi/7.3.1/../../../../arm-none-eabi/lib/thumb/v7e-m/fpv4-sp/hard\libc.a(lib_a-lock.o)
                0x2000109c                __lock___atexit_recursive_mutex
                0x200010a0                __lock___arc4random_mutex
                0x200010a4                __lock___env_recursive_mutex
                0x200010a8                __lock___sinit_recursive_mutex
                0x200010ac                __lock___malloc_recursive_mutex
                0x200010b0                __lock___at_quick_exit_mutex
                0x200010b4                __lock___dd_hash_mutex
                0x200010b8                __lock___tz_mutex
                0x200010bc                __lock___sfp_recursive_mutex
 *fill*         0x200010bd        0x3 
 COMMON         0x200010c0        0x4 c:/ac6/systemworkbench/plugins/fr.ac6.mcu.externaltools.arm-none.win32_1.17.0.201812190825/tools/compiler/bin/../lib/gcc/arm-none-eabi/7.3.1/../../../../arm-none-eabi/lib/thumb/v7e-m/fpv4-sp/hard\libc.a(lib_a-reent.o)
                0x200010c0                errno
                0x200010c4                . = ALIGN (0x4)
                0x200010c4                _ebss = .
                0x200010c4                __bss_end__ = _ebss

._user_heap_stack
                0x200010c4      0x404 load address 0x0800a1f4
                0x200010c8                . = ALIGN (0x8)
 *fill*         0x200010c4        0x4 
                0x200010c8                PROVIDE (end = .)
                [!provide]                PROVIDE (_end = .)
                0x200010c8                . = (. + _Min_Heap_Size)
                0x200014c8                . = (. + _Min_Stack_Size)
 *fill*         0x200010c8      0x400 
                0x200014c8                . = ALIGN (0x8)

/DISCARD/
 libc.a(*)
 libm.a(*)
 libgcc.a(*)

.ARM.attributes
                0x00000000       0x30
 *(.ARM.attributes)
 .ARM.attributes
                0x00000000       0x22 c:/ac6/systemworkbench/plugins/fr.ac6.mcu.externaltools.arm-none.win32_1.17.0.201812190825/tools/compiler/bin/../lib/gcc/arm-none-eabi/7.3.1/thumb/v7e-m/fpv4-sp/hard/crti.o
 .ARM.attributes
                0x00000022       0x34 c:/ac6/systemworkbench/plugins/fr.ac6.mcu.externaltools.arm-none.win32_1.17.0.201812190825/tools/compiler/bin/../lib/gcc/arm-none-eabi/7.3.1/thumb/v7e-m/fpv4-sp/hard/crtbegin.o
 .ARM.attributes
                0x00000056       0x39 StdPeriph_Driver/src/misc.o
 .ARM.attributes
                0x0000008f       0x39 StdPeriph_Driver/src/stm32f4xx_adc.o
 .ARM.attributes
                0x000000c8       0x39 StdPeriph_Driver/src/stm32f4xx_dac.o
 .ARM.attributes
                0x00000101       0x39 StdPeriph_Driver/src/stm32f4xx_exti.o
 .ARM.attributes
                0x0000013a       0x39 StdPeriph_Driver/src/stm32f4xx_gpio.o
 .ARM.attributes
                0x00000173       0x39 StdPeriph_Driver/src/stm32f4xx_rcc.o
 .ARM.attributes
                0x000001ac       0x39 StdPeriph_Driver/src/stm32f4xx_syscfg.o
 .ARM.attributes
                0x000001e5       0x39 StdPeriph_Driver/src/stm32f4xx_tim.o
 .ARM.attributes
                0x0000021e       0x39 StdPeriph_Driver/src/stm32f4xx_usart.o
 .ARM.attributes
                0x00000257       0x39 libs/adc.o
 .ARM.attributes
                0x00000290       0x39 libs/dac.o
 .ARM.attributes
                0x000002c9       0x39 libs/delay.o
 .ARM.attributes
                0x00000302       0x39 libs/keys_int.o
 .ARM.attributes
                0x0000033b       0x39 libs/lcd.o
 .ARM.attributes
                0x00000374       0x39 libs/uart.o
 .ARM.attributes
                0x000003ad       0x39 src/main.o
 .ARM.attributes
                0x000003e6       0x39 src/syscalls.o
 .ARM.attributes
                0x0000041f       0x39 src/system_stm32f4xx.o
 .ARM.attributes
                0x00000458       0x21 startup/startup_stm32.o
 .ARM.attributes
                0x00000479       0x34 c:/ac6/systemworkbench/plugins/fr.ac6.mcu.externaltools.arm-none.win32_1.17.0.201812190825/tools/compiler/bin/../lib/gcc/arm-none-eabi/7.3.1/../../../../arm-none-eabi/lib/thumb/v7e-m/fpv4-sp/hard\libm.a(lib_a-s_cos.o)
 .ARM.attributes
                0x000004ad       0x34 c:/ac6/systemworkbench/plugins/fr.ac6.mcu.externaltools.arm-none.win32_1.17.0.201812190825/tools/compiler/bin/../lib/gcc/arm-none-eabi/7.3.1/../../../../arm-none-eabi/lib/thumb/v7e-m/fpv4-sp/hard\libm.a(lib_a-s_sin.o)
 .ARM.attributes
                0x000004e1       0x34 c:/ac6/systemworkbench/plugins/fr.ac6.mcu.externaltools.arm-none.win32_1.17.0.201812190825/tools/compiler/bin/../lib/gcc/arm-none-eabi/7.3.1/../../../../arm-none-eabi/lib/thumb/v7e-m/fpv4-sp/hard\libm.a(lib_a-e_rem_pio2.o)
 .ARM.attributes
                0x00000515       0x34 c:/ac6/systemworkbench/plugins/fr.ac6.mcu.externaltools.arm-none.win32_1.17.0.201812190825/tools/compiler/bin/../lib/gcc/arm-none-eabi/7.3.1/../../../../arm-none-eabi/lib/thumb/v7e-m/fpv4-sp/hard\libm.a(lib_a-k_cos.o)
 .ARM.attributes
                0x00000549       0x34 c:/ac6/systemworkbench/plugins/fr.ac6.mcu.externaltools.arm-none.win32_1.17.0.201812190825/tools/compiler/bin/../lib/gcc/arm-none-eabi/7.3.1/../../../../arm-none-eabi/lib/thumb/v7e-m/fpv4-sp/hard\libm.a(lib_a-k_rem_pio2.o)
 .ARM.attributes
                0x0000057d       0x34 c:/ac6/systemworkbench/plugins/fr.ac6.mcu.externaltools.arm-none.win32_1.17.0.201812190825/tools/compiler/bin/../lib/gcc/arm-none-eabi/7.3.1/../../../../arm-none-eabi/lib/thumb/v7e-m/fpv4-sp/hard\libm.a(lib_a-k_sin.o)
 .ARM.attributes
                0x000005b1       0x34 c:/ac6/systemworkbench/plugins/fr.ac6.mcu.externaltools.arm-none.win32_1.17.0.201812190825/tools/compiler/bin/../lib/gcc/arm-none-eabi/7.3.1/../../../../arm-none-eabi/lib/thumb/v7e-m/fpv4-sp/hard\libm.a(lib_a-s_fabs.o)
 .ARM.attributes
                0x000005e5       0x34 c:/ac6/systemworkbench/plugins/fr.ac6.mcu.externaltools.arm-none.win32_1.17.0.201812190825/tools/compiler/bin/../lib/gcc/arm-none-eabi/7.3.1/../../../../arm-none-eabi/lib/thumb/v7e-m/fpv4-sp/hard\libm.a(lib_a-s_floor.o)
 .ARM.attributes
                0x00000619       0x34 c:/ac6/systemworkbench/plugins/fr.ac6.mcu.externaltools.arm-none.win32_1.17.0.201812190825/tools/compiler/bin/../lib/gcc/arm-none-eabi/7.3.1/../../../../arm-none-eabi/lib/thumb/v7e-m/fpv4-sp/hard\libm.a(lib_a-s_scalbn.o)
 .ARM.attributes
                0x0000064d       0x34 c:/ac6/systemworkbench/plugins/fr.ac6.mcu.externaltools.arm-none.win32_1.17.0.201812190825/tools/compiler/bin/../lib/gcc/arm-none-eabi/7.3.1/../../../../arm-none-eabi/lib/thumb/v7e-m/fpv4-sp/hard\libm.a(lib_a-s_copysign.o)
 .ARM.attributes
                0x00000681       0x22 c:/ac6/systemworkbench/plugins/fr.ac6.mcu.externaltools.arm-none.win32_1.17.0.201812190825/tools/compiler/bin/../lib/gcc/arm-none-eabi/7.3.1/thumb/v7e-m/fpv4-sp/hard\libgcc.a(_arm_addsubdf3.o)
 .ARM.attributes
                0x000006a3       0x22 c:/ac6/systemworkbench/plugins/fr.ac6.mcu.externaltools.arm-none.win32_1.17.0.201812190825/tools/compiler/bin/../lib/gcc/arm-none-eabi/7.3.1/thumb/v7e-m/fpv4-sp/hard\libgcc.a(_arm_muldivdf3.o)
 .ARM.attributes
                0x000006c5       0x22 c:/ac6/systemworkbench/plugins/fr.ac6.mcu.externaltools.arm-none.win32_1.17.0.201812190825/tools/compiler/bin/../lib/gcc/arm-none-eabi/7.3.1/thumb/v7e-m/fpv4-sp/hard\libgcc.a(_arm_cmpdf2.o)
 .ARM.attributes
                0x000006e7       0x22 c:/ac6/systemworkbench/plugins/fr.ac6.mcu.externaltools.arm-none.win32_1.17.0.201812190825/tools/compiler/bin/../lib/gcc/arm-none-eabi/7.3.1/thumb/v7e-m/fpv4-sp/hard\libgcc.a(_arm_fixdfsi.o)
 .ARM.attributes
                0x00000709       0x22 c:/ac6/systemworkbench/plugins/fr.ac6.mcu.externaltools.arm-none.win32_1.17.0.201812190825/tools/compiler/bin/../lib/gcc/arm-none-eabi/7.3.1/thumb/v7e-m/fpv4-sp/hard\libgcc.a(_arm_fixunsdfsi.o)
 .ARM.attributes
                0x0000072b       0x22 c:/ac6/systemworkbench/plugins/fr.ac6.mcu.externaltools.arm-none.win32_1.17.0.201812190825/tools/compiler/bin/../lib/gcc/arm-none-eabi/7.3.1/thumb/v7e-m/fpv4-sp/hard\libgcc.a(_arm_truncdfsf2.o)
 .ARM.attributes
                0x0000074d       0x34 c:/ac6/systemworkbench/plugins/fr.ac6.mcu.externaltools.arm-none.win32_1.17.0.201812190825/tools/compiler/bin/../lib/gcc/arm-none-eabi/7.3.1/../../../../arm-none-eabi/lib/thumb/v7e-m/fpv4-sp/hard\libc.a(lib_a-errno.o)
 .ARM.attributes
                0x00000781       0x34 c:/ac6/systemworkbench/plugins/fr.ac6.mcu.externaltools.arm-none.win32_1.17.0.201812190825/tools/compiler/bin/../lib/gcc/arm-none-eabi/7.3.1/../../../../arm-none-eabi/lib/thumb/v7e-m/fpv4-sp/hard\libc.a(lib_a-impure.o)
 .ARM.attributes
                0x000007b5       0x34 c:/ac6/systemworkbench/plugins/fr.ac6.mcu.externaltools.arm-none.win32_1.17.0.201812190825/tools/compiler/bin/../lib/gcc/arm-none-eabi/7.3.1/../../../../arm-none-eabi/lib/thumb/v7e-m/fpv4-sp/hard\libc.a(lib_a-init.o)
 .ARM.attributes
                0x000007e9       0x34 c:/ac6/systemworkbench/plugins/fr.ac6.mcu.externaltools.arm-none.win32_1.17.0.201812190825/tools/compiler/bin/../lib/gcc/arm-none-eabi/7.3.1/../../../../arm-none-eabi/lib/thumb/v7e-m/fpv4-sp/hard\libc.a(lib_a-memset.o)
 .ARM.attributes
                0x0000081d       0x34 c:/ac6/systemworkbench/plugins/fr.ac6.mcu.externaltools.arm-none.win32_1.17.0.201812190825/tools/compiler/bin/../lib/gcc/arm-none-eabi/7.3.1/../../../../arm-none-eabi/lib/thumb/v7e-m/fpv4-sp/hard\libc.a(lib_a-vsnprintf.o)
 .ARM.attributes
                0x00000851       0x34 c:/ac6/systemworkbench/plugins/fr.ac6.mcu.externaltools.arm-none.win32_1.17.0.201812190825/tools/compiler/bin/../lib/gcc/arm-none-eabi/7.3.1/../../../../arm-none-eabi/lib/thumb/v7e-m/fpv4-sp/hard\libc.a(lib_a-__call_atexit.o)
 .ARM.attributes
                0x00000885       0x34 c:/ac6/systemworkbench/plugins/fr.ac6.mcu.externaltools.arm-none.win32_1.17.0.201812190825/tools/compiler/bin/../lib/gcc/arm-none-eabi/7.3.1/../../../../arm-none-eabi/lib/thumb/v7e-m/fpv4-sp/hard\libc.a(lib_a-atexit.o)
 .ARM.attributes
                0x000008b9       0x34 c:/ac6/systemworkbench/plugins/fr.ac6.mcu.externaltools.arm-none.win32_1.17.0.201812190825/tools/compiler/bin/../lib/gcc/arm-none-eabi/7.3.1/../../../../arm-none-eabi/lib/thumb/v7e-m/fpv4-sp/hard\libc.a(lib_a-fini.o)
 .ARM.attributes
                0x000008ed       0x34 c:/ac6/systemworkbench/plugins/fr.ac6.mcu.externaltools.arm-none.win32_1.17.0.201812190825/tools/compiler/bin/../lib/gcc/arm-none-eabi/7.3.1/../../../../arm-none-eabi/lib/thumb/v7e-m/fpv4-sp/hard\libc.a(lib_a-lock.o)
 .ARM.attributes
                0x00000921       0x34 c:/ac6/systemworkbench/plugins/fr.ac6.mcu.externaltools.arm-none.win32_1.17.0.201812190825/tools/compiler/bin/../lib/gcc/arm-none-eabi/7.3.1/../../../../arm-none-eabi/lib/thumb/v7e-m/fpv4-sp/hard\libc.a(lib_a-svfprintf.o)
 .ARM.attributes
                0x00000955       0x34 c:/ac6/systemworkbench/plugins/fr.ac6.mcu.externaltools.arm-none.win32_1.17.0.201812190825/tools/compiler/bin/../lib/gcc/arm-none-eabi/7.3.1/../../../../arm-none-eabi/lib/thumb/v7e-m/fpv4-sp/hard\libc.a(lib_a-__atexit.o)
 .ARM.attributes
                0x00000989       0x34 c:/ac6/systemworkbench/plugins/fr.ac6.mcu.externaltools.arm-none.win32_1.17.0.201812190825/tools/compiler/bin/../lib/gcc/arm-none-eabi/7.3.1/../../../../arm-none-eabi/lib/thumb/v7e-m/fpv4-sp/hard\libc.a(lib_a-dtoa.o)
 .ARM.attributes
                0x000009bd       0x34 c:/ac6/systemworkbench/plugins/fr.ac6.mcu.externaltools.arm-none.win32_1.17.0.201812190825/tools/compiler/bin/../lib/gcc/arm-none-eabi/7.3.1/../../../../arm-none-eabi/lib/thumb/v7e-m/fpv4-sp/hard\libc.a(lib_a-freer.o)
 .ARM.attributes
                0x000009f1       0x34 c:/ac6/systemworkbench/plugins/fr.ac6.mcu.externaltools.arm-none.win32_1.17.0.201812190825/tools/compiler/bin/../lib/gcc/arm-none-eabi/7.3.1/../../../../arm-none-eabi/lib/thumb/v7e-m/fpv4-sp/hard\libc.a(lib_a-localeconv.o)
 .ARM.attributes
                0x00000a25       0x34 c:/ac6/systemworkbench/plugins/fr.ac6.mcu.externaltools.arm-none.win32_1.17.0.201812190825/tools/compiler/bin/../lib/gcc/arm-none-eabi/7.3.1/../../../../arm-none-eabi/lib/thumb/v7e-m/fpv4-sp/hard\libc.a(lib_a-mallocr.o)
 .ARM.attributes
                0x00000a59       0x20 c:/ac6/systemworkbench/plugins/fr.ac6.mcu.externaltools.arm-none.win32_1.17.0.201812190825/tools/compiler/bin/../lib/gcc/arm-none-eabi/7.3.1/../../../../arm-none-eabi/lib/thumb/v7e-m/fpv4-sp/hard\libc.a(lib_a-memchr.o)
 .ARM.attributes
                0x00000a79       0x20 c:/ac6/systemworkbench/plugins/fr.ac6.mcu.externaltools.arm-none.win32_1.17.0.201812190825/tools/compiler/bin/../lib/gcc/arm-none-eabi/7.3.1/../../../../arm-none-eabi/lib/thumb/v7e-m/fpv4-sp/hard\libc.a(lib_a-memcpy.o)
 .ARM.attributes
                0x00000a99       0x34 c:/ac6/systemworkbench/plugins/fr.ac6.mcu.externaltools.arm-none.win32_1.17.0.201812190825/tools/compiler/bin/../lib/gcc/arm-none-eabi/7.3.1/../../../../arm-none-eabi/lib/thumb/v7e-m/fpv4-sp/hard\libc.a(lib_a-mlock.o)
 .ARM.attributes
                0x00000acd       0x34 c:/ac6/systemworkbench/plugins/fr.ac6.mcu.externaltools.arm-none.win32_1.17.0.201812190825/tools/compiler/bin/../lib/gcc/arm-none-eabi/7.3.1/../../../../arm-none-eabi/lib/thumb/v7e-m/fpv4-sp/hard\libc.a(lib_a-mprec.o)
 .ARM.attributes
                0x00000b01       0x34 c:/ac6/systemworkbench/plugins/fr.ac6.mcu.externaltools.arm-none.win32_1.17.0.201812190825/tools/compiler/bin/../lib/gcc/arm-none-eabi/7.3.1/../../../../arm-none-eabi/lib/thumb/v7e-m/fpv4-sp/hard\libc.a(lib_a-s_frexp.o)
 .ARM.attributes
                0x00000b35       0x34 c:/ac6/systemworkbench/plugins/fr.ac6.mcu.externaltools.arm-none.win32_1.17.0.201812190825/tools/compiler/bin/../lib/gcc/arm-none-eabi/7.3.1/../../../../arm-none-eabi/lib/thumb/v7e-m/fpv4-sp/hard\libc.a(lib_a-sbrkr.o)
 .ARM.attributes
                0x00000b69       0x20 c:/ac6/systemworkbench/plugins/fr.ac6.mcu.externaltools.arm-none.win32_1.17.0.201812190825/tools/compiler/bin/../lib/gcc/arm-none-eabi/7.3.1/../../../../arm-none-eabi/lib/thumb/v7e-m/fpv4-sp/hard\libc.a(lib_a-strlen.o)
 .ARM.attributes
                0x00000b89       0x34 c:/ac6/systemworkbench/plugins/fr.ac6.mcu.externaltools.arm-none.win32_1.17.0.201812190825/tools/compiler/bin/../lib/gcc/arm-none-eabi/7.3.1/../../../../arm-none-eabi/lib/thumb/v7e-m/fpv4-sp/hard\libc.a(lib_a-strncpy.o)
 .ARM.attributes
                0x00000bbd       0x34 c:/ac6/systemworkbench/plugins/fr.ac6.mcu.externaltools.arm-none.win32_1.17.0.201812190825/tools/compiler/bin/../lib/gcc/arm-none-eabi/7.3.1/../../../../arm-none-eabi/lib/thumb/v7e-m/fpv4-sp/hard\libc.a(lib_a-svfiprintf.o)
 .ARM.attributes
                0x00000bf1       0x34 c:/ac6/systemworkbench/plugins/fr.ac6.mcu.externaltools.arm-none.win32_1.17.0.201812190825/tools/compiler/bin/../lib/gcc/arm-none-eabi/7.3.1/../../../../arm-none-eabi/lib/thumb/v7e-m/fpv4-sp/hard\libc.a(lib_a-callocr.o)
 .ARM.attributes
                0x00000c25       0x34 c:/ac6/systemworkbench/plugins/fr.ac6.mcu.externaltools.arm-none.win32_1.17.0.201812190825/tools/compiler/bin/../lib/gcc/arm-none-eabi/7.3.1/../../../../arm-none-eabi/lib/thumb/v7e-m/fpv4-sp/hard\libc.a(lib_a-locale.o)
 .ARM.attributes
                0x00000c59       0x34 c:/ac6/systemworkbench/plugins/fr.ac6.mcu.externaltools.arm-none.win32_1.17.0.201812190825/tools/compiler/bin/../lib/gcc/arm-none-eabi/7.3.1/../../../../arm-none-eabi/lib/thumb/v7e-m/fpv4-sp/hard\libc.a(lib_a-mbtowc_r.o)
 .ARM.attributes
                0x00000c8d       0x34 c:/ac6/systemworkbench/plugins/fr.ac6.mcu.externaltools.arm-none.win32_1.17.0.201812190825/tools/compiler/bin/../lib/gcc/arm-none-eabi/7.3.1/../../../../arm-none-eabi/lib/thumb/v7e-m/fpv4-sp/hard\libc.a(lib_a-memmove.o)
 .ARM.attributes
                0x00000cc1       0x34 c:/ac6/systemworkbench/plugins/fr.ac6.mcu.externaltools.arm-none.win32_1.17.0.201812190825/tools/compiler/bin/../lib/gcc/arm-none-eabi/7.3.1/../../../../arm-none-eabi/lib/thumb/v7e-m/fpv4-sp/hard\libc.a(lib_a-reallocr.o)
 .ARM.attributes
                0x00000cf5       0x34 c:/ac6/systemworkbench/plugins/fr.ac6.mcu.externaltools.arm-none.win32_1.17.0.201812190825/tools/compiler/bin/../lib/gcc/arm-none-eabi/7.3.1/../../../../arm-none-eabi/lib/thumb/v7e-m/fpv4-sp/hard\libc.a(lib_a-reent.o)
 .ARM.attributes
                0x00000d29       0x34 c:/ac6/systemworkbench/plugins/fr.ac6.mcu.externaltools.arm-none.win32_1.17.0.201812190825/tools/compiler/bin/../lib/gcc/arm-none-eabi/7.3.1/../../../../arm-none-eabi/lib/thumb/v7e-m/fpv4-sp/hard\libc.a(lib_a-wctomb_r.o)
 .ARM.attributes
                0x00000d5d       0x34 c:/ac6/systemworkbench/plugins/fr.ac6.mcu.externaltools.arm-none.win32_1.17.0.201812190825/tools/compiler/bin/../lib/gcc/arm-none-eabi/7.3.1/../../../../arm-none-eabi/lib/thumb/v7e-m/fpv4-sp/hard\libc.a(lib_a-ctype_.o)
 .ARM.attributes
                0x00000d91       0x22 c:/ac6/systemworkbench/plugins/fr.ac6.mcu.externaltools.arm-none.win32_1.17.0.201812190825/tools/compiler/bin/../lib/gcc/arm-none-eabi/7.3.1/thumb/v7e-m/fpv4-sp/hard\libgcc.a(_arm_unorddf2.o)
 .ARM.attributes
                0x00000db3       0x22 c:/ac6/systemworkbench/plugins/fr.ac6.mcu.externaltools.arm-none.win32_1.17.0.201812190825/tools/compiler/bin/../lib/gcc/arm-none-eabi/7.3.1/thumb/v7e-m/fpv4-sp/hard\libgcc.a(_aeabi_uldivmod.o)
 .ARM.attributes
                0x00000dd5       0x34 c:/ac6/systemworkbench/plugins/fr.ac6.mcu.externaltools.arm-none.win32_1.17.0.201812190825/tools/compiler/bin/../lib/gcc/arm-none-eabi/7.3.1/thumb/v7e-m/fpv4-sp/hard\libgcc.a(_udivmoddi4.o)
 .ARM.attributes
                0x00000e09       0x22 c:/ac6/systemworkbench/plugins/fr.ac6.mcu.externaltools.arm-none.win32_1.17.0.201812190825/tools/compiler/bin/../lib/gcc/arm-none-eabi/7.3.1/thumb/v7e-m/fpv4-sp/hard\libgcc.a(_dvmd_tls.o)
 .ARM.attributes
                0x00000e2b       0x22 c:/ac6/systemworkbench/plugins/fr.ac6.mcu.externaltools.arm-none.win32_1.17.0.201812190825/tools/compiler/bin/../lib/gcc/arm-none-eabi/7.3.1/thumb/v7e-m/fpv4-sp/hard/crtn.o
OUTPUT(STP_convolution_filter.elf elf32-littlearm)

.debug_info     0x00000000     0xd37c
 .debug_info    0x00000000      0x54b StdPeriph_Driver/src/misc.o
 .debug_info    0x0000054b      0xc4e StdPeriph_Driver/src/stm32f4xx_adc.o
 .debug_info    0x00001199      0x653 StdPeriph_Driver/src/stm32f4xx_dac.o
 .debug_info    0x000017ec      0x358 StdPeriph_Driver/src/stm32f4xx_exti.o
 .debug_info    0x00001b44      0x62b StdPeriph_Driver/src/stm32f4xx_gpio.o
 .debug_info    0x0000216f      0xe67 StdPeriph_Driver/src/stm32f4xx_rcc.o
 .debug_info    0x00002fd6      0x2a6 StdPeriph_Driver/src/stm32f4xx_syscfg.o
 .debug_info    0x0000327c     0x1c73 StdPeriph_Driver/src/stm32f4xx_tim.o
 .debug_info    0x00004eef      0x9d4 StdPeriph_Driver/src/stm32f4xx_usart.o
 .debug_info    0x000058c3      0xdf5 libs/adc.o
 .debug_info    0x000066b8     0x11b1 libs/dac.o
 .debug_info    0x00007869      0xad5 libs/delay.o
 .debug_info    0x0000833e      0xfc8 libs/keys_int.o
 .debug_info    0x00009306      0xdc1 libs/lcd.o
 .debug_info    0x0000a0c7     0x10db libs/uart.o
 .debug_info    0x0000b1a2      0xc78 src/main.o
 .debug_info    0x0000be1a      0xf2e src/syscalls.o
 .debug_info    0x0000cd48      0x612 src/system_stm32f4xx.o
 .debug_info    0x0000d35a       0x22 startup/startup_stm32.o

.debug_abbrev   0x00000000     0x247d
 .debug_abbrev  0x00000000      0x177 StdPeriph_Driver/src/misc.o
 .debug_abbrev  0x00000177      0x1b0 StdPeriph_Driver/src/stm32f4xx_adc.o
 .debug_abbrev  0x00000327      0x196 StdPeriph_Driver/src/stm32f4xx_dac.o
 .debug_abbrev  0x000004bd      0x1c3 StdPeriph_Driver/src/stm32f4xx_exti.o
 .debug_abbrev  0x00000680      0x1bf StdPeriph_Driver/src/stm32f4xx_gpio.o
 .debug_abbrev  0x0000083f      0x1d4 StdPeriph_Driver/src/stm32f4xx_rcc.o
 .debug_abbrev  0x00000a13      0x14b StdPeriph_Driver/src/stm32f4xx_syscfg.o
 .debug_abbrev  0x00000b5e      0x19f StdPeriph_Driver/src/stm32f4xx_tim.o
 .debug_abbrev  0x00000cfd      0x187 StdPeriph_Driver/src/stm32f4xx_usart.o
 .debug_abbrev  0x00000e84      0x260 libs/adc.o
 .debug_abbrev  0x000010e4      0x2b8 libs/dac.o
 .debug_abbrev  0x0000139c      0x255 libs/delay.o
 .debug_abbrev  0x000015f1      0x2ba libs/keys_int.o
 .debug_abbrev  0x000018ab      0x284 libs/lcd.o
 .debug_abbrev  0x00001b2f      0x2d1 libs/uart.o
 .debug_abbrev  0x00001e00      0x264 src/main.o
 .debug_abbrev  0x00002064      0x2aa src/syscalls.o
 .debug_abbrev  0x0000230e      0x15d src/system_stm32f4xx.o
 .debug_abbrev  0x0000246b       0x12 startup/startup_stm32.o

.debug_aranges  0x00000000      0xbd0
 .debug_aranges
                0x00000000       0x40 StdPeriph_Driver/src/misc.o
 .debug_aranges
                0x00000040      0x148 StdPeriph_Driver/src/stm32f4xx_adc.o
 .debug_aranges
                0x00000188       0xa0 StdPeriph_Driver/src/stm32f4xx_dac.o
 .debug_aranges
                0x00000228       0x58 StdPeriph_Driver/src/stm32f4xx_exti.o
 .debug_aranges
                0x00000280       0x88 StdPeriph_Driver/src/stm32f4xx_gpio.o
 .debug_aranges
                0x00000308      0x1c0 StdPeriph_Driver/src/stm32f4xx_rcc.o
 .debug_aranges
                0x000004c8       0x50 StdPeriph_Driver/src/stm32f4xx_syscfg.o
 .debug_aranges
                0x00000518      0x2f8 StdPeriph_Driver/src/stm32f4xx_tim.o
 .debug_aranges
                0x00000810      0x100 StdPeriph_Driver/src/stm32f4xx_usart.o
 .debug_aranges
                0x00000910       0x28 libs/adc.o
 .debug_aranges
                0x00000938       0x38 libs/dac.o
 .debug_aranges
                0x00000970       0x38 libs/delay.o
 .debug_aranges
                0x000009a8       0x40 libs/keys_int.o
 .debug_aranges
                0x000009e8       0x78 libs/lcd.o
 .debug_aranges
                0x00000a60       0x38 libs/uart.o
 .debug_aranges
                0x00000a98       0x30 src/main.o
 .debug_aranges
                0x00000ac8       0xb0 src/syscalls.o
 .debug_aranges
                0x00000b78       0x30 src/system_stm32f4xx.o
 .debug_aranges
                0x00000ba8       0x28 startup/startup_stm32.o

.debug_ranges   0x00000000      0xaa8
 .debug_ranges  0x00000000       0x30 StdPeriph_Driver/src/misc.o
 .debug_ranges  0x00000030      0x138 StdPeriph_Driver/src/stm32f4xx_adc.o
 .debug_ranges  0x00000168       0x90 StdPeriph_Driver/src/stm32f4xx_dac.o
 .debug_ranges  0x000001f8       0x48 StdPeriph_Driver/src/stm32f4xx_exti.o
 .debug_ranges  0x00000240       0x78 StdPeriph_Driver/src/stm32f4xx_gpio.o
 .debug_ranges  0x000002b8      0x1b0 StdPeriph_Driver/src/stm32f4xx_rcc.o
 .debug_ranges  0x00000468       0x40 StdPeriph_Driver/src/stm32f4xx_syscfg.o
 .debug_ranges  0x000004a8      0x2e8 StdPeriph_Driver/src/stm32f4xx_tim.o
 .debug_ranges  0x00000790       0xf0 StdPeriph_Driver/src/stm32f4xx_usart.o
 .debug_ranges  0x00000880       0x18 libs/adc.o
 .debug_ranges  0x00000898       0x28 libs/dac.o
 .debug_ranges  0x000008c0       0x28 libs/delay.o
 .debug_ranges  0x000008e8       0x30 libs/keys_int.o
 .debug_ranges  0x00000918       0x68 libs/lcd.o
 .debug_ranges  0x00000980       0x28 libs/uart.o
 .debug_ranges  0x000009a8       0x20 src/main.o
 .debug_ranges  0x000009c8       0xa0 src/syscalls.o
 .debug_ranges  0x00000a68       0x20 src/system_stm32f4xx.o
 .debug_ranges  0x00000a88       0x20 startup/startup_stm32.o

.debug_macro    0x00000000    0x144a4
 .debug_macro   0x00000000      0x1be StdPeriph_Driver/src/misc.o
 .debug_macro   0x000001be      0xa78 StdPeriph_Driver/src/misc.o
 .debug_macro   0x00000c36       0x65 StdPeriph_Driver/src/misc.o
 .debug_macro   0x00000c9b       0x3b StdPeriph_Driver/src/misc.o
 .debug_macro   0x00000cd6       0x22 StdPeriph_Driver/src/misc.o
 .debug_macro   0x00000cf8       0x8e StdPeriph_Driver/src/misc.o
 .debug_macro   0x00000d86       0x51 StdPeriph_Driver/src/misc.o
 .debug_macro   0x00000dd7       0xef StdPeriph_Driver/src/misc.o
 .debug_macro   0x00000ec6       0x6a StdPeriph_Driver/src/misc.o
 .debug_macro   0x00000f30      0x1df StdPeriph_Driver/src/misc.o
 .debug_macro   0x0000110f       0x34 StdPeriph_Driver/src/misc.o
 .debug_macro   0x00001143       0x26 StdPeriph_Driver/src/misc.o
 .debug_macro   0x00001169      0xe43 StdPeriph_Driver/src/misc.o
 .debug_macro   0x00001fac     0x91ad StdPeriph_Driver/src/misc.o
 .debug_macro   0x0000b159      0x44f StdPeriph_Driver/src/misc.o
 .debug_macro   0x0000b5a8       0xb2 StdPeriph_Driver/src/misc.o
 .debug_macro   0x0000b65a      0x477 StdPeriph_Driver/src/misc.o
 .debug_macro   0x0000bad1       0xb5 StdPeriph_Driver/src/misc.o
 .debug_macro   0x0000bb86      0x41c StdPeriph_Driver/src/misc.o
 .debug_macro   0x0000bfa2      0x2fb StdPeriph_Driver/src/misc.o
 .debug_macro   0x0000c29d      0x2ba StdPeriph_Driver/src/misc.o
 .debug_macro   0x0000c557       0x64 StdPeriph_Driver/src/misc.o
 .debug_macro   0x0000c5bb       0xee StdPeriph_Driver/src/misc.o
 .debug_macro   0x0000c6a9      0x65f StdPeriph_Driver/src/misc.o
 .debug_macro   0x0000cd08      0x59e StdPeriph_Driver/src/misc.o
 .debug_macro   0x0000d2a6      0x342 StdPeriph_Driver/src/misc.o
 .debug_macro   0x0000d5e8      0x36c StdPeriph_Driver/src/misc.o
 .debug_macro   0x0000d954      0x114 StdPeriph_Driver/src/misc.o
 .debug_macro   0x0000da68      0x73b StdPeriph_Driver/src/misc.o
 .debug_macro   0x0000e1a3      0x223 StdPeriph_Driver/src/misc.o
 .debug_macro   0x0000e3c6       0x34 StdPeriph_Driver/src/misc.o
 .debug_macro   0x0000e3fa      0x144 StdPeriph_Driver/src/misc.o
 .debug_macro   0x0000e53e       0xc3 StdPeriph_Driver/src/misc.o
 .debug_macro   0x0000e601       0x40 StdPeriph_Driver/src/misc.o
 .debug_macro   0x0000e641      0x3cf StdPeriph_Driver/src/misc.o
 .debug_macro   0x0000ea10      0x188 StdPeriph_Driver/src/misc.o
 .debug_macro   0x0000eb98      0x149 StdPeriph_Driver/src/misc.o
 .debug_macro   0x0000ece1       0x35 StdPeriph_Driver/src/misc.o
 .debug_macro   0x0000ed16       0x7c StdPeriph_Driver/src/misc.o
 .debug_macro   0x0000ed92      0x240 StdPeriph_Driver/src/stm32f4xx_adc.o
 .debug_macro   0x0000efd2       0x82 StdPeriph_Driver/src/stm32f4xx_adc.o
 .debug_macro   0x0000f054      0x1ef StdPeriph_Driver/src/stm32f4xx_dac.o
 .debug_macro   0x0000f243      0x182 StdPeriph_Driver/src/stm32f4xx_dac.o
 .debug_macro   0x0000f3c5      0x1be StdPeriph_Driver/src/stm32f4xx_exti.o
 .debug_macro   0x0000f583       0xaf StdPeriph_Driver/src/stm32f4xx_exti.o
 .debug_macro   0x0000f632      0x1bc StdPeriph_Driver/src/stm32f4xx_gpio.o
 .debug_macro   0x0000f7ee      0x2f5 StdPeriph_Driver/src/stm32f4xx_gpio.o
 .debug_macro   0x0000fae3      0x28b StdPeriph_Driver/src/stm32f4xx_rcc.o
 .debug_macro   0x0000fd6e      0x20a StdPeriph_Driver/src/stm32f4xx_syscfg.o
 .debug_macro   0x0000ff78      0x10e StdPeriph_Driver/src/stm32f4xx_syscfg.o
 .debug_macro   0x00010086      0x1e6 StdPeriph_Driver/src/stm32f4xx_tim.o
 .debug_macro   0x0001026c      0x735 StdPeriph_Driver/src/stm32f4xx_tim.o
 .debug_macro   0x000109a1      0x1d4 StdPeriph_Driver/src/stm32f4xx_usart.o
 .debug_macro   0x00010b75      0x21d StdPeriph_Driver/src/stm32f4xx_usart.o
 .debug_macro   0x00010d92      0x3ac libs/adc.o
 .debug_macro   0x0001113e       0x52 libs/adc.o
 .debug_macro   0x00011190       0x5e libs/adc.o
 .debug_macro   0x000111ee       0x18 libs/adc.o
 .debug_macro   0x00011206       0x35 libs/adc.o
 .debug_macro   0x0001123b       0x34 libs/adc.o
 .debug_macro   0x0001126f       0x16 libs/adc.o
 .debug_macro   0x00011285       0x97 libs/adc.o
 .debug_macro   0x0001131c      0x330 libs/adc.o
 .debug_macro   0x0001164c       0xfd libs/adc.o
 .debug_macro   0x00011749       0x10 libs/adc.o
 .debug_macro   0x00011759       0x58 libs/adc.o
 .debug_macro   0x000117b1       0x1f libs/adc.o
 .debug_macro   0x000117d0       0x43 libs/adc.o
 .debug_macro   0x00011813       0x20 libs/adc.o
 .debug_macro   0x00011833      0x18e libs/adc.o
 .debug_macro   0x000119c1       0x10 libs/adc.o
 .debug_macro   0x000119d1       0x1c libs/adc.o
 .debug_macro   0x000119ed       0x52 libs/adc.o
 .debug_macro   0x00011a3f       0x40 libs/adc.o
 .debug_macro   0x00011a7f       0x10 libs/adc.o
 .debug_macro   0x00011a8f       0x40 libs/adc.o
 .debug_macro   0x00011acf       0xd7 libs/adc.o
 .debug_macro   0x00011ba6       0x1c libs/adc.o
 .debug_macro   0x00011bc2       0x3d libs/adc.o
 .debug_macro   0x00011bff       0x16 libs/adc.o
 .debug_macro   0x00011c15      0x16f libs/adc.o
 .debug_macro   0x00011d84       0x4c libs/adc.o
 .debug_macro   0x00011dd0      0x1e1 libs/adc.o
 .debug_macro   0x00011fb1       0x10 libs/adc.o
 .debug_macro   0x00011fc1       0x10 libs/adc.o
 .debug_macro   0x00011fd1       0x58 libs/adc.o
 .debug_macro   0x00012029       0x28 libs/adc.o
 .debug_macro   0x00012051       0x8e libs/adc.o
 .debug_macro   0x000120df       0x2e libs/adc.o
 .debug_macro   0x0001210d      0x3ac libs/dac.o
 .debug_macro   0x000124b9      0x3b0 libs/delay.o
 .debug_macro   0x00012869      0x3ac libs/keys_int.o
 .debug_macro   0x00012c15      0x3ac libs/lcd.o
 .debug_macro   0x00012fc1      0x3ac libs/uart.o
 .debug_macro   0x0001336d      0x3b6 src/main.o
 .debug_macro   0x00013723      0x243 src/syscalls.o
 .debug_macro   0x00013966       0x58 src/syscalls.o
 .debug_macro   0x000139be       0x94 src/syscalls.o
 .debug_macro   0x00013a52       0x57 src/syscalls.o
 .debug_macro   0x00013aa9      0x174 src/syscalls.o
 .debug_macro   0x00013c1d       0x10 src/syscalls.o
 .debug_macro   0x00013c2d       0x35 src/syscalls.o
 .debug_macro   0x00013c62       0x10 src/syscalls.o
 .debug_macro   0x00013c72       0x10 src/syscalls.o
 .debug_macro   0x00013c82       0x35 src/syscalls.o
 .debug_macro   0x00013cb7      0x122 src/syscalls.o
 .debug_macro   0x00013dd9       0x16 src/syscalls.o
 .debug_macro   0x00013def       0x16 src/syscalls.o
 .debug_macro   0x00013e05       0x29 src/syscalls.o
 .debug_macro   0x00013e2e       0x10 src/syscalls.o
 .debug_macro   0x00013e3e      0x241 src/syscalls.o
 .debug_macro   0x0001407f       0x1c src/syscalls.o
 .debug_macro   0x0001409b       0x10 src/syscalls.o
 .debug_macro   0x000140ab      0x189 src/syscalls.o
 .debug_macro   0x00014234       0x16 src/syscalls.o
 .debug_macro   0x0001424a       0x88 src/syscalls.o
 .debug_macro   0x000142d2      0x1d2 src/system_stm32f4xx.o

.debug_line     0x00000000     0x965c
 .debug_line    0x00000000      0x651 StdPeriph_Driver/src/misc.o
 .debug_line    0x00000651      0x965 StdPeriph_Driver/src/stm32f4xx_adc.o
 .debug_line    0x00000fb6      0x75a StdPeriph_Driver/src/stm32f4xx_dac.o
 .debug_line    0x00001710      0x69f StdPeriph_Driver/src/stm32f4xx_exti.o
 .debug_line    0x00001daf      0x777 StdPeriph_Driver/src/stm32f4xx_gpio.o
 .debug_line    0x00002526      0xa6b StdPeriph_Driver/src/stm32f4xx_rcc.o
 .debug_line    0x00002f91      0x672 StdPeriph_Driver/src/stm32f4xx_syscfg.o
 .debug_line    0x00003603      0xec9 StdPeriph_Driver/src/stm32f4xx_tim.o
 .debug_line    0x000044cc      0x8bd StdPeriph_Driver/src/stm32f4xx_usart.o
 .debug_line    0x00004d89      0x814 libs/adc.o
 .debug_line    0x0000559d      0x841 libs/dac.o
 .debug_line    0x00005dde      0x849 libs/delay.o
 .debug_line    0x00006627      0x95a libs/keys_int.o
 .debug_line    0x00006f81      0x916 libs/lcd.o
 .debug_line    0x00007897      0x890 libs/uart.o
 .debug_line    0x00008127      0x86e src/main.o
 .debug_line    0x00008995      0x5df src/syscalls.o
 .debug_line    0x00008f74      0x66c src/system_stm32f4xx.o
 .debug_line    0x000095e0       0x7c startup/startup_stm32.o

.debug_str      0x00000000    0x687a9
 .debug_str     0x00000000    0x5ea43 StdPeriph_Driver/src/misc.o
                              0x5ebec (size before relaxing)
 .debug_str     0x0005ea43      0x91f StdPeriph_Driver/src/stm32f4xx_adc.o
                              0x5f2db (size before relaxing)
 .debug_str     0x0005f362      0x366 StdPeriph_Driver/src/stm32f4xx_dac.o
                              0x5ed50 (size before relaxing)
 .debug_str     0x0005f6c8      0x1ce StdPeriph_Driver/src/stm32f4xx_exti.o
                              0x5eb62 (size before relaxing)
 .debug_str     0x0005f896      0x2ab StdPeriph_Driver/src/stm32f4xx_gpio.o
                              0x5ec94 (size before relaxing)
 .debug_str     0x0005fb41      0xd65 StdPeriph_Driver/src/stm32f4xx_rcc.o
                              0x5f7a1 (size before relaxing)
 .debug_str     0x000608a6      0x40c StdPeriph_Driver/src/stm32f4xx_syscfg.o
                              0x5edb2 (size before relaxing)
 .debug_str     0x00060cb2      0xc2f StdPeriph_Driver/src/stm32f4xx_tim.o
                              0x5f68b (size before relaxing)
 .debug_str     0x000618e1      0x533 StdPeriph_Driver/src/stm32f4xx_usart.o
                              0x5efa7 (size before relaxing)
 .debug_str     0x00061e14     0x4ee2 libs/adc.o
                              0x63cc9 (size before relaxing)
 .debug_str     0x00066cf6      0x572 libs/dac.o
                              0x642da (size before relaxing)
 .debug_str     0x00067268       0x45 libs/delay.o
                              0x639f2 (size before relaxing)
 .debug_str     0x000672ad       0x78 libs/keys_int.o
                              0x6420c (size before relaxing)
 .debug_str     0x00067325       0xbd libs/lcd.o
                              0x63be9 (size before relaxing)
 .debug_str     0x000673e2       0x81 libs/uart.o
                              0x64231 (size before relaxing)
 .debug_str     0x00067463       0x56 src/main.o
                              0x63b5d (size before relaxing)
 .debug_str     0x000674b9     0x1201 src/syscalls.o
                               0x85bf (size before relaxing)
 .debug_str     0x000686ba       0xc6 src/system_stm32f4xx.o
                              0x5ebe6 (size before relaxing)
 .debug_str     0x00068780       0x29 startup/startup_stm32.o
                                 0x5f (size before relaxing)

.comment        0x00000000       0x7f
 .comment       0x00000000       0x7f StdPeriph_Driver/src/misc.o
                                 0x80 (size before relaxing)
 .comment       0x0000007f       0x80 StdPeriph_Driver/src/stm32f4xx_adc.o
 .comment       0x0000007f       0x80 StdPeriph_Driver/src/stm32f4xx_dac.o
 .comment       0x0000007f       0x80 StdPeriph_Driver/src/stm32f4xx_exti.o
 .comment       0x0000007f       0x80 StdPeriph_Driver/src/stm32f4xx_gpio.o
 .comment       0x0000007f       0x80 StdPeriph_Driver/src/stm32f4xx_rcc.o
 .comment       0x0000007f       0x80 StdPeriph_Driver/src/stm32f4xx_syscfg.o
 .comment       0x0000007f       0x80 StdPeriph_Driver/src/stm32f4xx_tim.o
 .comment       0x0000007f       0x80 StdPeriph_Driver/src/stm32f4xx_usart.o
 .comment       0x0000007f       0x80 libs/adc.o
 .comment       0x0000007f       0x80 libs/dac.o
 .comment       0x0000007f       0x80 libs/delay.o
 .comment       0x0000007f       0x80 libs/keys_int.o
 .comment       0x0000007f       0x80 libs/lcd.o
 .comment       0x0000007f       0x80 libs/uart.o
 .comment       0x0000007f       0x80 src/main.o
 .comment       0x0000007f       0x80 src/syscalls.o
 .comment       0x0000007f       0x80 src/system_stm32f4xx.o

.debug_frame    0x00000000     0x40d4
 .debug_frame   0x00000000       0xd8 StdPeriph_Driver/src/misc.o
 .debug_frame   0x000000d8      0x5ec StdPeriph_Driver/src/stm32f4xx_adc.o
 .debug_frame   0x000006c4      0x2ac StdPeriph_Driver/src/stm32f4xx_dac.o
 .debug_frame   0x00000970      0x148 StdPeriph_Driver/src/stm32f4xx_exti.o
 .debug_frame   0x00000ab8      0x23c StdPeriph_Driver/src/stm32f4xx_gpio.o
 .debug_frame   0x00000cf4      0x83c StdPeriph_Driver/src/stm32f4xx_rcc.o
 .debug_frame   0x00001530      0x11c StdPeriph_Driver/src/stm32f4xx_syscfg.o
 .debug_frame   0x0000164c      0xe54 StdPeriph_Driver/src/stm32f4xx_tim.o
 .debug_frame   0x000024a0      0x490 StdPeriph_Driver/src/stm32f4xx_usart.o
 .debug_frame   0x00002930       0x58 libs/adc.o
 .debug_frame   0x00002988       0x90 libs/dac.o