Archive member included to satisfy reference by file (symbol)

c:/ac6/systemworkbench/plugins/fr.ac6.mcu.externaltools.arm-none.win32_1.17.0.201812190825/tools/compiler/bin/../lib/gcc/arm-none-eabi/7.3.1/../../../../arm-none-eabi/lib/thumb/v7e-m/fpv4-sp/hard\libm.a(lib_a-s_cos.o)
                              src/convolution.o (cos)
c:/ac6/systemworkbench/plugins/fr.ac6.mcu.externaltools.arm-none.win32_1.17.0.201812190825/tools/compiler/bin/../lib/gcc/arm-none-eabi/7.3.1/../../../../arm-none-eabi/lib/thumb/v7e-m/fpv4-sp/hard\libm.a(lib_a-s_sin.o)
                              src/convolution.o (sin)
c:/ac6/systemworkbench/plugins/fr.ac6.mcu.externaltools.arm-none.win32_1.17.0.201812190825/tools/compiler/bin/../lib/gcc/arm-none-eabi/7.3.1/../../../../arm-none-eabi/lib/thumb/v7e-m/fpv4-sp/hard\libm.a(lib_a-e_rem_pio2.o)
                              c:/ac6/systemworkbench/plugins/fr.ac6.mcu.externaltools.arm-none.win32_1.17.0.201812190825/tools/compiler/bin/../lib/gcc/arm-none-eabi/7.3.1/../../../../arm-none-eabi/lib/thumb/v7e-m/fpv4-sp/hard\libm.a(lib_a-s_cos.o) (__ieee754_rem_pio2)
c:/ac6/systemworkbench/plugins/fr.ac6.mcu.externaltools.arm-none.win32_1.17.0.201812190825/tools/compiler/bin/../lib/gcc/arm-none-eabi/7.3.1/../../../../arm-none-eabi/lib/thumb/v7e-m/fpv4-sp/hard\libm.a(lib_a-k_cos.o)
                              c:/ac6/systemworkbench/plugins/fr.ac6.mcu.externaltools.arm-none.win32_1.17.0.201812190825/tools/compiler/bin/../lib/gcc/arm-none-eabi/7.3.1/../../../../arm-none-eabi/lib/thumb/v7e-m/fpv4-sp/hard\libm.a(lib_a-s_cos.o) (__kernel_cos)
c:/ac6/systemworkbench/plugins/fr.ac6.mcu.externaltools.arm-none.win32_1.17.0.201812190825/tools/compiler/bin/../lib/gcc/arm-none-eabi/7.3.1/../../../../arm-none-eabi/lib/thumb/v7e-m/fpv4-sp/hard\libm.a(lib_a-k_rem_pio2.o)
                              c:/ac6/systemworkbench/plugins/fr.ac6.mcu.externaltools.arm-none.win32_1.17.0.201812190825/tools/compiler/bin/../lib/gcc/arm-none-eabi/7.3.1/../../../../arm-none-eabi/lib/thumb/v7e-m/fpv4-sp/hard\libm.a(lib_a-e_rem_pio2.o) (__kernel_rem_pio2)
c:/ac6/systemworkbench/plugins/fr.ac6.mcu.externaltools.arm-none.win32_1.17.0.201812190825/tools/compiler/bin/../lib/gcc/arm-none-eabi/7.3.1/../../../../arm-none-eabi/lib/thumb/v7e-m/fpv4-sp/hard\libm.a(lib_a-k_sin.o)
                              c:/ac6/systemworkbench/plugins/fr.ac6.mcu.externaltools.arm-none.win32_1.17.0.201812190825/tools/compiler/bin/../lib/gcc/arm-none-eabi/7.3.1/../../../../arm-none-eabi/lib/thumb/v7e-m/fpv4-sp/hard\libm.a(lib_a-s_cos.o) (__kernel_sin)
c:/ac6/systemworkbench/plugins/fr.ac6.mcu.externaltools.arm-none.win32_1.17.0.201812190825/tools/compiler/bin/../lib/gcc/arm-none-eabi/7.3.1/../../../../arm-none-eabi/lib/thumb/v7e-m/fpv4-sp/hard\libm.a(lib_a-s_fabs.o)
                              c:/ac6/systemworkbench/plugins/fr.ac6.mcu.externaltools.arm-none.win32_1.17.0.201812190825/tools/compiler/bin/../lib/gcc/arm-none-eabi/7.3.1/../../../../arm-none-eabi/lib/thumb/v7e-m/fpv4-sp/hard\libm.a(lib_a-e_rem_pio2.o) (fabs)
c:/ac6/systemworkbench/plugins/fr.ac6.mcu.externaltools.arm-none.win32_1.17.0.201812190825/tools/compiler/bin/../lib/gcc/arm-none-eabi/7.3.1/../../../../arm-none-eabi/lib/thumb/v7e-m/fpv4-sp/hard\libm.a(lib_a-s_floor.o)
                              c:/ac6/systemworkbench/plugins/fr.ac6.mcu.externaltools.arm-none.win32_1.17.0.201812190825/tools/compiler/bin/../lib/gcc/arm-none-eabi/7.3.1/../../../../arm-none-eabi/lib/thumb/v7e-m/fpv4-sp/hard\libm.a(lib_a-k_rem_pio2.o) (floor)
c:/ac6/systemworkbench/plugins/fr.ac6.mcu.externaltools.arm-none.win32_1.17.0.201812190825/tools/compiler/bin/../lib/gcc/arm-none-eabi/7.3.1/../../../../arm-none-eabi/lib/thumb/v7e-m/fpv4-sp/hard\libm.a(lib_a-s_scalbn.o)
                              c:/ac6/systemworkbench/plugins/fr.ac6.mcu.externaltools.arm-none.win32_1.17.0.201812190825/tools/compiler/bin/../lib/gcc/arm-none-eabi/7.3.1/../../../../arm-none-eabi/lib/thumb/v7e-m/fpv4-sp/hard\libm.a(lib_a-k_rem_pio2.o) (scalbn)
c:/ac6/systemworkbench/plugins/fr.ac6.mcu.externaltools.arm-none.win32_1.17.0.201812190825/tools/compiler/bin/../lib/gcc/arm-none-eabi/7.3.1/../../../../arm-none-eabi/lib/thumb/v7e-m/fpv4-sp/hard\libm.a(lib_a-s_copysign.o)
                              c:/ac6/systemworkbench/plugins/fr.ac6.mcu.externaltools.arm-none.win32_1.17.0.201812190825/tools/compiler/bin/../lib/gcc/arm-none-eabi/7.3.1/../../../../arm-none-eabi/lib/thumb/v7e-m/fpv4-sp/hard\libm.a(lib_a-s_scalbn.o) (copysign)
c:/ac6/systemworkbench/plugins/fr.ac6.mcu.externaltools.arm-none.win32_1.17.0.201812190825/tools/compiler/bin/../lib/gcc/arm-none-eabi/7.3.1/thumb/v7e-m/fpv4-sp/hard\libgcc.a(_arm_addsubdf3.o)
                              libs/keys_int.o (__aeabi_dsub)
c:/ac6/systemworkbench/plugins/fr.ac6.mcu.externaltools.arm-none.win32_1.17.0.201812190825/tools/compiler/bin/../lib/gcc/arm-none-eabi/7.3.1/thumb/v7e-m/fpv4-sp/hard\libgcc.a(_arm_muldivdf3.o)
                              libs/delay.o (__aeabi_dmul)
[...]
Memory Configuration

Name             Origin             Length             Attributes
RAM              0x20000000         0x00020000         xrw
ROM              0x08000000         0x00100000         xr
*default*        0x00000000         0xffffffff

Linker script and memory map

LOAD c:/ac6/systemworkbench/plugins/fr.ac6.mcu.externaltools.arm-none.win32_1.17.0.201812190825/tools/compiler/bin/../lib/gcc/arm-none-eabi/7.3.1/thumb/v7e-m/fpv4-sp/hard/crti.o
LOAD c:/ac6/systemworkbench/plugins/fr.ac6.mcu.externaltools.arm-none.win32_1.17.0.201812190825/tools/compiler/bin/../lib/gcc/arm-none-eabi/7.3.1/thumb/v7e-m/fpv4-sp/hard/crtbegin.o
LOAD c:/ac6/systemworkbench/plugins/fr.ac6.mcu.externaltools.arm-none.win32_1.17.0.201812190825/tools/compiler/bin/../lib/gcc/arm-none-eabi/7.3.1/../../../../arm-none-eabi/lib/thumb/v7e-m/fpv4-sp/hard/crt0.o
LOAD StdPeriph_Driver/src/misc.o
LOAD StdPeriph_Driver/src/stm32f4xx_adc.o
LOAD StdPeriph_Driver/src/stm32f4xx_can.o
LOAD StdPeriph_Driver/src/stm32f4xx_cec.o
LOAD StdPeriph_Driver/src/stm32f4xx_crc.o
LOAD StdPeriph_Driver/src/stm32f4xx_cryp.o
LOAD StdPeriph_Driver/src/stm32f4xx_cryp_aes.o
LOAD StdPeriph_Driver/src/stm32f4xx_cryp_des.o
LOAD StdPeriph_Driver/src/stm32f4xx_cryp_tdes.o
LOAD StdPeriph_Driver/src/stm32f4xx_dac.o
LOAD StdPeriph_Driver/src/stm32f4xx_dbgmcu.o
LOAD StdPeriph_Driver/src/stm32f4xx_dcmi.o
LOAD StdPeriph_Driver/src/stm32f4xx_dfsdm.o
LOAD StdPeriph_Driver/src/stm32f4xx_dma.o
LOAD StdPeriph_Driver/src/stm32f4xx_dma2d.o
LOAD StdPeriph_Driver/src/stm32f4xx_dsi.o
LOAD StdPeriph_Driver/src/stm32f4xx_exti.o
LOAD StdPeriph_Driver/src/stm32f4xx_flash.o
LOAD StdPeriph_Driver/src/stm32f4xx_flash_ramfunc.o
LOAD StdPeriph_Driver/src/stm32f4xx_fmc.o
LOAD StdPeriph_Driver/src/stm32f4xx_fmip2c.o
LOAD StdPeriph_Driver/src/stm32f4xx_fsmc.o
LOAD StdPeriph_Driver/src/stm32f4xx_gpio.o
LOAD StdPeriph_Driver/src/stm32f4xx_hash.o
LOAD StdPeriph_Driver/src/stm32f4xx_hash_md5.o
LOAD StdPeriph_Driver/src/stm32f4xx_hash_sha1.o
LOAD StdPeriph_Driver/src/stm32f4xx_i2c.o
LOAD StdPeriph_Driver/src/stm32f4xx_iwdg.o
LOAD StdPeriph_Driver/src/stm32f4xx_lptim.o
LOAD StdPeriph_Driver/src/stm32f4xx_ltdc.o
LOAD StdPeriph_Driver/src/stm32f4xx_pwr.o
LOAD StdPeriph_Driver/src/stm32f4xx_qspi.o
LOAD StdPeriph_Driver/src/stm32f4xx_rcc.o
LOAD StdPeriph_Driver/src/stm32f4xx_rng.o
LOAD StdPeriph_Driver/src/stm32f4xx_rtc.o
LOAD StdPeriph_Driver/src/stm32f4xx_sai.o
LOAD StdPeriph_Driver/src/stm32f4xx_sdio.o
LOAD StdPeriph_Driver/src/stm32f4xx_spdifrx.o
LOAD StdPeriph_Driver/src/stm32f4xx_spi.o
LOAD StdPeriph_Driver/src/stm32f4xx_syscfg.o
LOAD StdPeriph_Driver/src/stm32f4xx_tim.o
LOAD StdPeriph_Driver/src/stm32f4xx_usart.o
LOAD StdPeriph_Driver/src/stm32f4xx_wwdg.o
LOAD libs/adc.o
LOAD libs/dac.o
LOAD libs/delay.o
LOAD libs/keys.o
LOAD libs/keys_int.o
LOAD libs/lcd.o
LOAD libs/leds.o
LOAD libs/pwm.o
LOAD libs/uart.o
LOAD src/convolution.o
LOAD src/main.o
LOAD src/syscalls.o
LOAD src/system_stm32f4xx.o
LOAD startup/startup_stm32.o
LOAD c:/ac6/systemworkbench/plugins/fr.ac6.mcu.externaltools.arm-none.win32_1.17.0.201812190825/tools/compiler/bin/../lib/gcc/arm-none-eabi/7.3.1/../../../../arm-none-eabi/lib/thumb/v7e-m/fpv4-sp/hard\libm.a
START GROUP
LOAD c:/ac6/systemworkbench/plugins/fr.ac6.mcu.externaltools.arm-none.win32_1.17.0.201812190825/tools/compiler/bin/../lib/gcc/arm-none-eabi/7.3.1/thumb/v7e-m/fpv4-sp/hard\libgcc.a
LOAD c:/ac6/systemworkbench/plugins/fr.ac6.mcu.externaltools.arm-none.win32_1.17.0.201812190825/tools/compiler/bin/../lib/gcc/arm-none-eabi/7.3.1/../../../../arm-none-eabi/lib/thumb/v7e-m/fpv4-sp/hard\libc.a
END GROUP
LOAD c:/ac6/systemworkbench/plugins/fr.ac6.mcu.externaltools.arm-none.win32_1.17.0.201812190825/tools/compiler/bin/../lib/gcc/arm-none-eabi/7.3.1/thumb/v7e-m/fpv4-sp/hard/crtend.o
LOAD c:/ac6/systemworkbench/plugins/fr.ac6.mcu.externaltools.arm-none.win32_1.17.0.201812190825/tools/compiler/bin/../lib/gcc/arm-none-eabi/7.3.1/thumb/v7e-m/fpv4-sp/hard/crtn.o
                0x20020000                _estack = 0x20020000
                0x00000000                _Min_Heap_Size = 0x0
                0x00000400                _Min_Stack_Size = 0x400

.isr_vector     0x08000000      0x1a8
                0x08000000                . = ALIGN (0x4)
 *(.isr_vector)
 .isr_vector    0x08000000      0x1a8 startup/startup_stm32.o
                0x08000000                g_pfnVectors
                0x080001a8                . = ALIGN (0x4)

.text           0x080001a8     0x4b44
                0x080001a8                . = ALIGN (0x4)
 *(.text)
 .text          0x080001a8       0x40 c:/ac6/systemworkbench/plugins/fr.ac6.mcu.externaltools.arm-none.win32_1.17.0.201812190825/tools/compiler/bin/../lib/gcc/arm-none-eabi/7.3.1/thumb/v7e-m/fpv4-sp/hard/crtbegin.o
 .text          0x080001e8      0x378 c:/ac6/systemworkbench/plugins/fr.ac6.mcu.externaltools.arm-none.win32_1.17.0.201812190825/tools/compiler/bin/../lib/gcc/arm-none-eabi/7.3.1/thumb/v7e-m/fpv4-sp/hard\libgcc.a(_arm_addsubdf3.o)
                0x080001e8                __aeabi_drsub
                0x080001f0                __aeabi_dsub
                0x080001f0                __subdf3
                0x080001f4                __aeabi_dadd
                0x080001f4                __adddf3
                0x0800046c                __floatunsidf
                0x0800046c                __aeabi_ui2d
                0x0800048c                __floatsidf
                0x0800048c                __aeabi_i2d
                0x080004b0                __aeabi_f2d
                0x080004b0                __extendsfdf2
                0x080004f4                __floatundidf
                0x080004f4                __aeabi_ul2d
                0x08000504                __floatdidf
                0x08000504                __aeabi_l2d
 .text          0x08000560      0x424 c:/ac6/systemworkbench/plugins/fr.ac6.mcu.externaltools.arm-none.win32_1.17.0.201812190825/tools/compiler/bin/../lib/gcc/arm-none-eabi/7.3.1/thumb/v7e-m/fpv4-sp/hard\libgcc.a(_arm_muldivdf3.o)
                0x08000560                __aeabi_dmul
                0x08000560                __muldf3
                0x080007b4                __divdf3
                0x080007b4                __aeabi_ddiv
 .text          0x08000984      0x110 c:/ac6/systemworkbench/plugins/fr.ac6.mcu.externaltools.arm-none.win32_1.17.0.201812190825/tools/compiler/bin/../lib/gcc/arm-none-eabi/7.3.1/thumb/v7e-m/fpv4-sp/hard\libgcc.a(_arm_cmpdf2.o)
                0x08000984                __gtdf2
                0x08000984                __gedf2
                0x0800098c                __ltdf2
                0x0800098c                __ledf2
                0x08000994                __nedf2
                0x08000994                __eqdf2
                0x08000994                __cmpdf2
                0x08000a10                __aeabi_cdrcmple
                0x08000a20                __aeabi_cdcmpeq
                0x08000a20                __aeabi_cdcmple
                0x08000a30                __aeabi_dcmpeq
                0x08000a44                __aeabi_dcmplt
                0x08000a58                __aeabi_dcmple
                0x08000a6c                __aeabi_dcmpge
                0x08000a80                __aeabi_dcmpgt
 .text          0x08000a94       0x50 c:/ac6/systemworkbench/plugins/fr.ac6.mcu.externaltools.arm-none.win32_1.17.0.201812190825/tools/compiler/bin/../lib/gcc/arm-none-eabi/7.3.1/thumb/v7e-m/fpv4-sp/hard\libgcc.a(_arm_fixdfsi.o)
                0x08000a94                __aeabi_d2iz
                0x08000a94                __fixdfsi
 .text          0x08000ae4       0x40 c:/ac6/systemworkbench/plugins/fr.ac6.mcu.externaltools.arm-none.win32_1.17.0.201812190825/tools/compiler/bin/../lib/gcc/arm-none-eabi/7.3.1/thumb/v7e-m/fpv4-sp/hard\libgcc.a(_arm_fixunsdfsi.o)
                0x08000ae4                __aeabi_d2uiz
                0x08000ae4                __fixunsdfsi
 .text          0x08000b24       0xa0 c:/ac6/systemworkbench/plugins/fr.ac6.mcu.externaltools.arm-none.win32_1.17.0.201812190825/tools/compiler/bin/../lib/gcc/arm-none-eabi/7.3.1/thumb/v7e-m/fpv4-sp/hard\libgcc.a(_arm_truncdfsf2.o)
                0x08000b24                __truncdfsf2
                0x08000b24                __aeabi_d2f
 *(.text*)
 .text.NVIC_Init
                0x08000bc4       0xc4 StdPeriph_Driver/src/misc.o
                0x08000bc4                NVIC_Init
 .text.ADC_Init
                0x08000c88       0xac StdPeriph_Driver/src/stm32f4xx_adc.o
                0x08000c88                ADC_Init
 .text.ADC_CommonInit
                0x08000d34       0x50 StdPeriph_Driver/src/stm32f4xx_adc.o
                0x08000d34                ADC_CommonInit
 .text.ADC_Cmd  0x08000d84       0x38 StdPeriph_Driver/src/stm32f4xx_adc.o
                0x08000d84                ADC_Cmd
 .text.ADC_RegularChannelConfig
                0x08000dbc      0x194 StdPeriph_Driver/src/stm32f4xx_adc.o
                0x08000dbc                ADC_RegularChannelConfig
 .text.ADC_SoftwareStartConv
                0x08000f50       0x20 StdPeriph_Driver/src/stm32f4xx_adc.o
                0x08000f50                ADC_SoftwareStartConv
 .text.ADC_GetSoftwareStartConvStatus
                0x08000f70       0x30 StdPeriph_Driver/src/stm32f4xx_adc.o
                0x08000f70                ADC_GetSoftwareStartConvStatus
 .text.ADC_GetConversionValue
                0x08000fa0       0x1a StdPeriph_Driver/src/stm32f4xx_adc.o
                0x08000fa0                ADC_GetConversionValue
 *fill*         0x08000fba        0x2 
 .text.DAC_Init
                0x08000fbc       0x68 StdPeriph_Driver/src/stm32f4xx_dac.o
                0x08000fbc                DAC_Init
 .text.DAC_Cmd  0x08001024       0x4c StdPeriph_Driver/src/stm32f4xx_dac.o
                0x08001024                DAC_Cmd
 .text.DAC_SetChannel1Data
                0x08001070       0x38 StdPeriph_Driver/src/stm32f4xx_dac.o
                0x08001070                DAC_SetChannel1Data
 .text.EXTI_Init
                0x080010a8       0xe4 StdPeriph_Driver/src/stm32f4xx_exti.o
                0x080010a8                EXTI_Init
 .text.EXTI_GetITStatus
                0x0800118c       0x34 StdPeriph_Driver/src/stm32f4xx_exti.o
                0x0800118c                EXTI_GetITStatus
 .text.EXTI_ClearITPendingBit
                0x080011c0       0x20 StdPeriph_Driver/src/stm32f4xx_exti.o
                0x080011c0                EXTI_ClearITPendingBit
 .text.GPIO_Init
                0x080011e0      0x11c StdPeriph_Driver/src/stm32f4xx_gpio.o
                0x080011e0                GPIO_Init
 .text.GPIO_ReadInputDataBit
                0x080012fc       0x34 StdPeriph_Driver/src/stm32f4xx_gpio.o
                0x080012fc                GPIO_ReadInputDataBit
 .text.GPIO_SetBits
                0x08001330       0x1e StdPeriph_Driver/src/stm32f4xx_gpio.o
                0x08001330                GPIO_SetBits
 .text.GPIO_ResetBits
                0x0800134e       0x1e StdPeriph_Driver/src/stm32f4xx_gpio.o
                0x0800134e                GPIO_ResetBits
 .text.GPIO_PinAFConfig
                0x0800136c       0x92 StdPeriph_Driver/src/stm32f4xx_gpio.o
                0x0800136c                GPIO_PinAFConfig
 *fill*         0x080013fe        0x2 
 .text.RCC_GetClocksFreq
                0x08001400      0x150 StdPeriph_Driver/src/stm32f4xx_rcc.o
                0x08001400                RCC_GetClocksFreq
 .text.RCC_AHB1PeriphClockCmd
                0x08001550       0x40 StdPeriph_Driver/src/stm32f4xx_rcc.o
                0x08001550                RCC_AHB1PeriphClockCmd
 .text.RCC_APB1PeriphClockCmd
                0x08001590       0x40 StdPeriph_Driver/src/stm32f4xx_rcc.o
                0x08001590                RCC_APB1PeriphClockCmd
 .text.RCC_APB2PeriphClockCmd
                0x080015d0       0x40 StdPeriph_Driver/src/stm32f4xx_rcc.o
                0x080015d0                RCC_APB2PeriphClockCmd
 .text.SYSCFG_EXTILineConfig
                0x08001610       0x84 StdPeriph_Driver/src/stm32f4xx_syscfg.o
                0x08001610                SYSCFG_EXTILineConfig
 .text.TIM_TimeBaseInit
                0x08001694       0xd8 StdPeriph_Driver/src/stm32f4xx_tim.o
                0x08001694                TIM_TimeBaseInit
 .text.TIM_Cmd  0x0800176c       0x40 StdPeriph_Driver/src/stm32f4xx_tim.o
                0x0800176c                TIM_Cmd
 .text.TIM_ITConfig
                0x080017ac       0x48 StdPeriph_Driver/src/stm32f4xx_tim.o
                0x080017ac                TIM_ITConfig
 .text.TIM_GetITStatus
                0x080017f4       0x54 StdPeriph_Driver/src/stm32f4xx_tim.o
                0x080017f4                TIM_GetITStatus
 .text.TIM_ClearITPendingBit
                0x08001848       0x22 StdPeriph_Driver/src/stm32f4xx_tim.o
                0x08001848                TIM_ClearITPendingBit
 *fill*         0x0800186a        0x2 
 .text.USART_Init
                0x0800186c      0x174 StdPeriph_Driver/src/stm32f4xx_usart.o
                0x0800186c                USART_Init
 .text.USART_Cmd
                0x080019e0       0x40 StdPeriph_Driver/src/stm32f4xx_usart.o
                0x080019e0                USART_Cmd
 .text.USART_SendData
                0x08001a20       0x24 StdPeriph_Driver/src/stm32f4xx_usart.o
                0x08001a20                USART_SendData
 .text.USART_ITConfig
                0x08001a44       0x90 StdPeriph_Driver/src/stm32f4xx_usart.o
                0x08001a44                USART_ITConfig
 .text.USART_GetFlagStatus
                0x08001ad4       0x38 StdPeriph_Driver/src/stm32f4xx_usart.o
                0x08001ad4                USART_GetFlagStatus
 .text.USART_GetITStatus
                0x08001b0c       0xb6 StdPeriph_Driver/src/stm32f4xx_usart.o
                0x08001b0c                USART_GetITStatus
 .text.USART_ClearITPendingBit
                0x08001bc2       0x3a StdPeriph_Driver/src/stm32f4xx_usart.o
                0x08001bc2                USART_ClearITPendingBit
 .text.ADC_init
                0x08001bfc       0xd4 libs/adc.o
                0x08001bfc                ADC_init
 .text.Get_ADC_Value
                0x08001cd0       0x60 libs/adc.o
                0x08001cd0                Get_ADC_Value
 .text.DAC_init
                0x08001d30       0x88 libs/dac.o
                0x08001d30                DAC_init
 .text.DELAY_init
                0x08001db8      0x128 libs/delay.o
                0x08001db8                DELAY_init
 .text.DELAY_ms
                0x08001ee0       0x3c libs/delay.o
                0x08001ee0                DELAY_ms
 .text.KEYS_INT_init
                0x08001f1c       0xd4 libs/keys_int.o
                0x08001f1c                KEYS_INT_init
 .text.EXTI0_IRQHandler
                0x08001ff0      0x248 libs/keys_int.o
                0x08001ff0                EXTI0_IRQHandler
 .text.bepaal_deler
                0x08002238      0x668 libs/keys_int.o
                0x08002238                bepaal_deler
 .text.KEYS_read
                0x080028a0       0xa4 libs/keys_int.o
                0x080028a0                KEYS_read
 .text.KEYS_kolom
                0x08002944       0x64 libs/keys_int.o
                0x08002944                KEYS_kolom
 .text.ClearBits
                0x080029a8       0x14 libs/lcd.o
                0x080029a8                ClearBits
 .text.LCD_clear
                0x080029bc       0x24 libs/lcd.o
                0x080029bc                LCD_clear
 .text.LCD_XY   0x080029e0       0x62 libs/lcd.o
                0x080029e0                LCD_XY
 *fill*         0x08002a42        0x2 
 .text.LCD_init
                0x08002a44       0xf4 libs/lcd.o
                0x08002a44                LCD_init
 .text.LCD_putchar
                0x08002b38       0x48 libs/lcd.o
                0x08002b38                LCD_putchar
 .text.LCD_put  0x08002b80       0x4c libs/lcd.o
                0x08002b80                LCD_put
 .text.LCD_putint
                0x08002bcc       0x90 libs/lcd.o
                0x08002bcc                LCD_putint
 .text.LCD_writenibble
                0x08002c5c       0x64 libs/lcd.o
                0x08002c5c                LCD_writenibble
 .text.LCD_writebyte
                0x08002cc0       0x58 libs/lcd.o
                0x08002cc0                LCD_writebyte
 .text.LCD_writecontrol
                0x08002d18       0x28 libs/lcd.o
                0x08002d18                LCD_writecontrol
 .text.busyflag
                0x08002d40       0xb0 libs/lcd.o
                0x08002d40                busyflag
 .text.UART_init
                0x08002df0       0x94 libs/uart.o
                0x08002df0                UART_init
 .text.USART2_IRQHandler
                0x08002e84       0xdc libs/uart.o
                0x08002e84                USART2_IRQHandler
 .text.ConvInterruptInit
                0x08002f60       0x64 src/convolution.o
                0x08002f60                ConvInterruptInit
 .text.TIM3_IRQHandler
                0x08002fc4       0x28 src/convolution.o
                0x08002fc4                TIM3_IRQHandler
 .text.ConvCalc
                0x08002fec       0xc4 src/convolution.o
                0x08002fec                ConvCalc
 .text.ConvPrintVal
                0x080030b0       0xac src/convolution.o
                0x080030b0                ConvPrintVal
 *fill*         0x0800315c        0x4 
 .text.ConvGenerateKernel
                0x08003160      0x390 src/convolution.o
                0x08003160                ConvGenerateKernel
 .text.main     0x080034f0       0x40 src/main.o
                0x080034f0                main
 .text.MicroInit
                0x08003530       0x24 src/main.o
                0x08003530                MicroInit
 .text.SystemInit
                0x08003554       0x6c src/system_stm32f4xx.o
                0x08003554                SystemInit
 .text.SetSysClock
                0x080035c0       0xf8 src/system_stm32f4xx.o
 .text.Reset_Handler
                0x080036b8       0x50 startup/startup_stm32.o
                0x080036b8                Reset_Handler
 .text.Default_Handler
                0x08003708        0x2 startup/startup_stm32.o
                0x08003708                RTC_Alarm_IRQHandler
                0x08003708                HASH_RNG_IRQHandler
                0x08003708                EXTI2_IRQHandler
                0x08003708                TIM8_CC_IRQHandler
                0x08003708                DebugMon_Handler
                0x08003708                TIM1_CC_IRQHandler
                0x08003708                DMA2_Stream5_IRQHandler
                0x08003708                HardFault_Handler
                0x08003708                DMA1_Stream5_IRQHandler
                0x08003708                SysTick_Handler
                0x08003708                PVD_IRQHandler
                0x08003708                SDIO_IRQHandler
                0x08003708                TAMP_STAMP_IRQHandler
                0x08003708                PendSV_Handler
                0x08003708                NMI_Handler
                0x08003708                CAN2_RX1_IRQHandler
                0x08003708                EXTI3_IRQHandler
                0x08003708                TIM8_TRG_COM_TIM14_IRQHandler
                0x08003708                TIM1_UP_TIM10_IRQHandler
                0x08003708                TIM8_UP_TIM13_IRQHandler
                0x08003708                I2C3_ER_IRQHandler
                0x08003708                LCD_TFT_IRQHandler
                0x08003708                I2C2_EV_IRQHandler
                0x08003708                DMA1_Stream2_IRQHandler
                0x08003708                CAN1_RX0_IRQHandler
                0x08003708                FPU_IRQHandler
                0x08003708                OTG_HS_WKUP_IRQHandler
                0x08003708                UsageFault_Handler
                0x08003708                CAN2_SCE_IRQHandler
                0x08003708                DMA2_Stream2_IRQHandler
                0x08003708                SPI1_IRQHandler
                0x08003708                TIM6_DAC_IRQHandler
                0x08003708                TIM1_BRK_TIM9_IRQHandler
                0x08003708                DCMI_IRQHandler
                0x08003708                CAN2_RX0_IRQHandler
                0x08003708                DMA2_Stream3_IRQHandler
                0x08003708                USART6_IRQHandler
                0x08003708                USART3_IRQHandler
                0x08003708                CRYP_IRQHandler
                0x08003708                CAN1_RX1_IRQHandler
                0x08003708                UART5_IRQHandler
                0x08003708                DMA2_Stream0_IRQHandler
                0x08003708                TIM4_IRQHandler
                0x08003708                I2C1_EV_IRQHandler
                0x08003708                DMA1_Stream6_IRQHandler
                0x08003708                DMA1_Stream1_IRQHandler
                0x08003708                UART4_IRQHandler
                0x08003708                LCD_TFT_1_IRQHandler
                0x08003708                RCC_IRQHandler
                0x08003708                TIM8_BRK_TIM12_IRQHandler
                0x08003708                Default_Handler
                0x08003708                EXTI15_10_IRQHandler
                0x08003708                ADC_IRQHandler
                0x08003708                DMA1_Stream7_IRQHandler
                0x08003708                TIM7_IRQHandler
                0x08003708                CAN2_TX_IRQHandler
                0x08003708                TIM5_IRQHandler
                0x08003708                DMA2_Stream7_IRQHandler
                0x08003708                I2C3_EV_IRQHandler
                0x08003708                EXTI9_5_IRQHandler
                0x08003708                RTC_WKUP_IRQHandler
                0x08003708                ETH_WKUP_IRQHandler
                0x08003708                SPI2_IRQHandler
                0x08003708                OTG_HS_EP1_IN_IRQHandler
                0x08003708                MemManage_Handler
                0x08003708                DMA1_Stream0_IRQHandler
                0x08003708                CAN1_TX_IRQHandler
                0x08003708                SVC_Handler
                0x08003708                EXTI4_IRQHandler
                0x08003708                FSMC_IRQHandler
                0x08003708                ETH_IRQHandler
                0x08003708                OTG_HS_EP1_OUT_IRQHandler
                0x08003708                WWDG_IRQHandler
                0x08003708                TIM2_IRQHandler
                0x08003708                OTG_FS_WKUP_IRQHandler
                0x08003708                TIM1_TRG_COM_TIM11_IRQHandler
                0x08003708                OTG_HS_IRQHandler
                0x08003708                EXTI1_IRQHandler
                0x08003708                I2C2_ER_IRQHandler
                0x08003708                DMA2_Stream1_IRQHandler
                0x08003708                CAN1_SCE_IRQHandler
                0x08003708                DMA2_Stream4_IRQHandler
                0x08003708                BusFault_Handler
                0x08003708                USART1_IRQHandler
                0x08003708                OTG_FS_IRQHandler
                0x08003708                SPI3_IRQHandler
                0x08003708                DMA1_Stream4_IRQHandler
                0x08003708                I2C1_ER_IRQHandler
                0x08003708                DMA2_Stream6_IRQHandler
                0x08003708                DMA1_Stream3_IRQHandler
 *fill*         0x0800370a        0x6 
 .text.cos      0x08003710       0xc0 c:/ac6/systemworkbench/plugins/fr.ac6.mcu.externaltools.arm-none.win32_1.17.0.201812190825/tools/compiler/bin/../lib/gcc/arm-none-eabi/7.3.1/../../../../arm-none-eabi/lib/thumb/v7e-m/fpv4-sp/hard\libm.a(lib_a-s_cos.o)
                0x08003710                cos
 .text.sin      0x080037d0       0xc0 c:/ac6/systemworkbench/plugins/fr.ac6.mcu.externaltools.arm-none.win32_1.17.0.201812190825/tools/compiler/bin/../lib/gcc/arm-none-eabi/7.3.1/../../../../arm-none-eabi/lib/thumb/v7e-m/fpv4-sp/hard\libm.a(lib_a-s_sin.o)
                0x080037d0                sin
 .text.__ieee754_rem_pio2
                0x08003890      0x454 c:/ac6/systemworkbench/plugins/fr.ac6.mcu.externaltools.arm-none.win32_1.17.0.201812190825/tools/compiler/bin/../lib/gcc/arm-none-eabi/7.3.1/../../../../arm-none-eabi/lib/thumb/v7e-m/fpv4-sp/hard\libm.a(lib_a-e_rem_pio2.o)
                0x08003890                __ieee754_rem_pio2
 *fill*         0x08003ce4        0x4 
 .text.__kernel_cos
                0x08003ce8      0x284 c:/ac6/systemworkbench/plugins/fr.ac6.mcu.externaltools.arm-none.win32_1.17.0.201812190825/tools/compiler/bin/../lib/gcc/arm-none-eabi/7.3.1/../../../../arm-none-eabi/lib/thumb/v7e-m/fpv4-sp/hard\libm.a(lib_a-k_cos.o)
                0x08003ce8                __kernel_cos
 *fill*         0x08003f6c        0x4 
 .text.__kernel_rem_pio2
                0x08003f70      0x818 c:/ac6/systemworkbench/plugins/fr.ac6.mcu.externaltools.arm-none.win32_1.17.0.201812190825/tools/compiler/bin/../lib/gcc/arm-none-eabi/7.3.1/../../../../arm-none-eabi/lib/thumb/v7e-m/fpv4-sp/hard\libm.a(lib_a-k_rem_pio2.o)
                0x08003f70                __kernel_rem_pio2
 .text.__kernel_sin
                0x08004788      0x194 c:/ac6/systemworkbench/plugins/fr.ac6.mcu.externaltools.arm-none.win32_1.17.0.201812190825/tools/compiler/bin/../lib/gcc/arm-none-eabi/7.3.1/../../../../arm-none-eabi/lib/thumb/v7e-m/fpv4-sp/hard\libm.a(lib_a-k_sin.o)
                0x08004788                __kernel_sin
 .text.fabs     0x0800491c       0x14 c:/ac6/systemworkbench/plugins/fr.ac6.mcu.externaltools.arm-none.win32_1.17.0.201812190825/tools/compiler/bin/../lib/gcc/arm-none-eabi/7.3.1/../../../../arm-none-eabi/lib/thumb/v7e-m/fpv4-sp/hard\libm.a(lib_a-s_fabs.o)
                0x0800491c                fabs
 .text.floor    0x08004930      0x110 c:/ac6/systemworkbench/plugins/fr.ac6.mcu.externaltools.arm-none.win32_1.17.0.201812190825/tools/compiler/bin/../lib/gcc/arm-none-eabi/7.3.1/../../../../arm-none-eabi/lib/thumb/v7e-m/fpv4-sp/hard\libm.a(lib_a-s_floor.o)
                0x08004930                floor
 .text.scalbn   0x08004a40      0x114 c:/ac6/systemworkbench/plugins/fr.ac6.mcu.externaltools.arm-none.win32_1.17.0.201812190825/tools/compiler/bin/../lib/gcc/arm-none-eabi/7.3.1/../../../../arm-none-eabi/lib/thumb/v7e-m/fpv4-sp/hard\libm.a(lib_a-s_scalbn.o)
                0x08004a40                scalbn
 .text.copysign
                0x08004b54       0x1c c:/ac6/systemworkbench/plugins/fr.ac6.mcu.externaltools.arm-none.win32_1.17.0.201812190825/tools/compiler/bin/../lib/gcc/arm-none-eabi/7.3.1/../../../../arm-none-eabi/lib/thumb/v7e-m/fpv4-sp/hard\libm.a(lib_a-s_copysign.o)
                0x08004b54                copysign
 .text.__libc_init_array
                0x08004b70       0x48 c:/ac6/systemworkbench/plugins/fr.ac6.mcu.externaltools.arm-none.win32_1.17.0.201812190825/tools/compiler/bin/../lib/gcc/arm-none-eabi/7.3.1/../../../../arm-none-eabi/lib/thumb/v7e-m/fpv4-sp/hard\libc.a(lib_a-init.o)
                0x08004b70                __libc_init_array
 .text.startup.register_fini
                0x08004bb8       0x14 c:/ac6/systemworkbench/plugins/fr.ac6.mcu.externaltools.arm-none.win32_1.17.0.201812190825/tools/compiler/bin/../lib/gcc/arm-none-eabi/7.3.1/../../../../arm-none-eabi/lib/thumb/v7e-m/fpv4-sp/hard\libc.a(lib_a-__call_atexit.o)
 .text.atexit   0x08004bcc        0xc c:/ac6/systemworkbench/plugins/fr.ac6.mcu.externaltools.arm-none.win32_1.17.0.201812190825/tools/compiler/bin/../lib/gcc/arm-none-eabi/7.3.1/../../../../arm-none-eabi/lib/thumb/v7e-m/fpv4-sp/hard\libc.a(lib_a-atexit.o)
                0x08004bcc                atexit
 .text.__libc_fini_array
                0x08004bd8       0x34 c:/ac6/systemworkbench/plugins/fr.ac6.mcu.externaltools.arm-none.win32_1.17.0.201812190825/tools/compiler/bin/../lib/gcc/arm-none-eabi/7.3.1/../../../../arm-none-eabi/lib/thumb/v7e-m/fpv4-sp/hard\libc.a(lib_a-fini.o)
                0x08004bd8                __libc_fini_array
 .text.__retarget_lock_acquire_recursive
                0x08004c0c        0x4 c:/ac6/systemworkbench/plugins/fr.ac6.mcu.externaltools.arm-none.win32_1.17.0.201812190825/tools/compiler/bin/../lib/gcc/arm-none-eabi/7.3.1/../../../../arm-none-eabi/lib/thumb/v7e-m/fpv4-sp/hard\libc.a(lib_a-lock.o)
                0x08004c0c                __retarget_lock_acquire_recursive
 .text.__retarget_lock_release_recursive
                0x08004c10        0x4 c:/ac6/systemworkbench/plugins/fr.ac6.mcu.externaltools.arm-none.win32_1.17.0.201812190825/tools/compiler/bin/../lib/gcc/arm-none-eabi/7.3.1/../../../../arm-none-eabi/lib/thumb/v7e-m/fpv4-sp/hard\libc.a(lib_a-lock.o)
                0x08004c10                __retarget_lock_release_recursive
 .text.__register_exitproc
                0x08004c14       0xc0 c:/ac6/systemworkbench/plugins/fr.ac6.mcu.externaltools.arm-none.win32_1.17.0.201812190825/tools/compiler/bin/../lib/gcc/arm-none-eabi/7.3.1/../../../../arm-none-eabi/lib/thumb/v7e-m/fpv4-sp/hard\libc.a(lib_a-__atexit.o)
                0x08004c14                __register_exitproc
 *(.glue_7)
 .glue_7        0x08004cd4        0x0 linker stubs
 *(.glue_7t)
 .glue_7t       0x08004cd4        0x0 linker stubs
 *(.eh_frame)
 .eh_frame      0x08004cd4        0x0 c:/ac6/systemworkbench/plugins/fr.ac6.mcu.externaltools.arm-none.win32_1.17.0.201812190825/tools/compiler/bin/../lib/gcc/arm-none-eabi/7.3.1/thumb/v7e-m/fpv4-sp/hard/crtbegin.o
 *(.init)
 .init          0x08004cd4        0x4 c:/ac6/systemworkbench/plugins/fr.ac6.mcu.externaltools.arm-none.win32_1.17.0.201812190825/tools/compiler/bin/../lib/gcc/arm-none-eabi/7.3.1/thumb/v7e-m/fpv4-sp/hard/crti.o
                0x08004cd4                _init
 .init          0x08004cd8        0x8 c:/ac6/systemworkbench/plugins/fr.ac6.mcu.externaltools.arm-none.win32_1.17.0.201812190825/tools/compiler/bin/../lib/gcc/arm-none-eabi/7.3.1/thumb/v7e-m/fpv4-sp/hard/crtn.o
 *(.fini)
 .fini          0x08004ce0        0x4 c:/ac6/systemworkbench/plugins/fr.ac6.mcu.externaltools.arm-none.win32_1.17.0.201812190825/tools/compiler/bin/../lib/gcc/arm-none-eabi/7.3.1/thumb/v7e-m/fpv4-sp/hard/crti.o
                0x08004ce0                _fini
 .fini          0x08004ce4        0x8 c:/ac6/systemworkbench/plugins/fr.ac6.mcu.externaltools.arm-none.win32_1.17.0.201812190825/tools/compiler/bin/../lib/gcc/arm-none-eabi/7.3.1/thumb/v7e-m/fpv4-sp/hard/crtn.o
                0x08004cec                . = ALIGN (0x4)
                0x08004cec                _etext = .

.vfp11_veneer   0x08004cec        0x0
 .vfp11_veneer  0x08004cec        0x0 linker stubs

.v4_bx          0x08004cec        0x0
 .v4_bx         0x08004cec        0x0 linker stubs

.iplt           0x08004cec        0x0
 .iplt          0x08004cec        0x0 c:/ac6/systemworkbench/plugins/fr.ac6.mcu.externaltools.arm-none.win32_1.17.0.201812190825/tools/compiler/bin/../lib/gcc/arm-none-eabi/7.3.1/thumb/v7e-m/fpv4-sp/hard/crtbegin.o

.rodata         0x08004cf0      0x214
                0x08004cf0                . = ALIGN (0x4)
 *(.rodata)
 .rodata        0x08004cf0       0x14 libs/keys_int.o
 .rodata        0x08004d04        0x9 libs/uart.o
 *fill*         0x08004d0d        0x3 
 .rodata        0x08004d10       0x14 src/convolution.o
 *(.rodata*)
 .rodata.npio2_hw
                0x08004d24       0x80 c:/ac6/systemworkbench/plugins/fr.ac6.mcu.externaltools.arm-none.win32_1.17.0.201812190825/tools/compiler/bin/../lib/gcc/arm-none-eabi/7.3.1/../../../../arm-none-eabi/lib/thumb/v7e-m/fpv4-sp/hard\libm.a(lib_a-e_rem_pio2.o)
 .rodata.two_over_pi
                0x08004da4      0x108 c:/ac6/systemworkbench/plugins/fr.ac6.mcu.externaltools.arm-none.win32_1.17.0.201812190825/tools/compiler/bin/../lib/gcc/arm-none-eabi/7.3.1/../../../../arm-none-eabi/lib/thumb/v7e-m/fpv4-sp/hard\libm.a(lib_a-e_rem_pio2.o)
 *fill*         0x08004eac        0x4 
 .rodata.PIo2   0x08004eb0       0x40 c:/ac6/systemworkbench/plugins/fr.ac6.mcu.externaltools.arm-none.win32_1.17.0.201812190825/tools/compiler/bin/../lib/gcc/arm-none-eabi/7.3.1/../../../../arm-none-eabi/lib/thumb/v7e-m/fpv4-sp/hard\libm.a(lib_a-k_rem_pio2.o)
 .rodata.init_jk
                0x08004ef0       0x10 c:/ac6/systemworkbench/plugins/fr.ac6.mcu.externaltools.arm-none.win32_1.17.0.201812190825/tools/compiler/bin/../lib/gcc/arm-none-eabi/7.3.1/../../../../arm-none-eabi/lib/thumb/v7e-m/fpv4-sp/hard\libm.a(lib_a-k_rem_pio2.o)
 .rodata._global_impure_ptr
                0x08004f00        0x4 c:/ac6/systemworkbench/plugins/fr.ac6.mcu.externaltools.arm-none.win32_1.17.0.201812190825/tools/compiler/bin/../lib/gcc/arm-none-eabi/7.3.1/../../../../arm-none-eabi/lib/thumb/v7e-m/fpv4-sp/hard\libc.a(lib_a-impure.o)
                0x08004f00                _global_impure_ptr
                0x08004f04                . = ALIGN (0x4)

.rel.dyn        0x08004f04        0x0
 .rel.iplt      0x08004f04        0x0 c:/ac6/systemworkbench/plugins/fr.ac6.mcu.externaltools.arm-none.win32_1.17.0.201812190825/tools/compiler/bin/../lib/gcc/arm-none-eabi/7.3.1/thumb/v7e-m/fpv4-sp/hard/crtbegin.o

.ARM.extab      0x08004f04        0x0
                0x08004f04                . = ALIGN (0x4)
 *(.ARM.extab* .gnu.linkonce.armextab.*)
                0x08004f04                . = ALIGN (0x4)

.ARM            0x08004f04        0x0
                0x08004f04                . = ALIGN (0x4)
                0x08004f04                __exidx_start = .
 *(.ARM.exidx*)
                0x08004f04                __exidx_end = .
                0x08004f04                . = ALIGN (0x4)

.preinit_array  0x08004f04        0x0
                0x08004f04                . = ALIGN (0x4)
                0x08004f04                PROVIDE (__preinit_array_start = .)
 *(.preinit_array*)
                0x08004f04                PROVIDE (__preinit_array_end = .)
                0x08004f04                . = ALIGN (0x4)

.init_array     0x08004f04        0x8
                0x08004f04                . = ALIGN (0x4)
                0x08004f04                PROVIDE (__init_array_start = .)
 *(SORT_BY_NAME(.init_array.*))
 .init_array.00000
                0x08004f04        0x4 c:/ac6/systemworkbench/plugins/fr.ac6.mcu.externaltools.arm-none.win32_1.17.0.201812190825/tools/compiler/bin/../lib/gcc/arm-none-eabi/7.3.1/../../../../arm-none-eabi/lib/thumb/v7e-m/fpv4-sp/hard\libc.a(lib_a-__call_atexit.o)
 *(.init_array*)
 .init_array    0x08004f08        0x4 c:/ac6/systemworkbench/plugins/fr.ac6.mcu.externaltools.arm-none.win32_1.17.0.201812190825/tools/compiler/bin/../lib/gcc/arm-none-eabi/7.3.1/thumb/v7e-m/fpv4-sp/hard/crtbegin.o
                0x08004f0c                PROVIDE (__init_array_end = .)
                0x08004f0c                . = ALIGN (0x4)

.fini_array     0x08004f0c        0x4
                0x08004f0c                . = ALIGN (0x4)
                0x08004f0c                PROVIDE (__fini_array_start = .)
 *(SORT_BY_NAME(.fini_array.*))
 *(.fini_array*)
 .fini_array    0x08004f0c        0x4 c:/ac6/systemworkbench/plugins/fr.ac6.mcu.externaltools.arm-none.win32_1.17.0.201812190825/tools/compiler/bin/../lib/gcc/arm-none-eabi/7.3.1/thumb/v7e-m/fpv4-sp/hard/crtbegin.o
                0x08004f10                PROVIDE (__fini_array_end = .)
                0x08004f10                . = ALIGN (0x4)
                0x08004f10                _sidata = LOADADDR (.data)

.data           0x20000000      0x454 load address 0x08004f10
                0x20000000                . = ALIGN (0x4)
                0x20000000                _sdata = .
 *(.data)
 .data          0x20000000       0x10 StdPeriph_Driver/src/stm32f4xx_rcc.o
 .data          0x20000010        0xa libs/lcd.o
 *fill*         0x2000001a        0x2 
 .data          0x2000001c        0x8 src/main.o
                0x2000001c                fc
                0x20000020                deler
 *(.data*)
 *fill*         0x20000024        0x4 
 .data.impure_data
                0x20000028      0x428 c:/ac6/systemworkbench/plugins/fr.ac6.mcu.externaltools.arm-none.win32_1.17.0.201812190825/tools/compiler/bin/../lib/gcc/arm-none-eabi/7.3.1/../../../../arm-none-eabi/lib/thumb/v7e-m/fpv4-sp/hard\libc.a(lib_a-impure.o)
 .data.__atexit_recursive_mutex
                0x20000450        0x4 c:/ac6/systemworkbench/plugins/fr.ac6.mcu.externaltools.arm-none.win32_1.17.0.201812190825/tools/compiler/bin/../lib/gcc/arm-none-eabi/7.3.1/../../../../arm-none-eabi/lib/thumb/v7e-m/fpv4-sp/hard\libc.a(lib_a-__call_atexit.o)
                0x20000450                __atexit_recursive_mutex
                0x20000454                . = ALIGN (0x4)
                0x20000454                _edata = .

.igot.plt       0x20000454        0x0 load address 0x08005364
 .igot.plt      0x20000454        0x0 c:/ac6/systemworkbench/plugins/fr.ac6.mcu.externaltools.arm-none.win32_1.17.0.201812190825/tools/compiler/bin/../lib/gcc/arm-none-eabi/7.3.1/thumb/v7e-m/fpv4-sp/hard/crtbegin.o
                0x20000454                . = ALIGN (0x4)

.bss            0x20000454      0x3d0 load address 0x08005364
                0x20000454                _sbss = .
                0x20000454                __bss_start__ = _sbss
 *(.bss)
 .bss           0x20000454       0x1c c:/ac6/systemworkbench/plugins/fr.ac6.mcu.externaltools.arm-none.win32_1.17.0.201812190825/tools/compiler/bin/../lib/gcc/arm-none-eabi/7.3.1/thumb/v7e-m/fpv4-sp/hard/crtbegin.o
 .bss           0x20000470        0x1 libs/lcd.o
                0x20000470                curpos
 *fill*         0x20000471        0x3 
 .bss           0x20000474        0x4 libs/uart.o
                0x20000474                charcounter
 *(.bss*)
 *(COMMON)
 COMMON         0x20000478      0x10c libs/adc.o
                0x20000478                x
                0x20000578                i
                0x2000057c                y
                0x20000580                tel
 COMMON         0x20000584       0x10 libs/delay.o
                0x20000584                G_CLK
                0x20000588                D_S
                0x2000058c                D_uS
                0x20000590                D_mS
 COMMON         0x20000594        0x8 libs/keys_int.o
                0x20000594                incrementor
                0x20000598                G_KEY
 COMMON         0x2000059c       0x64 libs/uart.o
                0x2000059c                string
 COMMON         0x20000600      0x200 src/main.o
                0x20000600                h_temp
                0x20000700                h
 COMMON         0x20000800       0x21 c:/ac6/systemworkbench/plugins/fr.ac6.mcu.externaltools.arm-none.win32_1.17.0.201812190825/tools/compiler/bin/../lib/gcc/arm-none-eabi/7.3.1/../../../../arm-none-eabi/lib/thumb/v7e-m/fpv4-sp/hard\libc.a(lib_a-lock.o)
                0x20000800                __lock___atexit_recursive_mutex
                0x20000804                __lock___arc4random_mutex
                0x20000808                __lock___env_recursive_mutex
                0x2000080c                __lock___sinit_recursive_mutex
                0x20000810                __lock___malloc_recursive_mutex
                0x20000814                __lock___at_quick_exit_mutex
                0x20000818                __lock___dd_hash_mutex
                0x2000081c                __lock___tz_mutex
                0x20000820                __lock___sfp_recursive_mutex
                0x20000824                . = ALIGN (0x4)
 *fill*         0x20000821        0x3 
                0x20000824                _ebss = .
                0x20000824                __bss_end__ = _ebss

._user_heap_stack
                0x20000824      0x404 load address 0x08005364
                0x20000828                . = ALIGN (0x8)
 *fill*         0x20000824        0x4 
                0x20000828                PROVIDE (end = .)
                [!provide]                PROVIDE (_end = .)
                0x20000828                . = (. + _Min_Heap_Size)
                0x20000c28                . = (. + _Min_Stack_Size)
 *fill*         0x20000828      0x400 
                0x20000c28                . = ALIGN (0x8)

/DISCARD/
 libc.a(*)
 libm.a(*)
 libgcc.a(*)

.ARM.attributes
                0x00000000       0x30
 *(.ARM.attributes)
 .ARM.attributes
                0x00000000       0x22 c:/ac6/systemworkbench/plugins/fr.ac6.mcu.externaltools.arm-none.win32_1.17.0.201812190825/tools/compiler/bin/../lib/gcc/arm-none-eabi/7.3.1/thumb/v7e-m/fpv4-sp/hard/crti.o
 .ARM.attributes
                0x00000022       0x34 c:/ac6/systemworkbench/plugins/fr.ac6.mcu.externaltools.arm-none.win32_1.17.0.201812190825/tools/compiler/bin/../lib/gcc/arm-none-eabi/7.3.1/thumb/v7e-m/fpv4-sp/hard/crtbegin.o
 .ARM.attributes
                0x00000056       0x39 StdPeriph_Driver/src/misc.o
 .ARM.attributes
                0x0000008f       0x39 StdPeriph_Driver/src/stm32f4xx_adc.o
 .ARM.attributes
                0x000000c8       0x39 StdPeriph_Driver/src/stm32f4xx_dac.o
 .ARM.attributes
                0x00000101       0x39 StdPeriph_Driver/src/stm32f4xx_exti.o
 .ARM.attributes
                0x0000013a       0x39 StdPeriph_Driver/src/stm32f4xx_gpio.o
 .ARM.attributes
                0x00000173       0x39 StdPeriph_Driver/src/stm32f4xx_rcc.o
 .ARM.attributes
                0x000001ac       0x39 StdPeriph_Driver/src/stm32f4xx_syscfg.o
 .ARM.attributes
                0x000001e5       0x39 StdPeriph_Driver/src/stm32f4xx_tim.o
 .ARM.attributes
                0x0000021e       0x39 StdPeriph_Driver/src/stm32f4xx_usart.o
 .ARM.attributes
                0x00000257       0x39 libs/adc.o
 .ARM.attributes
                0x00000290       0x39 libs/dac.o
 .ARM.attributes
                0x000002c9       0x39 libs/delay.o
 .ARM.attributes
                0x00000302       0x39 libs/keys_int.o
 .ARM.attributes
                0x0000033b       0x39 libs/lcd.o
 .ARM.attributes
                0x00000374       0x39 libs/uart.o
 .ARM.attributes
                0x000003ad       0x39 src/convolution.o
 .ARM.attributes
                0x000003e6       0x39 src/main.o
 .ARM.attributes
                0x0000041f       0x39 src/system_stm32f4xx.o
 .ARM.attributes
                0x00000458       0x21 startup/startup_stm32.o
 .ARM.attributes
                0x00000479       0x34 c:/ac6/systemworkbench/plugins/fr.ac6.mcu.externaltools.arm-none.win32_1.17.0.201812190825/tools/compiler/bin/../lib/gcc/arm-none-eabi/7.3.1/../../../../arm-none-eabi/lib/thumb/v7e-m/fpv4-sp/hard\libm.a(lib_a-s_cos.o)
 .ARM.attributes
                0x000004ad       0x34 c:/ac6/systemworkbench/plugins/fr.ac6.mcu.externaltools.arm-none.win32_1.17.0.201812190825/tools/compiler/bin/../lib/gcc/arm-none-eabi/7.3.1/../../../../arm-none-eabi/lib/thumb/v7e-m/fpv4-sp/hard\libm.a(lib_a-s_sin.o)
 .ARM.attributes
                0x000004e1       0x34 c:/ac6/systemworkbench/plugins/fr.ac6.mcu.externaltools.arm-none.win32_1.17.0.201812190825/tools/compiler/bin/../lib/gcc/arm-none-eabi/7.3.1/../../../../arm-none-eabi/lib/thumb/v7e-m/fpv4-sp/hard\libm.a(lib_a-e_rem_pio2.o)
 .ARM.attributes
                0x00000515       0x34 c:/ac6/systemworkbench/plugins/fr.ac6.mcu.externaltools.arm-none.win32_1.17.0.201812190825/tools/compiler/bin/../lib/gcc/arm-none-eabi/7.3.1/../../../../arm-none-eabi/lib/thumb/v7e-m/fpv4-sp/hard\libm.a(lib_a-k_cos.o)
 .ARM.attributes
                0x00000549       0x34 c:/ac6/systemworkbench/plugins/fr.ac6.mcu.externaltools.arm-none.win32_1.17.0.201812190825/tools/compiler/bin/../lib/gcc/arm-none-eabi/7.3.1/../../../../arm-none-eabi/lib/thumb/v7e-m/fpv4-sp/hard\libm.a(lib_a-k_rem_pio2.o)
 .ARM.attributes
                0x0000057d       0x34 c:/ac6/systemworkbench/plugins/fr.ac6.mcu.externaltools.arm-none.win32_1.17.0.201812190825/tools/compiler/bin/../lib/gcc/arm-none-eabi/7.3.1/../../../../arm-none-eabi/lib/thumb/v7e-m/fpv4-sp/hard\libm.a(lib_a-k_sin.o)
 .ARM.attributes
                0x000005b1       0x34 c:/ac6/systemworkbench/plugins/fr.ac6.mcu.externaltools.arm-none.win32_1.17.0.201812190825/tools/compiler/bin/../lib/gcc/arm-none-eabi/7.3.1/../../../../arm-none-eabi/lib/thumb/v7e-m/fpv4-sp/hard\libm.a(lib_a-s_fabs.o)
 .ARM.attributes
                0x000005e5       0x34 c:/ac6/systemworkbench/plugins/fr.ac6.mcu.externaltools.arm-none.win32_1.17.0.201812190825/tools/compiler/bin/../lib/gcc/arm-none-eabi/7.3.1/../../../../arm-none-eabi/lib/thumb/v7e-m/fpv4-sp/hard\libm.a(lib_a-s_floor.o)
 .ARM.attributes
                0x00000619       0x34 c:/ac6/systemworkbench/plugins/fr.ac6.mcu.externaltools.arm-none.win32_1.17.0.201812190825/tools/compiler/bin/../lib/gcc/arm-none-eabi/7.3.1/../../../../arm-none-eabi/lib/thumb/v7e-m/fpv4-sp/hard\libm.a(lib_a-s_scalbn.o)
 .ARM.attributes
                0x0000064d       0x34 c:/ac6/systemworkbench/plugins/fr.ac6.mcu.externaltools.arm-none.win32_1.17.0.201812190825/tools/compiler/bin/../lib/gcc/arm-none-eabi/7.3.1/../../../../arm-none-eabi/lib/thumb/v7e-m/fpv4-sp/hard\libm.a(lib_a-s_copysign.o)
 .ARM.attributes
                0x00000681       0x22 c:/ac6/systemworkbench/plugins/fr.ac6.mcu.externaltools.arm-none.win32_1.17.0.201812190825/tools/compiler/bin/../lib/gcc/arm-none-eabi/7.3.1/thumb/v7e-m/fpv4-sp/hard\libgcc.a(_arm_addsubdf3.o)
 .ARM.attributes
                0x000006a3       0x22 c:/ac6/systemworkbench/plugins/fr.ac6.mcu.externaltools.arm-none.win32_1.17.0.201812190825/tools/compiler/bin/../lib/gcc/arm-none-eabi/7.3.1/thumb/v7e-m/fpv4-sp/hard\libgcc.a(_arm_muldivdf3.o)
 .ARM.attributes
                0x000006c5       0x22 c:/ac6/systemworkbench/plugins/fr.ac6.mcu.externaltools.arm-none.win32_1.17.0.201812190825/tools/compiler/bin/../lib/gcc/arm-none-eabi/7.3.1/thumb/v7e-m/fpv4-sp/hard\libgcc.a(_arm_cmpdf2.o)
 .ARM.attributes
                0x000006e7       0x22 c:/ac6/systemworkbench/plugins/fr.ac6.mcu.externaltools.arm-none.win32_1.17.0.201812190825/tools/compiler/bin/../lib/gcc/arm-none-eabi/7.3.1/thumb/v7e-m/fpv4-sp/hard\libgcc.a(_arm_fixdfsi.o)
 .ARM.attributes
                0x00000709       0x22 c:/ac6/systemworkbench/plugins/fr.ac6.mcu.externaltools.arm-none.win32_1.17.0.201812190825/tools/compiler/bin/../lib/gcc/arm-none-eabi/7.3.1/thumb/v7e-m/fpv4-sp/hard\libgcc.a(_arm_fixunsdfsi.o)
 .ARM.attributes
                0x0000072b       0x22 c:/ac6/systemworkbench/plugins/fr.ac6.mcu.externaltools.arm-none.win32_1.17.0.201812190825/tools/compiler/bin/../lib/gcc/arm-none-eabi/7.3.1/thumb/v7e-m/fpv4-sp/hard\libgcc.a(_arm_truncdfsf2.o)
 .ARM.attributes
                0x0000074d       0x34 c:/ac6/systemworkbench/plugins/fr.ac6.mcu.externaltools.arm-none.win32_1.17.0.201812190825/tools/compiler/bin/../lib/gcc/arm-none-eabi/7.3.1/../../../../arm-none-eabi/lib/thumb/v7e-m/fpv4-sp/hard\libc.a(lib_a-impure.o)
 .ARM.attributes
                0x00000781       0x34 c:/ac6/systemworkbench/plugins/fr.ac6.mcu.externaltools.arm-none.win32_1.17.0.201812190825/tools/compiler/bin/../lib/gcc/arm-none-eabi/7.3.1/../../../../arm-none-eabi/lib/thumb/v7e-m/fpv4-sp/hard\libc.a(lib_a-init.o)
 .ARM.attributes
                0x000007b5       0x34 c:/ac6/systemworkbench/plugins/fr.ac6.mcu.externaltools.arm-none.win32_1.17.0.201812190825/tools/compiler/bin/../lib/gcc/arm-none-eabi/7.3.1/../../../../arm-none-eabi/lib/thumb/v7e-m/fpv4-sp/hard\libc.a(lib_a-__call_atexit.o)
 .ARM.attributes
                0x000007e9       0x34 c:/ac6/systemworkbench/plugins/fr.ac6.mcu.externaltools.arm-none.win32_1.17.0.201812190825/tools/compiler/bin/../lib/gcc/arm-none-eabi/7.3.1/../../../../arm-none-eabi/lib/thumb/v7e-m/fpv4-sp/hard\libc.a(lib_a-atexit.o)
 .ARM.attributes
                0x0000081d       0x34 c:/ac6/systemworkbench/plugins/fr.ac6.mcu.externaltools.arm-none.win32_1.17.0.201812190825/tools/compiler/bin/../lib/gcc/arm-none-eabi/7.3.1/../../../../arm-none-eabi/lib/thumb/v7e-m/fpv4-sp/hard\libc.a(lib_a-fini.o)
 .ARM.attributes
                0x00000851       0x34 c:/ac6/systemworkbench/plugins/fr.ac6.mcu.externaltools.arm-none.win32_1.17.0.201812190825/tools/compiler/bin/../lib/gcc/arm-none-eabi/7.3.1/../../../../arm-none-eabi/lib/thumb/v7e-m/fpv4-sp/hard\libc.a(lib_a-lock.o)
 .ARM.attributes
                0x00000885       0x34 c:/ac6/systemworkbench/plugins/fr.ac6.mcu.externaltools.arm-none.win32_1.17.0.201812190825/tools/compiler/bin/../lib/gcc/arm-none-eabi/7.3.1/../../../../arm-none-eabi/lib/thumb/v7e-m/fpv4-sp/hard\libc.a(lib_a-__atexit.o)
 .ARM.attributes
                0x000008b9       0x22 c:/ac6/systemworkbench/plugins/fr.ac6.mcu.externaltools.arm-none.win32_1.17.0.201812190825/tools/compiler/bin/../lib/gcc/arm-none-eabi/7.3.1/thumb/v7e-m/fpv4-sp/hard/crtn.o
OUTPUT(STP_convolution_filter.elf elf32-littlearm)

.debug_info     0x00000000     0xcf95
 .debug_info    0x00000000      0x54b StdPeriph_Driver/src/misc.o
 .debug_info    0x0000054b      0xc4e StdPeriph_Driver/src/stm32f4xx_adc.o
 .debug_info    0x00001199      0x653 StdPeriph_Driver/src/stm32f4xx_dac.o
 .debug_info    0x000017ec      0x358 StdPeriph_Driver/src/stm32f4xx_exti.o
 .debug_info    0x00001b44      0x62b StdPeriph_Driver/src/stm32f4xx_gpio.o
 .debug_info    0x0000216f      0xe67 StdPeriph_Driver/src/stm32f4xx_rcc.o
 .debug_info    0x00002fd6      0x2a6 StdPeriph_Driver/src/stm32f4xx_syscfg.o
 .debug_info    0x0000327c     0x1c73 StdPeriph_Driver/src/stm32f4xx_tim.o
 .debug_info    0x00004eef      0x9d4 StdPeriph_Driver/src/stm32f4xx_usart.o
 .debug_info    0x000058c3      0xe34 libs/adc.o
 .debug_info    0x000066f7      0xc41 libs/dac.o
 .debug_info    0x00007338      0xb14 libs/delay.o
 .debug_info    0x00007e4c      0xff8 libs/keys_int.o
 .debug_info    0x00008e44      0xe00 libs/lcd.o
 .debug_info    0x00009c44     0x111a libs/uart.o
 .debug_info    0x0000ad5e      0xfc4 src/convolution.o
 .debug_info    0x0000bd22      0xc3f src/main.o
 .debug_info    0x0000c961      0x612 src/system_stm32f4xx.o
 .debug_info    0x0000cf73       0x22 startup/startup_stm32.o

.debug_abbrev   0x00000000     0x243d
 .debug_abbrev  0x00000000      0x177 StdPeriph_Driver/src/misc.o
 .debug_abbrev  0x00000177      0x1b0 StdPeriph_Driver/src/stm32f4xx_adc.o
 .debug_abbrev  0x00000327      0x196 StdPeriph_Driver/src/stm32f4xx_dac.o
 .debug_abbrev  0x000004bd      0x1c3 StdPeriph_Driver/src/stm32f4xx_exti.o
 .debug_abbrev  0x00000680      0x1bf StdPeriph_Driver/src/stm32f4xx_gpio.o
 .debug_abbrev  0x0000083f      0x1d4 StdPeriph_Driver/src/stm32f4xx_rcc.o
 .debug_abbrev  0x00000a13      0x14b StdPeriph_Driver/src/stm32f4xx_syscfg.o
 .debug_abbrev  0x00000b5e      0x19f StdPeriph_Driver/src/stm32f4xx_tim.o
 .debug_abbrev  0x00000cfd      0x187 StdPeriph_Driver/src/stm32f4xx_usart.o
 .debug_abbrev  0x00000e84      0x271 libs/adc.o
 .debug_abbrev  0x000010f5      0x24c libs/dac.o
 .debug_abbrev  0x00001341      0x255 libs/delay.o
 .debug_abbrev  0x00001596      0x2ba libs/keys_int.o
 .debug_abbrev  0x00001850      0x295 libs/lcd.o
 .debug_abbrev  0x00001ae5      0x2e2 libs/uart.o
 .debug_abbrev  0x00001dc7      0x289 src/convolution.o
 .debug_abbrev  0x00002050      0x27e src/main.o
 .debug_abbrev  0x000022ce      0x15d src/system_stm32f4xx.o
 .debug_abbrev  0x0000242b       0x12 startup/startup_stm32.o

.debug_aranges  0x00000000      0xb48
 .debug_aranges
                0x00000000       0x40 StdPeriph_Driver/src/misc.o
 .debug_aranges
                0x00000040      0x148 StdPeriph_Driver/src/stm32f4xx_adc.o
 .debug_aranges
                0x00000188       0xa0 StdPeriph_Driver/src/stm32f4xx_dac.o
 .debug_aranges
                0x00000228       0x58 StdPeriph_Driver/src/stm32f4xx_exti.o
 .debug_aranges
                0x00000280       0x88 StdPeriph_Driver/src/stm32f4xx_gpio.o
 .debug_aranges
                0x00000308      0x1c0 StdPeriph_Driver/src/stm32f4xx_rcc.o
 .debug_aranges
                0x000004c8       0x50 StdPeriph_Driver/src/stm32f4xx_syscfg.o
 .debug_aranges
                0x00000518      0x2f8 StdPeriph_Driver/src/stm32f4xx_tim.o
 .debug_aranges
                0x00000810      0x100 StdPeriph_Driver/src/stm32f4xx_usart.o
 .debug_aranges
                0x00000910       0x28 libs/adc.o
 .debug_aranges
                0x00000938       0x20 libs/dac.o
 .debug_aranges
                0x00000958       0x38 libs/delay.o
 .debug_aranges
                0x00000990       0x40 libs/keys_int.o
 .debug_aranges
                0x000009d0       0x78 libs/lcd.o
 .debug_aranges
                0x00000a48       0x38 libs/uart.o
 .debug_aranges
                0x00000a80       0x40 src/convolution.o
 .debug_aranges
                0x00000ac0       0x30 src/main.o
 .debug_aranges
                0x00000af0       0x30 src/system_stm32f4xx.o
 .debug_aranges
                0x00000b20       0x28 startup/startup_stm32.o

.debug_ranges   0x00000000      0xa20
 .debug_ranges  0x00000000       0x30 StdPeriph_Driver/src/misc.o
 .debug_ranges  0x00000030      0x138 StdPeriph_Driver/src/stm32f4xx_adc.o
 .debug_ranges  0x00000168       0x90 StdPeriph_Driver/src/stm32f4xx_dac.o
 .debug_ranges  0x000001f8       0x48 StdPeriph_Driver/src/stm32f4xx_exti.o
 .debug_ranges  0x00000240       0x78 StdPeriph_Driver/src/stm32f4xx_gpio.o
 .debug_ranges  0x000002b8      0x1b0 StdPeriph_Driver/src/stm32f4xx_rcc.o
 .debug_ranges  0x00000468       0x40 StdPeriph_Driver/src/stm32f4xx_syscfg.o
 .debug_ranges  0x000004a8      0x2e8 StdPeriph_Driver/src/stm32f4xx_tim.o
 .debug_ranges  0x00000790       0xf0 StdPeriph_Driver/src/stm32f4xx_usart.o
 .debug_ranges  0x00000880       0x18 libs/adc.o
 .debug_ranges  0x00000898       0x10 libs/dac.o
 .debug_ranges  0x000008a8       0x28 libs/delay.o
 .debug_ranges  0x000008d0       0x30 libs/keys_int.o
 .debug_ranges  0x00000900       0x68 libs/lcd.o
 .debug_ranges  0x00000968       0x28 libs/uart.o
 .debug_ranges  0x00000990       0x30 src/convolution.o
 .debug_ranges  0x000009c0       0x20 src/main.o
 .debug_ranges  0x000009e0       0x20 src/system_stm32f4xx.o
 .debug_ranges  0x00000a00       0x20 startup/startup_stm32.o

.debug_macro    0x00000000    0x13cef
 .debug_macro   0x00000000      0x1be StdPeriph_Driver/src/misc.o
 .debug_macro   0x000001be      0xa78 StdPeriph_Driver/src/misc.o
 .debug_macro   0x00000c36       0x65 StdPeriph_Driver/src/misc.o
 .debug_macro   0x00000c9b       0x3b StdPeriph_Driver/src/misc.o
 .debug_macro   0x00000cd6       0x22 StdPeriph_Driver/src/misc.o
 .debug_macro   0x00000cf8       0x8e StdPeriph_Driver/src/misc.o
 .debug_macro   0x00000d86       0x51 StdPeriph_Driver/src/misc.o
 .debug_macro   0x00000dd7       0xef StdPeriph_Driver/src/misc.o
 .debug_macro   0x00000ec6       0x6a StdPeriph_Driver/src/misc.o
 .debug_macro   0x00000f30      0x1df StdPeriph_Driver/src/misc.o
 .debug_macro   0x0000110f       0x34 StdPeriph_Driver/src/misc.o
 .debug_macro   0x00001143       0x26 StdPeriph_Driver/src/misc.o
 .debug_macro   0x00001169      0xe43 StdPeriph_Driver/src/misc.o
 .debug_macro   0x00001fac     0x91ad StdPeriph_Driver/src/misc.o
 .debug_macro   0x0000b159      0x44f StdPeriph_Driver/src/misc.o
 .debug_macro   0x0000b5a8       0xb2 StdPeriph_Driver/src/misc.o
 .debug_macro   0x0000b65a      0x477 StdPeriph_Driver/src/misc.o
 .debug_macro   0x0000bad1       0xb5 StdPeriph_Driver/src/misc.o
 .debug_macro   0x0000bb86      0x41c StdPeriph_Driver/src/misc.o
 .debug_macro   0x0000bfa2      0x2fb StdPeriph_Driver/src/misc.o
 .debug_macro   0x0000c29d      0x2ba StdPeriph_Driver/src/misc.o
 .debug_macro   0x0000c557       0x64 StdPeriph_Driver/src/misc.o
 .debug_macro   0x0000c5bb       0xee StdPeriph_Driver/src/misc.o
 .debug_macro   0x0000c6a9      0x65f StdPeriph_Driver/src/misc.o
 .debug_macro   0x0000cd08      0x59e StdPeriph_Driver/src/misc.o
 .debug_macro   0x0000d2a6      0x342 StdPeriph_Driver/src/misc.o
 .debug_macro   0x0000d5e8      0x36c StdPeriph_Driver/src/misc.o
 .debug_macro   0x0000d954      0x114 StdPeriph_Driver/src/misc.o
 .debug_macro   0x0000da68      0x73b StdPeriph_Driver/src/misc.o
 .debug_macro   0x0000e1a3      0x223 StdPeriph_Driver/src/misc.o
 .debug_macro   0x0000e3c6       0x34 StdPeriph_Driver/src/misc.o
 .debug_macro   0x0000e3fa      0x144 StdPeriph_Driver/src/misc.o
 .debug_macro   0x0000e53e       0xc3 StdPeriph_Driver/src/misc.o
 .debug_macro   0x0000e601       0x40 StdPeriph_Driver/src/misc.o
 .debug_macro   0x0000e641      0x3cf StdPeriph_Driver/src/misc.o
 .debug_macro   0x0000ea10      0x188 StdPeriph_Driver/src/misc.o
 .debug_macro   0x0000eb98      0x149 StdPeriph_Driver/src/misc.o
 .debug_macro   0x0000ece1       0x35 StdPeriph_Driver/src/misc.o
 .debug_macro   0x0000ed16       0x7c StdPeriph_Driver/src/misc.o
 .debug_macro   0x0000ed92      0x240 StdPeriph_Driver/src/stm32f4xx_adc.o
 .debug_macro   0x0000efd2       0x82 StdPeriph_Driver/src/stm32f4xx_adc.o
 .debug_macro   0x0000f054      0x1ef StdPeriph_Driver/src/stm32f4xx_dac.o
 .debug_macro   0x0000f243      0x182 StdPeriph_Driver/src/stm32f4xx_dac.o
 .debug_macro   0x0000f3c5      0x1be StdPeriph_Driver/src/stm32f4xx_exti.o
 .debug_macro   0x0000f583       0xaf StdPeriph_Driver/src/stm32f4xx_exti.o
 .debug_macro   0x0000f632      0x1bc StdPeriph_Driver/src/stm32f4xx_gpio.o
 .debug_macro   0x0000f7ee      0x2f5 StdPeriph_Driver/src/stm32f4xx_gpio.o
 .debug_macro   0x0000fae3      0x28b StdPeriph_Driver/src/stm32f4xx_rcc.o
 .debug_macro   0x0000fd6e      0x20a StdPeriph_Driver/src/stm32f4xx_syscfg.o
 .debug_macro   0x0000ff78      0x10e StdPeriph_Driver/src/stm32f4xx_syscfg.o
 .debug_macro   0x00010086      0x1e6 StdPeriph_Driver/src/stm32f4xx_tim.o
 .debug_macro   0x0001026c      0x735 StdPeriph_Driver/src/stm32f4xx_tim.o
 .debug_macro   0x000109a1      0x1d4 StdPeriph_Driver/src/stm32f4xx_usart.o
 .debug_macro   0x00010b75      0x21d StdPeriph_Driver/src/stm32f4xx_usart.o
 .debug_macro   0x00010d92      0x3b5 libs/adc.o
 .debug_macro   0x00011147       0x4c libs/adc.o
 .debug_macro   0x00011193       0x5e libs/adc.o
 .debug_macro   0x000111f1       0x18 libs/adc.o
 .debug_macro   0x00011209       0x35 libs/adc.o
 .debug_macro   0x0001123e       0x34 libs/adc.o
 .debug_macro   0x00011272       0x16 libs/adc.o
 .debug_macro   0x00011288       0x97 libs/adc.o
 .debug_macro   0x0001131f      0x330 libs/adc.o
 .debug_macro   0x0001164f       0xfd libs/adc.o
 .debug_macro   0x0001174c       0x10 libs/adc.o
 .debug_macro   0x0001175c       0x58 libs/adc.o
 .debug_macro   0x000117b4       0x1f libs/adc.o
 .debug_macro   0x000117d3       0x43 libs/adc.o
 .debug_macro   0x00011816       0x20 libs/adc.o
 .debug_macro   0x00011836      0x18e libs/adc.o
 .debug_macro   0x000119c4       0x10 libs/adc.o
 .debug_macro   0x000119d4       0x1c libs/adc.o
 .debug_macro   0x000119f0       0x52 libs/adc.o
 .debug_macro   0x00011a42       0x40 libs/adc.o
 .debug_macro   0x00011a82       0x10 libs/adc.o
 .debug_macro   0x00011a92       0x40 libs/adc.o
 .debug_macro   0x00011ad2       0xd7 libs/adc.o
 .debug_macro   0x00011ba9       0x1c libs/adc.o
 .debug_macro   0x00011bc5       0x3d libs/adc.o
 .debug_macro   0x00011c02       0x16 libs/adc.o
 .debug_macro   0x00011c18      0x16f libs/adc.o
 .debug_macro   0x00011d87       0x4c libs/adc.o
 .debug_macro   0x00011dd3      0x1e1 libs/adc.o
 .debug_macro   0x00011fb4       0x10 libs/adc.o
 .debug_macro   0x00011fc4       0x10 libs/adc.o
 .debug_macro   0x00011fd4       0x10 libs/adc.o
 .debug_macro   0x00011fe4       0x58 libs/adc.o
 .debug_macro   0x0001203c       0x28 libs/adc.o
 .debug_macro   0x00012064       0x8e libs/adc.o
 .debug_macro   0x000120f2       0x2e libs/adc.o
 .debug_macro   0x00012120      0x3b5 libs/dac.o
 .debug_macro   0x000124d5      0x3b9 libs/delay.o
 .debug_macro   0x0001288e      0x3b5 libs/keys_int.o
 .debug_macro   0x00012c43      0x3b5 libs/lcd.o
 .debug_macro   0x00012ff8      0x3b5 libs/uart.o
 .debug_macro   0x000133ad      0x3b5 src/convolution.o
 .debug_macro   0x00013762      0x3bb src/main.o
 .debug_macro   0x00013b1d      0x1d2 src/system_stm32f4xx.o

.debug_line     0x00000000     0x9c91
 .debug_line    0x00000000      0x67e StdPeriph_Driver/src/misc.o
 .debug_line    0x0000067e      0x992 StdPeriph_Driver/src/stm32f4xx_adc.o
 .debug_line    0x00001010      0x787 StdPeriph_Driver/src/stm32f4xx_dac.o
 .debug_line    0x00001797      0x6cc StdPeriph_Driver/src/stm32f4xx_exti.o
 .debug_line    0x00001e63      0x7a4 StdPeriph_Driver/src/stm32f4xx_gpio.o
 .debug_line    0x00002607      0xa98 StdPeriph_Driver/src/stm32f4xx_rcc.o
 .debug_line    0x0000309f      0x69f StdPeriph_Driver/src/stm32f4xx_syscfg.o
 .debug_line    0x0000373e      0xef6 StdPeriph_Driver/src/stm32f4xx_tim.o
 .debug_line    0x00004634      0x8ea StdPeriph_Driver/src/stm32f4xx_usart.o
 .debug_line    0x00004f1e      0x870 libs/adc.o
 .debug_line    0x0000578e      0x83c libs/dac.o
 .debug_line    0x00005fca      0x8a5 libs/delay.o
 .debug_line    0x0000686f      0x9b6 libs/keys_int.o
 .debug_line    0x00007225      0x972 libs/lcd.o
 .debug_line    0x00007b97      0x8ec libs/uart.o
 .debug_line    0x00008483      0x8d6 src/convolution.o
 .debug_line    0x00008d59      0x823 src/main.o
 .debug_line    0x0000957c      0x699 src/system_stm32f4xx.o
 .debug_line    0x00009c15       0x7c startup/startup_stm32.o

.debug_str      0x00000000    0x67629
 .debug_str     0x00000000    0x5ea52 StdPeriph_Driver/src/misc.o
                              0x5ebfb (size before relaxing)
 .debug_str     0x0005ea52      0x91f StdPeriph_Driver/src/stm32f4xx_adc.o
                              0x5f2ea (size before relaxing)
 .debug_str     0x0005f371      0x366 StdPeriph_Driver/src/stm32f4xx_dac.o
                              0x5ed5f (size before relaxing)
 .debug_str     0x0005f6d7      0x1ce StdPeriph_Driver/src/stm32f4xx_exti.o
                              0x5eb71 (size before relaxing)
 .debug_str     0x0005f8a5      0x2ab StdPeriph_Driver/src/stm32f4xx_gpio.o
                              0x5eca3 (size before relaxing)
 .debug_str     0x0005fb50      0xd65 StdPeriph_Driver/src/stm32f4xx_rcc.o
                              0x5f7b0 (size before relaxing)
 .debug_str     0x000608b5      0x40c StdPeriph_Driver/src/stm32f4xx_syscfg.o
                              0x5edc1 (size before relaxing)
 .debug_str     0x00060cc1      0xc2f StdPeriph_Driver/src/stm32f4xx_tim.o
                              0x5f69a (size before relaxing)
 .debug_str     0x000618f0      0x533 StdPeriph_Driver/src/stm32f4xx_usart.o
                              0x5efb6 (size before relaxing)
 .debug_str     0x00061e23     0x4f18 libs/adc.o
                              0x63ced (size before relaxing)
 .debug_str     0x00066d3b       0x29 libs/dac.o
                              0x63bbd (size before relaxing)
 .debug_str     0x00066d64       0x4a libs/delay.o
                              0x63a16 (size before relaxing)
 .debug_str     0x00066dae      0x588 libs/keys_int.o
                              0x64230 (size before relaxing)
 .debug_str     0x00067336       0xbd libs/lcd.o
                              0x63c0d (size before relaxing)
 .debug_str     0x000673f3       0x81 libs/uart.o
                              0x64255 (size before relaxing)
 .debug_str     0x00067474       0x8b src/convolution.o
                              0x64118 (size before relaxing)
 .debug_str     0x000674ff       0x3b src/main.o
                              0x63b66 (size before relaxing)
 .debug_str     0x0006753a       0xc6 src/system_stm32f4xx.o
                              0x5ebf5 (size before relaxing)
 .debug_str     0x00067600       0x29 startup/startup_stm32.o
                                 0x6e (size before relaxing)

.comment        0x00000000       0x7f
 .comment       0x00000000       0x7f StdPeriph_Driver/src/misc.o
                                 0x80 (size before relaxing)
 .comment       0x0000007f       0x80 StdPeriph_Driver/src/stm32f4xx_adc.o
 .comment       0x0000007f       0x80 StdPeriph_Driver/src/stm32f4xx_dac.o
 .comment       0x0000007f       0x80 StdPeriph_Driver/src/stm32f4xx_exti.o
 .comment       0x0000007f       0x80 StdPeriph_Driver/src/stm32f4xx_gpio.o
 .comment       0x0000007f       0x80 StdPeriph_Driver/src/stm32f4xx_rcc.o
 .comment       0x0000007f       0x80 StdPeriph_Driver/src/stm32f4xx_syscfg.o
 .comment       0x0000007f       0x80 StdPeriph_Driver/src/stm32f4xx_tim.o
 .comment       0x0000007f       0x80 StdPeriph_Driver/src/stm32f4xx_usart.o
 .comment       0x0000007f       0x80 libs/adc.o
 .comment       0x0000007f       0x80 libs/dac.o
 .comment       0x0000007f       0x80 libs/delay.o
 .comment       0x0000007f       0x80 libs/keys_int.o
 .comment       0x0000007f       0x80 libs/lcd.o
 .comment       0x0000007f       0x80 libs/uart.o
 .comment       0x0000007f       0x80 src/convolution.o
 .comment       0x0000007f       0x80 src/main.o
 .comment       0x0000007f       0x80 src/system_stm32f4xx.o

.debug_frame    0x00000000     0x3594
 .debug_frame   0x00000000       0xd8 StdPeriph_Driver/src/misc.o
 .debug_frame   0x000000d8      0x5ec StdPeriph_Driver/src/stm32f4xx_adc.o
 .debug_frame   0x000006c4      0x2ac StdPeriph_Driver/src/stm32f4xx_dac.o
 .debug_frame   0x00000970      0x148 StdPeriph_Driver/src/stm32f4xx_exti.o
 .debug_frame   0x00000ab8      0x23c StdPeriph_Driver/src/stm32f4xx_gpio.o
 .debug_frame   0x00000cf4      0x83c StdPeriph_Driver/src/stm32f4xx_rcc.o
 .debug_frame   0x00001530      0x11c StdPeriph_Driver/src/stm32f4xx_syscfg.o
 .debug_frame   0x0000164c      0xe54 StdPeriph_Driver/src/stm32f4xx_tim.o
 .debug_frame   0x000024a0      0x490 StdPeriph_Driver/src/stm32f4xx_usart.o
 .debug_frame   0x00002930       0x58 libs/adc.o
 .debug_frame   0x00002988       0x34 libs/dac.o
 .debug_frame   0x000029bc       0xb0 libs/delay.o
 .debug_frame   0x00002a6c       0xb8 libs/keys_int.o
 .debug_frame   0x00002b24      0x1a8 libs/lcd.o
 .debug_frame   0x00002ccc       0xbc libs/uart.o
 .debug_frame   0x00002d88       0xb4 src/convolution.o
 .debug_frame   0x00002e3c       0x6c src/main.o
 .debug_frame   0x00002ea8       0x7c src/system_stm32f4xx.o
 .debug_frame   0x00002f24       0x3c c:/ac6/systemworkbench/plugins/fr.ac6.mcu.externaltools.arm-none.win32_1.17.0.201812190825/tools/compiler/bin/../lib/gcc/arm-none-eabi/7.3.1/../../../../arm-none-eabi/lib/thumb/v7e-m/fpv4-sp/hard\libm.a(lib_a-s_cos.o)
 .debug_frame   0x00002f60       0x3c c:/ac6/systemworkbench/plugins/fr.ac6.mcu.externaltools.arm-none.win32_1.17.0.201812190825/tools/compiler/bin/../lib/gcc/arm-none-eabi/7.3.1/../../../../arm-none-eabi/lib/thumb/v7e-m/fpv4-sp/hard\libm.a(lib_a-s_sin.o)
 .debug_frame   0x00002f9c       0x44 c:/ac6/systemworkbench/plugins/fr.ac6.mcu.externaltools.arm-none.win32_1.17.0.201812190825/tools/compiler/bin/../lib/gcc/arm-none-eabi/7.3.1/../../../../arm-none-eabi/lib/thumb/v7e-m/fpv4-sp/hard\libm.a(lib_a-e_rem_pio2.o)
 .debug_frame   0x00002fe0       0x6c c:/ac6/systemworkbench/plugins/fr.ac6.mcu.externaltools.arm-none.win32_1.17.0.201812190825/tools/compiler/bin/../lib/gcc/arm-none-eabi/7.3.1/../../../../arm-none-eabi/lib/thumb/v7e-m/fpv4-sp/hard\libm.a(lib_a-k_cos.o)
 .debug_frame   0x0000304c       0x58 c:/ac6/systemworkbench/plugins/fr.ac6.mcu.externaltools.arm-none.win32_1.17.0.201812190825/tools/compiler/bin/../lib/gcc/arm-none-eabi/7.3.1/../../../../arm-none-eabi/lib/thumb/v7e-m/fpv4-sp/hard\libm.a(lib_a-k_rem_pio2.o)
 .debug_frame   0x000030a4       0x68 c:/ac6/systemworkbench/plugins/fr.ac6.mcu.externaltools.arm-none.win32_1.17.0.201812190825/tools/compiler/bin/../lib/gcc/arm-none-eabi/7.3.1/../../../../arm-none-eabi/lib/thumb/v7e-m/fpv4-sp/hard\libm.a(lib_a-k_sin.o)
 .debug_frame   0x0000310c       0x20 c:/ac6/systemworkbench/plugins/fr.ac6.mcu.externaltools.arm-none.win32_1.17.0.201812190825/tools/compiler/bin/../lib/gcc/arm-none-eabi/7.3.1/../../../../arm-none-eabi/lib/thumb/v7e-m/fpv4-sp/hard\libm.a(lib_a-s_fabs.o)
 .debug_frame   0x0000312c       0x30 c:/ac6/systemworkbench/plugins/fr.ac6.mcu.externaltools.arm-none.win32_1.17.0.201812190825/tools/compiler/bin/../lib/gcc/arm-none-eabi/7.3.1/../../../../arm-none-eabi/lib/thumb/v7e-m/fpv4-sp/hard\libm.a(lib_a-s_floor.o)
 .debug_frame   0x0000315c       0x2c c:/ac6/systemworkbench/plugins/fr.ac6.mcu.externaltools.arm-none.win32_1.17.0.201812190825/tools/compiler/bin/../lib/gcc/arm-none-eabi/7.3.1/../../../../arm-none-eabi/lib/thumb/v7e-m/fpv4-sp/hard\libm.a(lib_a-s_scalbn.o)
 .debug_frame   0x00003188       0x20 c:/ac6/systemworkbench/plugins/fr.ac6.mcu.externaltools.arm-none.win32_1.17.0.201812190825/tools/compiler/bin/../lib/gcc/arm-none-eabi/7.3.1/../../../../arm-none-eabi/lib/thumb/v7e-m/fpv4-sp/hard\libm.a(lib_a-s_copysign.o)
 .debug_frame   0x000031a8       0xac c:/ac6/systemworkbench/plugins/fr.ac6.mcu.externaltools.arm-none.win32_1.17.0.201812190825/tools/compiler/bin/../lib/gcc/arm-none-eabi/7.3.1/thumb/v7e-m/fpv4-sp/hard\libgcc.a(_arm_addsubdf3.o)
 .debug_frame   0x00003254       0x50 c:/ac6/systemworkbench/plugins/fr.ac6.mcu.externaltools.arm-none.win32_1.17.0.201812190825/tools/compiler/bin/../lib/gcc/arm-none-eabi/7.3.1/thumb/v7e-m/fpv4-sp/hard\libgcc.a(_arm_muldivdf3.o)
 .debug_frame   0x000032a4       0xc4 c:/ac6/systemworkbench/plugins/fr.ac6.mcu.externaltools.arm-none.win32_1.17.0.201812190825/tools/compiler/bin/../lib/gcc/arm-none-eabi/7.3.1/thumb/v7e-m/fpv4-sp/hard\libgcc.a(_arm_cmpdf2.o)
 .debug_frame   0x00003368       0x24 c:/ac6/systemworkbench/plugins/fr.ac6.mcu.externaltools.arm-none.win32_1.17.0.201812190825/tools/compiler/bin/../lib/gcc/arm-none-eabi/7.3.1/thumb/v7e-m/fpv4-sp/hard\libgcc.a(_arm_fixdfsi.o)
 .debug_frame   0x0000338c       0x24 c:/ac6/systemworkbench/plugins/fr.ac6.mcu.externaltools.arm-none.win32_1.17.0.201812190825/tools/compiler/bin/../lib/gcc/arm-none-eabi/7.3.1/thumb/v7e-m/fpv4-sp/hard\libgcc.a(_arm_fixunsdfsi.o)
 .debug_frame   0x000033b0       0x24 c:/ac6/systemworkbench/plugins/fr.ac6.mcu.externaltools.arm-none.win32_1.17.0.201812190825/tools/compiler/bin/../lib/gcc/arm-none-eabi/7.3.1/thumb/v7e-m/fpv4-sp/hard\libgcc.a(_arm_truncdfsf2.o)
 .debug_frame   0x000033d4       0x2c c:/ac6/systemworkbench/plugins/fr.ac6.mcu.externaltools.arm-none.win32_1.17.0.201812190825/tools/compiler/bin/../lib/gcc/arm-none-eabi/7.3.1/../../../../arm-none-eabi/lib/thumb/v7e-m/fpv4-sp/hard\libc.a(lib_a-init.o)
 .debug_frame   0x00003400       0x5c c:/ac6/systemworkbench/plugins/fr.ac6.mcu.externaltools.arm-none.win32_1.17.0.201812190825/tools/compiler/bin/../lib/gcc/arm-none-eabi/7.3.1/../../../../arm-none-eabi/lib/thumb/v7e-m/fpv4-sp/hard\libc.a(lib_a-__call_atexit.o)
 .debug_frame   0x0000345c       0x20 c:/ac6/systemworkbench/plugins/fr.ac6.mcu.externaltools.arm-none.win32_1.17.0.201812190825/tools/compiler/bin/../lib/gcc/arm-none-eabi/7.3.1/../../../../arm-none-eabi/lib/thumb/v7e-m/fpv4-sp/hard\libc.a(lib_a-atexit.o)
 .debug_frame   0x0000347c       0x34 c:/ac6/systemworkbench/plugins/fr.ac6.mcu.externaltools.arm-none.win32_1.17.0.201812190825/tools/compiler/bin/../lib/gcc/arm-none-eabi/7.3.1/../../../../arm-none-eabi/lib/thumb/v7e-m/fpv4-sp/hard\libc.a(lib_a-fini.o)
 .debug_frame   0x000034b0       0xb0 c:/ac6/systemworkbench/plugins/fr.ac6.mcu.externaltools.arm-none.win32_1.17.0.201812190825/tools/compiler/bin/../lib/gcc/arm-none-eabi/7.3.1/../../../../arm-none-eabi/lib/thumb/v7e-m/fpv4-sp/hard\libc.a(lib_a-lock.o)
 .debug_frame   0x00003560       0x34 c:/ac6/systemworkbench/plugins/fr.ac6.mcu.externaltools.arm-none.win32_1.17.0.201812190825/tools/compiler/bin/../lib/gcc/arm-none-eabi/7.3.1/../../../../arm-none-eabi/lib/thumb/v7e-m/fpv4-sp/hard\libc.a(lib_a-__atexit.o)
